../Core/Src/main.c:160:6:SystemClock_Config	96	static,ignoring_inline_asm
../Core/Src/main.c:88:5:main	64	static,ignoring_inline_asm
../Core/Src/main.c:484:6:HAL_ADC_ConvCpltCallback	0	static
../Core/Src/main.c:496:9:digital_read	20	static
../Core/Src/main.c:510:6:digital_write	12	static
../Core/Src/main.c:561:6:intArrayToString	32	static
../Core/Src/main.c:613:10:calcular_crc8	8	static
../Core/Src/main.c:573:6:stream_send	24	static
../Core/Src/main.c:526:6:HAL_TIM_PeriodElapsedCallback	8	static
../Core/Src/main.c:646:6:HAL_UART_RxCpltCallback	4	static
../Core/Src/main.c:670:6:Error_Handler	0	static,ignoring_inline_asm
