../Core/Src/main.c:99:5:main	8	static
../Core/Src/main.c:164:6:SystemClock_Config	88	static
../Core/Src/main.c:211:13:MX_ADC1_Init	24	static
../Core/Src/main.c:321:13:MX_TIM2_Init	64	static
../Core/Src/main.c:384:13:MX_TIM3_Init	32	static
../Core/Src/main.c:429:13:MX_USART1_UART_Init	8	static
../Core/Src/main.c:460:13:MX_DMA_Init	16	static
../Core/Src/main.c:478:13:MX_GPIO_Init	40	static
../Core/Src/main.c:540:6:HAL_ADC_ConvCpltCallback	16	static
../Core/Src/main.c:552:6:HAL_TIM_PeriodElapsedCallback	16	static
../Core/Src/main.c:592:6:HAL_UART_RxCpltCallback	16	static
../Core/Src/main.c:620:6:Error_Handler	4	static,ignoring_inline_asm
