../Core/Librerias/printf_out.h:10:5:__io_putchar	16	static
../Core/Src/main.c:38:5:main	8	static
../Core/Src/main.c:64:6:generateFrameTx	8	static
../Core/Src/main.c:103:6:sweepMux	16	static
../Core/Src/main.c:116:6:HAL_UART_RxCpltCallback	24	static
../Core/Src/main.c:139:9:digital_read	16	static
../Core/Src/main.c:154:6:digital_write	16	static
../Core/Src/main.c:167:9:codeCRC8	24	static
../Core/Src/main.c:189:6:SystemClock_Config	88	static
../Core/Src/main.c:224:6:Error_Handler	4	static,ignoring_inline_asm
