Archive member included to satisfy reference by file (symbol)

X:/ELECTRONICA/ST/STM32CubeIDE_1.13.1/STM32CubeIDE/plugins/com.st.stm32cube.ide.mcu.externaltools.gnu-tools-for-stm32.11.3.rel1.win32_1.1.1.202309131626/tools/bin/../lib/gcc/arm-none-eabi/11.3.1/../../../../arm-none-eabi/lib/thumb/v7-m/nofp\libc_nano.a(libc_a-exit.o)
                              X:/ELECTRONICA/ST/STM32CubeIDE_1.13.1/STM32CubeIDE/plugins/com.st.stm32cube.ide.mcu.externaltools.gnu-tools-for-stm32.11.3.rel1.win32_1.1.1.202309131626/tools/bin/../lib/gcc/arm-none-eabi/11.3.1/../../../../arm-none-eabi/lib/thumb/v7-m/nofp/crt0.o (exit)
X:/ELECTRONICA/ST/STM32CubeIDE_1.13.1/STM32CubeIDE/plugins/com.st.stm32cube.ide.mcu.externaltools.gnu-tools-for-stm32.11.3.rel1.win32_1.1.1.202309131626/tools/bin/../lib/gcc/arm-none-eabi/11.3.1/../../../../arm-none-eabi/lib/thumb/v7-m/nofp\libc_nano.a(libc_a-findfp.o)
                              X:/ELECTRONICA/ST/STM32CubeIDE_1.13.1/STM32CubeIDE/plugins/com.st.stm32cube.ide.mcu.externaltools.gnu-tools-for-stm32.11.3.rel1.win32_1.1.1.202309131626/tools/bin/../lib/gcc/arm-none-eabi/11.3.1/../../../../arm-none-eabi/lib/thumb/v7-m/nofp\libc_nano.a(libc_a-exit.o) (__stdio_exit_handler)
X:/ELECTRONICA/ST/STM32CubeIDE_1.13.1/STM32CubeIDE/plugins/com.st.stm32cube.ide.mcu.externaltools.gnu-tools-for-stm32.11.3.rel1.win32_1.1.1.202309131626/tools/bin/../lib/gcc/arm-none-eabi/11.3.1/../../../../arm-none-eabi/lib/thumb/v7-m/nofp\libc_nano.a(libc_a-fwalk.o)
                              X:/ELECTRONICA/ST/STM32CubeIDE_1.13.1/STM32CubeIDE/plugins/com.st.stm32cube.ide.mcu.externaltools.gnu-tools-for-stm32.11.3.rel1.win32_1.1.1.202309131626/tools/bin/../lib/gcc/arm-none-eabi/11.3.1/../../../../arm-none-eabi/lib/thumb/v7-m/nofp\libc_nano.a(libc_a-findfp.o) (_fwalk_sglue)
X:/ELECTRONICA/ST/STM32CubeIDE_1.13.1/STM32CubeIDE/plugins/com.st.stm32cube.ide.mcu.externaltools.gnu-tools-for-stm32.11.3.rel1.win32_1.1.1.202309131626/tools/bin/../lib/gcc/arm-none-eabi/11.3.1/../../../../arm-none-eabi/lib/thumb/v7-m/nofp\libc_nano.a(libc_a-printf.o)
                              ./Core/Src/main.o (printf)
X:/ELECTRONICA/ST/STM32CubeIDE_1.13.1/STM32CubeIDE/plugins/com.st.stm32cube.ide.mcu.externaltools.gnu-tools-for-stm32.11.3.rel1.win32_1.1.1.202309131626/tools/bin/../lib/gcc/arm-none-eabi/11.3.1/../../../../arm-none-eabi/lib/thumb/v7-m/nofp\libc_nano.a(libc_a-stdio.o)
                              X:/ELECTRONICA/ST/STM32CubeIDE_1.13.1/STM32CubeIDE/plugins/com.st.stm32cube.ide.mcu.externaltools.gnu-tools-for-stm32.11.3.rel1.win32_1.1.1.202309131626/tools/bin/../lib/gcc/arm-none-eabi/11.3.1/../../../../arm-none-eabi/lib/thumb/v7-m/nofp\libc_nano.a(libc_a-findfp.o) (__sread)
X:/ELECTRONICA/ST/STM32CubeIDE_1.13.1/STM32CubeIDE/plugins/com.st.stm32cube.ide.mcu.externaltools.gnu-tools-for-stm32.11.3.rel1.win32_1.1.1.202309131626/tools/bin/../lib/gcc/arm-none-eabi/11.3.1/../../../../arm-none-eabi/lib/thumb/v7-m/nofp\libc_nano.a(libc_a-memset.o)
                              X:/ELECTRONICA/ST/STM32CubeIDE_1.13.1/STM32CubeIDE/plugins/com.st.stm32cube.ide.mcu.externaltools.gnu-tools-for-stm32.11.3.rel1.win32_1.1.1.202309131626/tools/bin/../lib/gcc/arm-none-eabi/11.3.1/../../../../arm-none-eabi/lib/thumb/v7-m/nofp/crt0.o (memset)
X:/ELECTRONICA/ST/STM32CubeIDE_1.13.1/STM32CubeIDE/plugins/com.st.stm32cube.ide.mcu.externaltools.gnu-tools-for-stm32.11.3.rel1.win32_1.1.1.202309131626/tools/bin/../lib/gcc/arm-none-eabi/11.3.1/../../../../arm-none-eabi/lib/thumb/v7-m/nofp\libc_nano.a(libc_a-closer.o)
                              X:/ELECTRONICA/ST/STM32CubeIDE_1.13.1/STM32CubeIDE/plugins/com.st.stm32cube.ide.mcu.externaltools.gnu-tools-for-stm32.11.3.rel1.win32_1.1.1.202309131626/tools/bin/../lib/gcc/arm-none-eabi/11.3.1/../../../../arm-none-eabi/lib/thumb/v7-m/nofp\libc_nano.a(libc_a-stdio.o) (_close_r)
X:/ELECTRONICA/ST/STM32CubeIDE_1.13.1/STM32CubeIDE/plugins/com.st.stm32cube.ide.mcu.externaltools.gnu-tools-for-stm32.11.3.rel1.win32_1.1.1.202309131626/tools/bin/../lib/gcc/arm-none-eabi/11.3.1/../../../../arm-none-eabi/lib/thumb/v7-m/nofp\libc_nano.a(libc_a-reent.o)
                              X:/ELECTRONICA/ST/STM32CubeIDE_1.13.1/STM32CubeIDE/plugins/com.st.stm32cube.ide.mcu.externaltools.gnu-tools-for-stm32.11.3.rel1.win32_1.1.1.202309131626/tools/bin/../lib/gcc/arm-none-eabi/11.3.1/../../../../arm-none-eabi/lib/thumb/v7-m/nofp\libc_nano.a(libc_a-closer.o) (errno)
X:/ELECTRONICA/ST/STM32CubeIDE_1.13.1/STM32CubeIDE/plugins/com.st.stm32cube.ide.mcu.externaltools.gnu-tools-for-stm32.11.3.rel1.win32_1.1.1.202309131626/tools/bin/../lib/gcc/arm-none-eabi/11.3.1/../../../../arm-none-eabi/lib/thumb/v7-m/nofp\libc_nano.a(libc_a-impure.o)
                              X:/ELECTRONICA/ST/STM32CubeIDE_1.13.1/STM32CubeIDE/plugins/com.st.stm32cube.ide.mcu.externaltools.gnu-tools-for-stm32.11.3.rel1.win32_1.1.1.202309131626/tools/bin/../lib/gcc/arm-none-eabi/11.3.1/../../../../arm-none-eabi/lib/thumb/v7-m/nofp\libc_nano.a(libc_a-printf.o) (_impure_ptr)
[...]
Memory Configuration

Name             Origin             Length             Attributes
RAM              0x0000000020000000 0x0000000000005000 xrw
FLASH            0x0000000008000000 0x0000000000010000 xr
*default*        0x0000000000000000 0xffffffffffffffff

Linker script and memory map

LOAD X:/ELECTRONICA/ST/STM32CubeIDE_1.13.1/STM32CubeIDE/plugins/com.st.stm32cube.ide.mcu.externaltools.gnu-tools-for-stm32.11.3.rel1.win32_1.1.1.202309131626/tools/bin/../lib/gcc/arm-none-eabi/11.3.1/thumb/v7-m/nofp/crti.o
LOAD X:/ELECTRONICA/ST/STM32CubeIDE_1.13.1/STM32CubeIDE/plugins/com.st.stm32cube.ide.mcu.externaltools.gnu-tools-for-stm32.11.3.rel1.win32_1.1.1.202309131626/tools/bin/../lib/gcc/arm-none-eabi/11.3.1/thumb/v7-m/nofp/crtbegin.o
LOAD X:/ELECTRONICA/ST/STM32CubeIDE_1.13.1/STM32CubeIDE/plugins/com.st.stm32cube.ide.mcu.externaltools.gnu-tools-for-stm32.11.3.rel1.win32_1.1.1.202309131626/tools/bin/../lib/gcc/arm-none-eabi/11.3.1/../../../../arm-none-eabi/lib/thumb/v7-m/nofp/crt0.o
LOAD ./Core/Librerias/My_adc.o
LOAD ./Core/Librerias/My_uart.o
LOAD ./Core/Src/adc.o
LOAD ./Core/Src/dma.o
LOAD ./Core/Src/gpio.o
LOAD ./Core/Src/main.o
LOAD ./Core/Src/stm32f1xx_hal_msp.o
LOAD ./Core/Src/stm32f1xx_it.o
LOAD ./Core/Src/syscalls.o
LOAD ./Core/Src/sysmem.o
LOAD ./Core/Src/system_stm32f1xx.o
LOAD ./Core/Src/usart.o
LOAD ./Core/Startup/startup_stm32f103c8tx.o
LOAD ./Drivers/STM32F1xx_HAL_Driver/Src/stm32f1xx_hal.o
LOAD ./Drivers/STM32F1xx_HAL_Driver/Src/stm32f1xx_hal_adc.o
LOAD ./Drivers/STM32F1xx_HAL_Driver/Src/stm32f1xx_hal_adc_ex.o
LOAD ./Drivers/STM32F1xx_HAL_Driver/Src/stm32f1xx_hal_cortex.o
LOAD ./Drivers/STM32F1xx_HAL_Driver/Src/stm32f1xx_hal_dma.o
LOAD ./Drivers/STM32F1xx_HAL_Driver/Src/stm32f1xx_hal_exti.o
LOAD ./Drivers/STM32F1xx_HAL_Driver/Src/stm32f1xx_hal_flash.o
LOAD ./Drivers/STM32F1xx_HAL_Driver/Src/stm32f1xx_hal_flash_ex.o
LOAD ./Drivers/STM32F1xx_HAL_Driver/Src/stm32f1xx_hal_gpio.o
LOAD ./Drivers/STM32F1xx_HAL_Driver/Src/stm32f1xx_hal_gpio_ex.o
LOAD ./Drivers/STM32F1xx_HAL_Driver/Src/stm32f1xx_hal_pwr.o
LOAD ./Drivers/STM32F1xx_HAL_Driver/Src/stm32f1xx_hal_rcc.o
LOAD ./Drivers/STM32F1xx_HAL_Driver/Src/stm32f1xx_hal_rcc_ex.o
LOAD ./Drivers/STM32F1xx_HAL_Driver/Src/stm32f1xx_hal_tim.o
LOAD ./Drivers/STM32F1xx_HAL_Driver/Src/stm32f1xx_hal_tim_ex.o
LOAD ./Drivers/STM32F1xx_HAL_Driver/Src/stm32f1xx_hal_uart.o
START GROUP
LOAD X:/ELECTRONICA/ST/STM32CubeIDE_1.13.1/STM32CubeIDE/plugins/com.st.stm32cube.ide.mcu.externaltools.gnu-tools-for-stm32.11.3.rel1.win32_1.1.1.202309131626/tools/bin/../lib/gcc/arm-none-eabi/11.3.1/../../../../arm-none-eabi/lib/thumb/v7-m/nofp\libc_nano.a
LOAD X:/ELECTRONICA/ST/STM32CubeIDE_1.13.1/STM32CubeIDE/plugins/com.st.stm32cube.ide.mcu.externaltools.gnu-tools-for-stm32.11.3.rel1.win32_1.1.1.202309131626/tools/bin/../lib/gcc/arm-none-eabi/11.3.1/../../../../arm-none-eabi/lib/thumb/v7-m/nofp\libm.a
END GROUP
START GROUP
LOAD X:/ELECTRONICA/ST/STM32CubeIDE_1.13.1/STM32CubeIDE/plugins/com.st.stm32cube.ide.mcu.externaltools.gnu-tools-for-stm32.11.3.rel1.win32_1.1.1.202309131626/tools/bin/../lib/gcc/arm-none-eabi/11.3.1/thumb/v7-m/nofp\libgcc.a
LOAD X:/ELECTRONICA/ST/STM32CubeIDE_1.13.1/STM32CubeIDE/plugins/com.st.stm32cube.ide.mcu.externaltools.gnu-tools-for-stm32.11.3.rel1.win32_1.1.1.202309131626/tools/bin/../lib/gcc/arm-none-eabi/11.3.1/../../../../arm-none-eabi/lib/thumb/v7-m/nofp\libc_nano.a
END GROUP
START GROUP
LOAD X:/ELECTRONICA/ST/STM32CubeIDE_1.13.1/STM32CubeIDE/plugins/com.st.stm32cube.ide.mcu.externaltools.gnu-tools-for-stm32.11.3.rel1.win32_1.1.1.202309131626/tools/bin/../lib/gcc/arm-none-eabi/11.3.1/thumb/v7-m/nofp\libgcc.a
LOAD X:/ELECTRONICA/ST/STM32CubeIDE_1.13.1/STM32CubeIDE/plugins/com.st.stm32cube.ide.mcu.externaltools.gnu-tools-for-stm32.11.3.rel1.win32_1.1.1.202309131626/tools/bin/../lib/gcc/arm-none-eabi/11.3.1/../../../../arm-none-eabi/lib/thumb/v7-m/nofp\libc_nano.a
LOAD X:/ELECTRONICA/ST/STM32CubeIDE_1.13.1/STM32CubeIDE/plugins/com.st.stm32cube.ide.mcu.externaltools.gnu-tools-for-stm32.11.3.rel1.win32_1.1.1.202309131626/tools/bin/../lib/gcc/arm-none-eabi/11.3.1/../../../../arm-none-eabi/lib/thumb/v7-m/nofp\libnosys.a
END GROUP
START GROUP
LOAD X:/ELECTRONICA/ST/STM32CubeIDE_1.13.1/STM32CubeIDE/plugins/com.st.stm32cube.ide.mcu.externaltools.gnu-tools-for-stm32.11.3.rel1.win32_1.1.1.202309131626/tools/bin/../lib/gcc/arm-none-eabi/11.3.1/thumb/v7-m/nofp\libgcc.a
LOAD X:/ELECTRONICA/ST/STM32CubeIDE_1.13.1/STM32CubeIDE/plugins/com.st.stm32cube.ide.mcu.externaltools.gnu-tools-for-stm32.11.3.rel1.win32_1.1.1.202309131626/tools/bin/../lib/gcc/arm-none-eabi/11.3.1/../../../../arm-none-eabi/lib/thumb/v7-m/nofp\libc_nano.a
LOAD X:/ELECTRONICA/ST/STM32CubeIDE_1.13.1/STM32CubeIDE/plugins/com.st.stm32cube.ide.mcu.externaltools.gnu-tools-for-stm32.11.3.rel1.win32_1.1.1.202309131626/tools/bin/../lib/gcc/arm-none-eabi/11.3.1/../../../../arm-none-eabi/lib/thumb/v7-m/nofp\libnosys.a
END GROUP
LOAD X:/ELECTRONICA/ST/STM32CubeIDE_1.13.1/STM32CubeIDE/plugins/com.st.stm32cube.ide.mcu.externaltools.gnu-tools-for-stm32.11.3.rel1.win32_1.1.1.202309131626/tools/bin/../lib/gcc/arm-none-eabi/11.3.1/thumb/v7-m/nofp/crtend.o
LOAD X:/ELECTRONICA/ST/STM32CubeIDE_1.13.1/STM32CubeIDE/plugins/com.st.stm32cube.ide.mcu.externaltools.gnu-tools-for-stm32.11.3.rel1.win32_1.1.1.202309131626/tools/bin/../lib/gcc/arm-none-eabi/11.3.1/thumb/v7-m/nofp/crtn.o
                0x0000000020005000                _estack = (ORIGIN (RAM) + LENGTH (RAM))
                0x0000000000000200                _Min_Heap_Size = 0x200
                0x0000000000000400                _Min_Stack_Size = 0x400

.isr_vector     0x0000000008000000      0x10c
                0x0000000008000000                . = ALIGN (0x4)
 *(.isr_vector)
 .isr_vector    0x0000000008000000      0x10c ./Core/Startup/startup_stm32f103c8tx.o
                0x0000000008000000                g_pfnVectors
                0x000000000800010c                . = ALIGN (0x4)

.text           0x000000000800010c     0x3898
                0x000000000800010c                . = ALIGN (0x4)
 *(.text)
 .text          0x000000000800010c       0x40 X:/ELECTRONICA/ST/STM32CubeIDE_1.13.1/STM32CubeIDE/plugins/com.st.stm32cube.ide.mcu.externaltools.gnu-tools-for-stm32.11.3.rel1.win32_1.1.1.202309131626/tools/bin/../lib/gcc/arm-none-eabi/11.3.1/thumb/v7-m/nofp/crtbegin.o
 *(.text*)
 .text.ADC_Read
                0x000000000800014c       0x24 ./Core/Librerias/My_adc.o
                0x000000000800014c                ADC_Read
 .text.MX_ADC1_Init
                0x0000000008000170       0x7c ./Core/Src/adc.o
                0x0000000008000170                MX_ADC1_Init
 .text.HAL_ADC_MspInit
                0x00000000080001ec       0x88 ./Core/Src/adc.o
                0x00000000080001ec                HAL_ADC_MspInit
 .text.MX_GPIO_Init
                0x0000000008000274       0x94 ./Core/Src/gpio.o
                0x0000000008000274                MX_GPIO_Init
 .text.__io_putchar
                0x0000000008000308       0x24 ./Core/Src/main.o
                0x0000000008000308                __io_putchar
 .text.main     0x000000000800032c      0x1a8 ./Core/Src/main.o
                0x000000000800032c                main
 .text.SystemClock_Config
                0x00000000080004d4       0xb6 ./Core/Src/main.o
                0x00000000080004d4                SystemClock_Config
 .text.Error_Handler
                0x000000000800058a        0xa ./Core/Src/main.o
                0x000000000800058a                Error_Handler
 .text.HAL_MspInit
                0x0000000008000594       0x64 ./Core/Src/stm32f1xx_hal_msp.o
                0x0000000008000594                HAL_MspInit
 .text.NMI_Handler
                0x00000000080005f8        0x6 ./Core/Src/stm32f1xx_it.o
                0x00000000080005f8                NMI_Handler
 .text.HardFault_Handler
                0x00000000080005fe        0x6 ./Core/Src/stm32f1xx_it.o
                0x00000000080005fe                HardFault_Handler
 .text.MemManage_Handler
                0x0000000008000604        0x6 ./Core/Src/stm32f1xx_it.o
                0x0000000008000604                MemManage_Handler
 .text.BusFault_Handler
                0x000000000800060a        0x6 ./Core/Src/stm32f1xx_it.o
                0x000000000800060a                BusFault_Handler
 .text.UsageFault_Handler
                0x0000000008000610        0x6 ./Core/Src/stm32f1xx_it.o
                0x0000000008000610                UsageFault_Handler
 .text.SVC_Handler
                0x0000000008000616        0xc ./Core/Src/stm32f1xx_it.o
                0x0000000008000616                SVC_Handler
 .text.DebugMon_Handler
                0x0000000008000622        0xc ./Core/Src/stm32f1xx_it.o
                0x0000000008000622                DebugMon_Handler
 .text.PendSV_Handler
                0x000000000800062e        0xc ./Core/Src/stm32f1xx_it.o
                0x000000000800062e                PendSV_Handler
 .text.SysTick_Handler
                0x000000000800063a        0xc ./Core/Src/stm32f1xx_it.o
                0x000000000800063a                SysTick_Handler
 *fill*         0x0000000008000646        0x2 
 .text.DMA1_Channel4_IRQHandler
                0x0000000008000648       0x14 ./Core/Src/stm32f1xx_it.o
                0x0000000008000648                DMA1_Channel4_IRQHandler
 .text.ADC1_2_IRQHandler
                0x000000000800065c       0x14 ./Core/Src/stm32f1xx_it.o
                0x000000000800065c                ADC1_2_IRQHandler
 .text._read    0x0000000008000670       0x3a ./Core/Src/syscalls.o
                0x0000000008000670                _read
 .text._write   0x00000000080006aa       0x38 ./Core/Src/syscalls.o
                0x00000000080006aa                _write
 .text._close   0x00000000080006e2       0x16 ./Core/Src/syscalls.o
                0x00000000080006e2                _close
 .text._fstat   0x00000000080006f8       0x1e ./Core/Src/syscalls.o
                0x00000000080006f8                _fstat
 .text._isatty  0x0000000008000716       0x14 ./Core/Src/syscalls.o
                0x0000000008000716                _isatty
 .text._lseek   0x000000000800072a       0x18 ./Core/Src/syscalls.o
                0x000000000800072a                _lseek
 *fill*         0x0000000008000742        0x2 
 .text._sbrk    0x0000000008000744       0x6c ./Core/Src/sysmem.o
                0x0000000008000744                _sbrk
 .text.SystemInit
                0x00000000080007b0        0xc ./Core/Src/system_stm32f1xx.o
                0x00000000080007b0                SystemInit
 .text.MX_USART1_UART_Init
                0x00000000080007bc       0x54 ./Core/Src/usart.o
                0x00000000080007bc                MX_USART1_UART_Init
 .text.HAL_UART_MspInit
                0x0000000008000810       0xec ./Core/Src/usart.o
                0x0000000008000810                HAL_UART_MspInit
 .text.Reset_Handler
                0x00000000080008fc       0x48 ./Core/Startup/startup_stm32f103c8tx.o
                0x00000000080008fc                Reset_Handler
 .text.Default_Handler
                0x0000000008000944        0x2 ./Core/Startup/startup_stm32f103c8tx.o
                0x0000000008000944                RTC_Alarm_IRQHandler
                0x0000000008000944                EXTI2_IRQHandler
                0x0000000008000944                TIM1_CC_IRQHandler
                0x0000000008000944                PVD_IRQHandler
                0x0000000008000944                EXTI3_IRQHandler
                0x0000000008000944                EXTI0_IRQHandler
                0x0000000008000944                I2C2_EV_IRQHandler
                0x0000000008000944                SPI1_IRQHandler
                0x0000000008000944                TAMPER_IRQHandler
                0x0000000008000944                USART3_IRQHandler
                0x0000000008000944                RTC_IRQHandler
                0x0000000008000944                DMA1_Channel7_IRQHandler
                0x0000000008000944                CAN1_RX1_IRQHandler
                0x0000000008000944                TIM4_IRQHandler
                0x0000000008000944                I2C1_EV_IRQHandler
                0x0000000008000944                DMA1_Channel6_IRQHandler
                0x0000000008000944                TIM3_IRQHandler
                0x0000000008000944                RCC_IRQHandler
                0x0000000008000944                TIM1_TRG_COM_IRQHandler
                0x0000000008000944                DMA1_Channel1_IRQHandler
                0x0000000008000944                Default_Handler
                0x0000000008000944                EXTI15_10_IRQHandler
                0x0000000008000944                EXTI9_5_IRQHandler
                0x0000000008000944                SPI2_IRQHandler
                0x0000000008000944                DMA1_Channel5_IRQHandler
                0x0000000008000944                EXTI4_IRQHandler
                0x0000000008000944                USB_LP_CAN1_RX0_IRQHandler
                0x0000000008000944                USB_HP_CAN1_TX_IRQHandler
                0x0000000008000944                DMA1_Channel3_IRQHandler
                0x0000000008000944                TIM1_UP_IRQHandler
                0x0000000008000944                WWDG_IRQHandler
                0x0000000008000944                TIM2_IRQHandler
                0x0000000008000944                TIM1_BRK_IRQHandler
                0x0000000008000944                EXTI1_IRQHandler
                0x0000000008000944                USART2_IRQHandler
                0x0000000008000944                I2C2_ER_IRQHandler
                0x0000000008000944                DMA1_Channel2_IRQHandler
                0x0000000008000944                CAN1_SCE_IRQHandler
                0x0000000008000944                FLASH_IRQHandler
                0x0000000008000944                USART1_IRQHandler
                0x0000000008000944                I2C1_ER_IRQHandler
                0x0000000008000944                USBWakeUp_IRQHandler
 *fill*         0x0000000008000946        0x2 
 .text.HAL_Init
                0x0000000008000948       0x2c ./Drivers/STM32F1xx_HAL_Driver/Src/stm32f1xx_hal.o
                0x0000000008000948                HAL_Init
 .text.HAL_InitTick
                0x0000000008000974       0x60 ./Drivers/STM32F1xx_HAL_Driver/Src/stm32f1xx_hal.o
                0x0000000008000974                HAL_InitTick
 .text.HAL_IncTick
                0x00000000080009d4       0x24 ./Drivers/STM32F1xx_HAL_Driver/Src/stm32f1xx_hal.o
                0x00000000080009d4                HAL_IncTick
 .text.HAL_GetTick
                0x00000000080009f8       0x14 ./Drivers/STM32F1xx_HAL_Driver/Src/stm32f1xx_hal.o
                0x00000000080009f8                HAL_GetTick
 .text.HAL_Delay
                0x0000000008000a0c       0x48 ./Drivers/STM32F1xx_HAL_Driver/Src/stm32f1xx_hal.o
                0x0000000008000a0c                HAL_Delay
 .text.HAL_ADC_Init
                0x0000000008000a54      0x1b0 ./Drivers/STM32F1xx_HAL_Driver/Src/stm32f1xx_hal_adc.o
                0x0000000008000a54                HAL_ADC_Init
 .text.HAL_ADC_Start
                0x0000000008000c04      0x15c ./Drivers/STM32F1xx_HAL_Driver/Src/stm32f1xx_hal_adc.o
                0x0000000008000c04                HAL_ADC_Start
 .text.HAL_ADC_PollForConversion
                0x0000000008000d60      0x20c ./Drivers/STM32F1xx_HAL_Driver/Src/stm32f1xx_hal_adc.o
                0x0000000008000d60                HAL_ADC_PollForConversion
 .text.HAL_ADC_GetValue
                0x0000000008000f6c       0x18 ./Drivers/STM32F1xx_HAL_Driver/Src/stm32f1xx_hal_adc.o
                0x0000000008000f6c                HAL_ADC_GetValue
 .text.HAL_ADC_IRQHandler
                0x0000000008000f84      0x17e ./Drivers/STM32F1xx_HAL_Driver/Src/stm32f1xx_hal_adc.o
                0x0000000008000f84                HAL_ADC_IRQHandler
 .text.HAL_ADC_ConvCpltCallback
                0x0000000008001102       0x12 ./Drivers/STM32F1xx_HAL_Driver/Src/stm32f1xx_hal_adc.o
                0x0000000008001102                HAL_ADC_ConvCpltCallback
 .text.HAL_ADC_LevelOutOfWindowCallback
                0x0000000008001114       0x12 ./Drivers/STM32F1xx_HAL_Driver/Src/stm32f1xx_hal_adc.o
                0x0000000008001114                HAL_ADC_LevelOutOfWindowCallback
 *fill*         0x0000000008001126        0x2 
 .text.HAL_ADC_ConfigChannel
                0x0000000008001128      0x1f0 ./Drivers/STM32F1xx_HAL_Driver/Src/stm32f1xx_hal_adc.o
                0x0000000008001128                HAL_ADC_ConfigChannel
 .text.ADC_Enable
                0x0000000008001318       0xb4 ./Drivers/STM32F1xx_HAL_Driver/Src/stm32f1xx_hal_adc.o
                0x0000000008001318                ADC_Enable
 .text.ADC_ConversionStop_Disable
                0x00000000080013cc       0x82 ./Drivers/STM32F1xx_HAL_Driver/Src/stm32f1xx_hal_adc.o
                0x00000000080013cc                ADC_ConversionStop_Disable
 .text.HAL_ADCEx_InjectedConvCpltCallback
                0x000000000800144e       0x12 ./Drivers/STM32F1xx_HAL_Driver/Src/stm32f1xx_hal_adc_ex.o
                0x000000000800144e                HAL_ADCEx_InjectedConvCpltCallback
 .text.__NVIC_SetPriorityGrouping
                0x0000000008001460       0x48 ./Drivers/STM32F1xx_HAL_Driver/Src/stm32f1xx_hal_cortex.o
 .text.__NVIC_GetPriorityGrouping
                0x00000000080014a8       0x1c ./Drivers/STM32F1xx_HAL_Driver/Src/stm32f1xx_hal_cortex.o
 .text.__NVIC_EnableIRQ
                0x00000000080014c4       0x38 ./Drivers/STM32F1xx_HAL_Driver/Src/stm32f1xx_hal_cortex.o
 .text.__NVIC_SetPriority
                0x00000000080014fc       0x54 ./Drivers/STM32F1xx_HAL_Driver/Src/stm32f1xx_hal_cortex.o
 .text.NVIC_EncodePriority
                0x0000000008001550       0x64 ./Drivers/STM32F1xx_HAL_Driver/Src/stm32f1xx_hal_cortex.o
 .text.SysTick_Config
                0x00000000080015b4       0x44 ./Drivers/STM32F1xx_HAL_Driver/Src/stm32f1xx_hal_cortex.o
 .text.HAL_NVIC_SetPriorityGrouping
                0x00000000080015f8       0x16 ./Drivers/STM32F1xx_HAL_Driver/Src/stm32f1xx_hal_cortex.o
                0x00000000080015f8                HAL_NVIC_SetPriorityGrouping
 .text.HAL_NVIC_SetPriority
                0x000000000800160e       0x38 ./Drivers/STM32F1xx_HAL_Driver/Src/stm32f1xx_hal_cortex.o
                0x000000000800160e                HAL_NVIC_SetPriority
 .text.HAL_NVIC_EnableIRQ
                0x0000000008001646       0x1c ./Drivers/STM32F1xx_HAL_Driver/Src/stm32f1xx_hal_cortex.o
                0x0000000008001646                HAL_NVIC_EnableIRQ
 .text.HAL_SYSTICK_Config
                0x0000000008001662       0x18 ./Drivers/STM32F1xx_HAL_Driver/Src/stm32f1xx_hal_cortex.o
                0x0000000008001662                HAL_SYSTICK_Config
 *fill*         0x000000000800167a        0x2 
 .text.HAL_DMA_Init
                0x000000000800167c       0xb4 ./Drivers/STM32F1xx_HAL_Driver/Src/stm32f1xx_hal_dma.o
                0x000000000800167c                HAL_DMA_Init
 .text.HAL_DMA_IRQHandler
                0x0000000008001730      0x20c ./Drivers/STM32F1xx_HAL_Driver/Src/stm32f1xx_hal_dma.o
                0x0000000008001730                HAL_DMA_IRQHandler
 .text.HAL_GPIO_Init
                0x000000000800193c      0x308 ./Drivers/STM32F1xx_HAL_Driver/Src/stm32f1xx_hal_gpio.o
                0x000000000800193c                HAL_GPIO_Init
 .text.HAL_GPIO_WritePin
                0x0000000008001c44       0x30 ./Drivers/STM32F1xx_HAL_Driver/Src/stm32f1xx_hal_gpio.o
                0x0000000008001c44                HAL_GPIO_WritePin
 .text.HAL_RCC_OscConfig
                0x0000000008001c74      0x504 ./Drivers/STM32F1xx_HAL_Driver/Src/stm32f1xx_hal_rcc.o
                0x0000000008001c74                HAL_RCC_OscConfig
 .text.HAL_RCC_ClockConfig
                0x0000000008002178      0x1d4 ./Drivers/STM32F1xx_HAL_Driver/Src/stm32f1xx_hal_rcc.o
                0x0000000008002178                HAL_RCC_ClockConfig
 .text.HAL_RCC_GetSysClockFreq
                0x000000000800234c       0xa8 ./Drivers/STM32F1xx_HAL_Driver/Src/stm32f1xx_hal_rcc.o
                0x000000000800234c                HAL_RCC_GetSysClockFreq
 .text.HAL_RCC_GetHCLKFreq
                0x00000000080023f4       0x14 ./Drivers/STM32F1xx_HAL_Driver/Src/stm32f1xx_hal_rcc.o
                0x00000000080023f4                HAL_RCC_GetHCLKFreq
 .text.HAL_RCC_GetPCLK1Freq
                0x0000000008002408       0x28 ./Drivers/STM32F1xx_HAL_Driver/Src/stm32f1xx_hal_rcc.o
                0x0000000008002408                HAL_RCC_GetPCLK1Freq
 .text.HAL_RCC_GetPCLK2Freq
                0x0000000008002430       0x28 ./Drivers/STM32F1xx_HAL_Driver/Src/stm32f1xx_hal_rcc.o
                0x0000000008002430                HAL_RCC_GetPCLK2Freq
 .text.RCC_Delay
                0x0000000008002458       0x3c ./Drivers/STM32F1xx_HAL_Driver/Src/stm32f1xx_hal_rcc.o
 .text.HAL_RCCEx_PeriphCLKConfig
                0x0000000008002494      0x16c ./Drivers/STM32F1xx_HAL_Driver/Src/stm32f1xx_hal_rcc_ex.o
                0x0000000008002494                HAL_RCCEx_PeriphCLKConfig
 .text.HAL_RCCEx_GetPeriphCLKFreq
                0x0000000008002600      0x16c ./Drivers/STM32F1xx_HAL_Driver/Src/stm32f1xx_hal_rcc_ex.o
                0x0000000008002600                HAL_RCCEx_GetPeriphCLKFreq
 .text.HAL_UART_Init
                0x000000000800276c       0xa0 ./Drivers/STM32F1xx_HAL_Driver/Src/stm32f1xx_hal_uart.o
                0x000000000800276c                HAL_UART_Init
 .text.HAL_UART_Transmit
                0x000000000800280c      0x106 ./Drivers/STM32F1xx_HAL_Driver/Src/stm32f1xx_hal_uart.o
                0x000000000800280c                HAL_UART_Transmit
 .text.UART_WaitOnFlagUntilTimeout
                0x0000000008002912       0xdc ./Drivers/STM32F1xx_HAL_Driver/Src/stm32f1xx_hal_uart.o
 *fill*         0x00000000080029ee        0x2 
 .text.UART_SetConfig
                0x00000000080029f0      0x11c ./Drivers/STM32F1xx_HAL_Driver/Src/stm32f1xx_hal_uart.o
 .text.std      0x0000000008002b0c       0x6c X:/ELECTRONICA/ST/STM32CubeIDE_1.13.1/STM32CubeIDE/plugins/com.st.stm32cube.ide.mcu.externaltools.gnu-tools-for-stm32.11.3.rel1.win32_1.1.1.202309131626/tools/bin/../lib/gcc/arm-none-eabi/11.3.1/../../../../arm-none-eabi/lib/thumb/v7-m/nofp\libc_nano.a(libc_a-findfp.o)
 .text.stdio_exit_handler
                0x0000000008002b78       0x18 X:/ELECTRONICA/ST/STM32CubeIDE_1.13.1/STM32CubeIDE/plugins/com.st.stm32cube.ide.mcu.externaltools.gnu-tools-for-stm32.11.3.rel1.win32_1.1.1.202309131626/tools/bin/../lib/gcc/arm-none-eabi/11.3.1/../../../../arm-none-eabi/lib/thumb/v7-m/nofp\libc_nano.a(libc_a-findfp.o)
 .text.cleanup_stdio
                0x0000000008002b90       0x40 X:/ELECTRONICA/ST/STM32CubeIDE_1.13.1/STM32CubeIDE/plugins/com.st.stm32cube.ide.mcu.externaltools.gnu-tools-for-stm32.11.3.rel1.win32_1.1.1.202309131626/tools/bin/../lib/gcc/arm-none-eabi/11.3.1/../../../../arm-none-eabi/lib/thumb/v7-m/nofp\libc_nano.a(libc_a-findfp.o)
 .text.global_stdio_init.part.0
                0x0000000008002bd0       0x3c X:/ELECTRONICA/ST/STM32CubeIDE_1.13.1/STM32CubeIDE/plugins/com.st.stm32cube.ide.mcu.externaltools.gnu-tools-for-stm32.11.3.rel1.win32_1.1.1.202309131626/tools/bin/../lib/gcc/arm-none-eabi/11.3.1/../../../../arm-none-eabi/lib/thumb/v7-m/nofp\libc_nano.a(libc_a-findfp.o)
 .text.__sfp_lock_acquire
                0x0000000008002c0c        0xc X:/ELECTRONICA/ST/STM32CubeIDE_1.13.1/STM32CubeIDE/plugins/com.st.stm32cube.ide.mcu.externaltools.gnu-tools-for-stm32.11.3.rel1.win32_1.1.1.202309131626/tools/bin/../lib/gcc/arm-none-eabi/11.3.1/../../../../arm-none-eabi/lib/thumb/v7-m/nofp\libc_nano.a(libc_a-findfp.o)
                0x0000000008002c0c                __sfp_lock_acquire
 .text.__sfp_lock_release
                0x0000000008002c18        0xc X:/ELECTRONICA/ST/STM32CubeIDE_1.13.1/STM32CubeIDE/plugins/com.st.stm32cube.ide.mcu.externaltools.gnu-tools-for-stm32.11.3.rel1.win32_1.1.1.202309131626/tools/bin/../lib/gcc/arm-none-eabi/11.3.1/../../../../arm-none-eabi/lib/thumb/v7-m/nofp\libc_nano.a(libc_a-findfp.o)
                0x0000000008002c18                __sfp_lock_release
 .text.__sinit  0x0000000008002c24       0x30 X:/ELECTRONICA/ST/STM32CubeIDE_1.13.1/STM32CubeIDE/plugins/com.st.stm32cube.ide.mcu.externaltools.gnu-tools-for-stm32.11.3.rel1.win32_1.1.1.202309131626/tools/bin/../lib/gcc/arm-none-eabi/11.3.1/../../../../arm-none-eabi/lib/thumb/v7-m/nofp\libc_nano.a(libc_a-findfp.o)
                0x0000000008002c24                __sinit
 .text._fwalk_sglue
                0x0000000008002c54       0x3c X:/ELECTRONICA/ST/STM32CubeIDE_1.13.1/STM32CubeIDE/plugins/com.st.stm32cube.ide.mcu.externaltools.gnu-tools-for-stm32.11.3.rel1.win32_1.1.1.202309131626/tools/bin/../lib/gcc/arm-none-eabi/11.3.1/../../../../arm-none-eabi/lib/thumb/v7-m/nofp\libc_nano.a(libc_a-fwalk.o)
                0x0000000008002c54                _fwalk_sglue
 .text.printf   0x0000000008002c90       0x24 X:/ELECTRONICA/ST/STM32CubeIDE_1.13.1/STM32CubeIDE/plugins/com.st.stm32cube.ide.mcu.externaltools.gnu-tools-for-stm32.11.3.rel1.win32_1.1.1.202309131626/tools/bin/../lib/gcc/arm-none-eabi/11.3.1/../../../../arm-none-eabi/lib/thumb/v7-m/nofp\libc_nano.a(libc_a-printf.o)
                0x0000000008002c90                iprintf
                0x0000000008002c90                printf
 .text.__sread  0x0000000008002cb4       0x22 X:/ELECTRONICA/ST/STM32CubeIDE_1.13.1/STM32CubeIDE/plugins/com.st.stm32cube.ide.mcu.externaltools.gnu-tools-for-stm32.11.3.rel1.win32_1.1.1.202309131626/tools/bin/../lib/gcc/arm-none-eabi/11.3.1/../../../../arm-none-eabi/lib/thumb/v7-m/nofp\libc_nano.a(libc_a-stdio.o)
                0x0000000008002cb4                __sread
 .text.__swrite
                0x0000000008002cd6       0x38 X:/ELECTRONICA/ST/STM32CubeIDE_1.13.1/STM32CubeIDE/plugins/com.st.stm32cube.ide.mcu.externaltools.gnu-tools-for-stm32.11.3.rel1.win32_1.1.1.202309131626/tools/bin/../lib/gcc/arm-none-eabi/11.3.1/../../../../arm-none-eabi/lib/thumb/v7-m/nofp\libc_nano.a(libc_a-stdio.o)
                0x0000000008002cd6                __swrite
 .text.__sseek  0x0000000008002d0e       0x24 X:/ELECTRONICA/ST/STM32CubeIDE_1.13.1/STM32CubeIDE/plugins/com.st.stm32cube.ide.mcu.externaltools.gnu-tools-for-stm32.11.3.rel1.win32_1.1.1.202309131626/tools/bin/../lib/gcc/arm-none-eabi/11.3.1/../../../../arm-none-eabi/lib/thumb/v7-m/nofp\libc_nano.a(libc_a-stdio.o)
                0x0000000008002d0e                __sseek
 .text.__sclose
                0x0000000008002d32        0x8 X:/ELECTRONICA/ST/STM32CubeIDE_1.13.1/STM32CubeIDE/plugins/com.st.stm32cube.ide.mcu.externaltools.gnu-tools-for-stm32.11.3.rel1.win32_1.1.1.202309131626/tools/bin/../lib/gcc/arm-none-eabi/11.3.1/../../../../arm-none-eabi/lib/thumb/v7-m/nofp\libc_nano.a(libc_a-stdio.o)
                0x0000000008002d32                __sclose
 .text.memset   0x0000000008002d3a       0x10 X:/ELECTRONICA/ST/STM32CubeIDE_1.13.1/STM32CubeIDE/plugins/com.st.stm32cube.ide.mcu.externaltools.gnu-tools-for-stm32.11.3.rel1.win32_1.1.1.202309131626/tools/bin/../lib/gcc/arm-none-eabi/11.3.1/../../../../arm-none-eabi/lib/thumb/v7-m/nofp\libc_nano.a(libc_a-memset.o)
                0x0000000008002d3a                memset
 *fill*         0x0000000008002d4a        0x2 
 .text._close_r
                0x0000000008002d4c       0x20 X:/ELECTRONICA/ST/STM32CubeIDE_1.13.1/STM32CubeIDE/plugins/com.st.stm32cube.ide.mcu.externaltools.gnu-tools-for-stm32.11.3.rel1.win32_1.1.1.202309131626/tools/bin/../lib/gcc/arm-none-eabi/11.3.1/../../../../arm-none-eabi/lib/thumb/v7-m/nofp\libc_nano.a(libc_a-closer.o)
                0x0000000008002d4c                _close_r
 .text._lseek_r
                0x0000000008002d6c       0x24 X:/ELECTRONICA/ST/STM32CubeIDE_1.13.1/STM32CubeIDE/plugins/com.st.stm32cube.ide.mcu.externaltools.gnu-tools-for-stm32.11.3.rel1.win32_1.1.1.202309131626/tools/bin/../lib/gcc/arm-none-eabi/11.3.1/../../../../arm-none-eabi/lib/thumb/v7-m/nofp\libc_nano.a(libc_a-lseekr.o)
                0x0000000008002d6c                _lseek_r
 .text._read_r  0x0000000008002d90       0x24 X:/ELECTRONICA/ST/STM32CubeIDE_1.13.1/STM32CubeIDE/plugins/com.st.stm32cube.ide.mcu.externaltools.gnu-tools-for-stm32.11.3.rel1.win32_1.1.1.202309131626/tools/bin/../lib/gcc/arm-none-eabi/11.3.1/../../../../arm-none-eabi/lib/thumb/v7-m/nofp\libc_nano.a(libc_a-readr.o)
                0x0000000008002d90                _read_r
 .text._write_r
                0x0000000008002db4       0x24 X:/ELECTRONICA/ST/STM32CubeIDE_1.13.1/STM32CubeIDE/plugins/com.st.stm32cube.ide.mcu.externaltools.gnu-tools-for-stm32.11.3.rel1.win32_1.1.1.202309131626/tools/bin/../lib/gcc/arm-none-eabi/11.3.1/../../../../arm-none-eabi/lib/thumb/v7-m/nofp\libc_nano.a(libc_a-writer.o)
                0x0000000008002db4                _write_r
 .text.__errno  0x0000000008002dd8        0xc X:/ELECTRONICA/ST/STM32CubeIDE_1.13.1/STM32CubeIDE/plugins/com.st.stm32cube.ide.mcu.externaltools.gnu-tools-for-stm32.11.3.rel1.win32_1.1.1.202309131626/tools/bin/../lib/gcc/arm-none-eabi/11.3.1/../../../../arm-none-eabi/lib/thumb/v7-m/nofp\libc_nano.a(libc_a-errno.o)
                0x0000000008002dd8                __errno
 .text.__libc_init_array
                0x0000000008002de4       0x48 X:/ELECTRONICA/ST/STM32CubeIDE_1.13.1/STM32CubeIDE/plugins/com.st.stm32cube.ide.mcu.externaltools.gnu-tools-for-stm32.11.3.rel1.win32_1.1.1.202309131626/tools/bin/../lib/gcc/arm-none-eabi/11.3.1/../../../../arm-none-eabi/lib/thumb/v7-m/nofp\libc_nano.a(libc_a-init.o)
                0x0000000008002de4                __libc_init_array
 .text.__retarget_lock_init_recursive
                0x0000000008002e2c        0x2 X:/ELECTRONICA/ST/STM32CubeIDE_1.13.1/STM32CubeIDE/plugins/com.st.stm32cube.ide.mcu.externaltools.gnu-tools-for-stm32.11.3.rel1.win32_1.1.1.202309131626/tools/bin/../lib/gcc/arm-none-eabi/11.3.1/../../../../arm-none-eabi/lib/thumb/v7-m/nofp\libc_nano.a(libc_a-lock.o)
                0x0000000008002e2c                __retarget_lock_init_recursive
 .text.__retarget_lock_acquire_recursive
                0x0000000008002e2e        0x2 X:/ELECTRONICA/ST/STM32CubeIDE_1.13.1/STM32CubeIDE/plugins/com.st.stm32cube.ide.mcu.externaltools.gnu-tools-for-stm32.11.3.rel1.win32_1.1.1.202309131626/tools/bin/../lib/gcc/arm-none-eabi/11.3.1/../../../../arm-none-eabi/lib/thumb/v7-m/nofp\libc_nano.a(libc_a-lock.o)
                0x0000000008002e2e                __retarget_lock_acquire_recursive
 .text.__retarget_lock_release_recursive
                0x0000000008002e30        0x2 X:/ELECTRONICA/ST/STM32CubeIDE_1.13.1/STM32CubeIDE/plugins/com.st.stm32cube.ide.mcu.externaltools.gnu-tools-for-stm32.11.3.rel1.win32_1.1.1.202309131626/tools/bin/../lib/gcc/arm-none-eabi/11.3.1/../../../../arm-none-eabi/lib/thumb/v7-m/nofp\libc_nano.a(libc_a-lock.o)
                0x0000000008002e30                __retarget_lock_release_recursive
 *fill*         0x0000000008002e32        0x2 
 .text._free_r  0x0000000008002e34       0x90 X:/ELECTRONICA/ST/STM32CubeIDE_1.13.1/STM32CubeIDE/plugins/com.st.stm32cube.ide.mcu.externaltools.gnu-tools-for-stm32.11.3.rel1.win32_1.1.1.202309131626/tools/bin/../lib/gcc/arm-none-eabi/11.3.1/../../../../arm-none-eabi/lib/thumb/v7-m/nofp\libc_nano.a(libc_a-freer.o)
                0x0000000008002e34                _free_r
 .text.sbrk_aligned
                0x0000000008002ec4       0x40 X:/ELECTRONICA/ST/STM32CubeIDE_1.13.1/STM32CubeIDE/plugins/com.st.stm32cube.ide.mcu.externaltools.gnu-tools-for-stm32.11.3.rel1.win32_1.1.1.202309131626/tools/bin/../lib/gcc/arm-none-eabi/11.3.1/../../../../arm-none-eabi/lib/thumb/v7-m/nofp\libc_nano.a(libc_a-mallocr.o)
 .text._malloc_r
                0x0000000008002f04      0x100 X:/ELECTRONICA/ST/STM32CubeIDE_1.13.1/STM32CubeIDE/plugins/com.st.stm32cube.ide.mcu.externaltools.gnu-tools-for-stm32.11.3.rel1.win32_1.1.1.202309131626/tools/bin/../lib/gcc/arm-none-eabi/11.3.1/../../../../arm-none-eabi/lib/thumb/v7-m/nofp\libc_nano.a(libc_a-mallocr.o)
                0x0000000008002f04                _malloc_r
 .text.__malloc_lock
                0x0000000008003004        0xc X:/ELECTRONICA/ST/STM32CubeIDE_1.13.1/STM32CubeIDE/plugins/com.st.stm32cube.ide.mcu.externaltools.gnu-tools-for-stm32.11.3.rel1.win32_1.1.1.202309131626/tools/bin/../lib/gcc/arm-none-eabi/11.3.1/../../../../arm-none-eabi/lib/thumb/v7-m/nofp\libc_nano.a(libc_a-mlock.o)
                0x0000000008003004                __malloc_lock
 .text.__malloc_unlock
                0x0000000008003010        0xc X:/ELECTRONICA/ST/STM32CubeIDE_1.13.1/STM32CubeIDE/plugins/com.st.stm32cube.ide.mcu.externaltools.gnu-tools-for-stm32.11.3.rel1.win32_1.1.1.202309131626/tools/bin/../lib/gcc/arm-none-eabi/11.3.1/../../../../arm-none-eabi/lib/thumb/v7-m/nofp\libc_nano.a(libc_a-mlock.o)
                0x0000000008003010                __malloc_unlock
 .text.__sfputc_r
                0x000000000800301c       0x2a X:/ELECTRONICA/ST/STM32CubeIDE_1.13.1/STM32CubeIDE/plugins/com.st.stm32cube.ide.mcu.externaltools.gnu-tools-for-stm32.11.3.rel1.win32_1.1.1.202309131626/tools/bin/../lib/gcc/arm-none-eabi/11.3.1/../../../../arm-none-eabi/lib/thumb/v7-m/nofp\libc_nano.a(libc_a-nano-vfprintf.o)
 .text.__sfputs_r
                0x0000000008003046       0x24 X:/ELECTRONICA/ST/STM32CubeIDE_1.13.1/STM32CubeIDE/plugins/com.st.stm32cube.ide.mcu.externaltools.gnu-tools-for-stm32.11.3.rel1.win32_1.1.1.202309131626/tools/bin/../lib/gcc/arm-none-eabi/11.3.1/../../../../arm-none-eabi/lib/thumb/v7-m/nofp\libc_nano.a(libc_a-nano-vfprintf.o)
                0x0000000008003046                __sfputs_r
 *fill*         0x000000000800306a        0x2 
 .text._vfprintf_r
                0x000000000800306c      0x234 X:/ELECTRONICA/ST/STM32CubeIDE_1.13.1/STM32CubeIDE/plugins/com.st.stm32cube.ide.mcu.externaltools.gnu-tools-for-stm32.11.3.rel1.win32_1.1.1.202309131626/tools/bin/../lib/gcc/arm-none-eabi/11.3.1/../../../../arm-none-eabi/lib/thumb/v7-m/nofp\libc_nano.a(libc_a-nano-vfprintf.o)
                0x000000000800306c                _vfprintf_r
                0x000000000800306c                _vfiprintf_r
 .text._printf_common
                0x00000000080032a0       0xe4 X:/ELECTRONICA/ST/STM32CubeIDE_1.13.1/STM32CubeIDE/plugins/com.st.stm32cube.ide.mcu.externaltools.gnu-tools-for-stm32.11.3.rel1.win32_1.1.1.202309131626/tools/bin/../lib/gcc/arm-none-eabi/11.3.1/../../../../arm-none-eabi/lib/thumb/v7-m/nofp\libc_nano.a(libc_a-nano-vfprintf_i.o)
                0x00000000080032a0                _printf_common
 .text._printf_i
                0x0000000008003384      0x244 X:/ELECTRONICA/ST/STM32CubeIDE_1.13.1/STM32CubeIDE/plugins/com.st.stm32cube.ide.mcu.externaltools.gnu-tools-for-stm32.11.3.rel1.win32_1.1.1.202309131626/tools/bin/../lib/gcc/arm-none-eabi/11.3.1/../../../../arm-none-eabi/lib/thumb/v7-m/nofp\libc_nano.a(libc_a-nano-vfprintf_i.o)
                0x0000000008003384                _printf_i
 .text.__sflush_r
                0x00000000080035c8      0x104 X:/ELECTRONICA/ST/STM32CubeIDE_1.13.1/STM32CubeIDE/plugins/com.st.stm32cube.ide.mcu.externaltools.gnu-tools-for-stm32.11.3.rel1.win32_1.1.1.202309131626/tools/bin/../lib/gcc/arm-none-eabi/11.3.1/../../../../arm-none-eabi/lib/thumb/v7-m/nofp\libc_nano.a(libc_a-fflush.o)
                0x00000000080035c8                __sflush_r
 .text._fflush_r
                0x00000000080036cc       0x50 X:/ELECTRONICA/ST/STM32CubeIDE_1.13.1/STM32CubeIDE/plugins/com.st.stm32cube.ide.mcu.externaltools.gnu-tools-for-stm32.11.3.rel1.win32_1.1.1.202309131626/tools/bin/../lib/gcc/arm-none-eabi/11.3.1/../../../../arm-none-eabi/lib/thumb/v7-m/nofp\libc_nano.a(libc_a-fflush.o)
                0x00000000080036cc                _fflush_r
 .text.__swbuf_r
                0x000000000800371c       0x7a X:/ELECTRONICA/ST/STM32CubeIDE_1.13.1/STM32CubeIDE/plugins/com.st.stm32cube.ide.mcu.externaltools.gnu-tools-for-stm32.11.3.rel1.win32_1.1.1.202309131626/tools/bin/../lib/gcc/arm-none-eabi/11.3.1/../../../../arm-none-eabi/lib/thumb/v7-m/nofp\libc_nano.a(libc_a-wbuf.o)
                0x000000000800371c                __swbuf_r
 *fill*         0x0000000008003796        0x2 
 .text.__swsetup_r
                0x0000000008003798       0xb0 X:/ELECTRONICA/ST/STM32CubeIDE_1.13.1/STM32CubeIDE/plugins/com.st.stm32cube.ide.mcu.externaltools.gnu-tools-for-stm32.11.3.rel1.win32_1.1.1.202309131626/tools/bin/../lib/gcc/arm-none-eabi/11.3.1/../../../../arm-none-eabi/lib/thumb/v7-m/nofp\libc_nano.a(libc_a-wsetup.o)
                0x0000000008003798                __swsetup_r
 .text._sbrk_r  0x0000000008003848       0x20 X:/ELECTRONICA/ST/STM32CubeIDE_1.13.1/STM32CubeIDE/plugins/com.st.stm32cube.ide.mcu.externaltools.gnu-tools-for-stm32.11.3.rel1.win32_1.1.1.202309131626/tools/bin/../lib/gcc/arm-none-eabi/11.3.1/../../../../arm-none-eabi/lib/thumb/v7-m/nofp\libc_nano.a(libc_a-sbrkr.o)
                0x0000000008003848                _sbrk_r
 .text.memchr   0x0000000008003868       0x1c X:/ELECTRONICA/ST/STM32CubeIDE_1.13.1/STM32CubeIDE/plugins/com.st.stm32cube.ide.mcu.externaltools.gnu-tools-for-stm32.11.3.rel1.win32_1.1.1.202309131626/tools/bin/../lib/gcc/arm-none-eabi/11.3.1/../../../../arm-none-eabi/lib/thumb/v7-m/nofp\libc_nano.a(libc_a-memchr-stub.o)
                0x0000000008003868                memchr
 .text.__swhatbuf_r
                0x0000000008003884       0x4a X:/ELECTRONICA/ST/STM32CubeIDE_1.13.1/STM32CubeIDE/plugins/com.st.stm32cube.ide.mcu.externaltools.gnu-tools-for-stm32.11.3.rel1.win32_1.1.1.202309131626/tools/bin/../lib/gcc/arm-none-eabi/11.3.1/../../../../arm-none-eabi/lib/thumb/v7-m/nofp\libc_nano.a(libc_a-makebuf.o)
                0x0000000008003884                __swhatbuf_r
 .text.__smakebuf_r
                0x00000000080038ce       0x78 X:/ELECTRONICA/ST/STM32CubeIDE_1.13.1/STM32CubeIDE/plugins/com.st.stm32cube.ide.mcu.externaltools.gnu-tools-for-stm32.11.3.rel1.win32_1.1.1.202309131626/tools/bin/../lib/gcc/arm-none-eabi/11.3.1/../../../../arm-none-eabi/lib/thumb/v7-m/nofp\libc_nano.a(libc_a-makebuf.o)
                0x00000000080038ce                __smakebuf_r
 *fill*         0x0000000008003946        0x2 
 .text._fstat_r
                0x0000000008003948       0x24 X:/ELECTRONICA/ST/STM32CubeIDE_1.13.1/STM32CubeIDE/plugins/com.st.stm32cube.ide.mcu.externaltools.gnu-tools-for-stm32.11.3.rel1.win32_1.1.1.202309131626/tools/bin/../lib/gcc/arm-none-eabi/11.3.1/../../../../arm-none-eabi/lib/thumb/v7-m/nofp\libc_nano.a(libc_a-fstatr.o)
                0x0000000008003948                _fstat_r
 .text._isatty_r
                0x000000000800396c       0x20 X:/ELECTRONICA/ST/STM32CubeIDE_1.13.1/STM32CubeIDE/plugins/com.st.stm32cube.ide.mcu.externaltools.gnu-tools-for-stm32.11.3.rel1.win32_1.1.1.202309131626/tools/bin/../lib/gcc/arm-none-eabi/11.3.1/../../../../arm-none-eabi/lib/thumb/v7-m/nofp\libc_nano.a(libc_a-isattyr.o)
                0x000000000800396c                _isatty_r
 *(.glue_7)
 .glue_7        0x000000000800398c        0x0 linker stubs
 *(.glue_7t)
 .glue_7t       0x000000000800398c        0x0 linker stubs
 *(.eh_frame)
 .eh_frame      0x000000000800398c        0x0 X:/ELECTRONICA/ST/STM32CubeIDE_1.13.1/STM32CubeIDE/plugins/com.st.stm32cube.ide.mcu.externaltools.gnu-tools-for-stm32.11.3.rel1.win32_1.1.1.202309131626/tools/bin/../lib/gcc/arm-none-eabi/11.3.1/thumb/v7-m/nofp/crtbegin.o
 *(.init)
 .init          0x000000000800398c        0x4 X:/ELECTRONICA/ST/STM32CubeIDE_1.13.1/STM32CubeIDE/plugins/com.st.stm32cube.ide.mcu.externaltools.gnu-tools-for-stm32.11.3.rel1.win32_1.1.1.202309131626/tools/bin/../lib/gcc/arm-none-eabi/11.3.1/thumb/v7-m/nofp/crti.o
                0x000000000800398c                _init
 .init          0x0000000008003990        0x8 X:/ELECTRONICA/ST/STM32CubeIDE_1.13.1/STM32CubeIDE/plugins/com.st.stm32cube.ide.mcu.externaltools.gnu-tools-for-stm32.11.3.rel1.win32_1.1.1.202309131626/tools/bin/../lib/gcc/arm-none-eabi/11.3.1/thumb/v7-m/nofp/crtn.o
 *(.fini)
 .fini          0x0000000008003998        0x4 X:/ELECTRONICA/ST/STM32CubeIDE_1.13.1/STM32CubeIDE/plugins/com.st.stm32cube.ide.mcu.externaltools.gnu-tools-for-stm32.11.3.rel1.win32_1.1.1.202309131626/tools/bin/../lib/gcc/arm-none-eabi/11.3.1/thumb/v7-m/nofp/crti.o
                0x0000000008003998                _fini
 .fini          0x000000000800399c        0x8 X:/ELECTRONICA/ST/STM32CubeIDE_1.13.1/STM32CubeIDE/plugins/com.st.stm32cube.ide.mcu.externaltools.gnu-tools-for-stm32.11.3.rel1.win32_1.1.1.202309131626/tools/bin/../lib/gcc/arm-none-eabi/11.3.1/thumb/v7-m/nofp/crtn.o
                0x00000000080039a4                . = ALIGN (0x4)
                0x00000000080039a4                _etext = .

.vfp11_veneer   0x00000000080039a4        0x0
 .vfp11_veneer  0x00000000080039a4        0x0 linker stubs

.v4_bx          0x00000000080039a4        0x0
 .v4_bx         0x00000000080039a4        0x0 linker stubs

.iplt           0x00000000080039a4        0x0
 .iplt          0x00000000080039a4        0x0 X:/ELECTRONICA/ST/STM32CubeIDE_1.13.1/STM32CubeIDE/plugins/com.st.stm32cube.ide.mcu.externaltools.gnu-tools-for-stm32.11.3.rel1.win32_1.1.1.202309131626/tools/bin/../lib/gcc/arm-none-eabi/11.3.1/thumb/v7-m/nofp/crtbegin.o

.rodata         0x00000000080039a4       0xa0
                0x00000000080039a4                . = ALIGN (0x4)
 *(.rodata)
 .rodata        0x00000000080039a4       0x2c ./Core/Src/main.o
 *(.rodata*)
 .rodata.AHBPrescTable
                0x00000000080039d0       0x10 ./Core/Src/system_stm32f1xx.o
                0x00000000080039d0                AHBPrescTable
 .rodata.APBPrescTable
                0x00000000080039e0        0x8 ./Core/Src/system_stm32f1xx.o
                0x00000000080039e0                APBPrescTable
 .rodata.aPLLMULFactorTable.1
                0x00000000080039e8       0x10 ./Drivers/STM32F1xx_HAL_Driver/Src/stm32f1xx_hal_rcc.o
 .rodata.aPredivFactorTable.0
                0x00000000080039f8        0x2 ./Drivers/STM32F1xx_HAL_Driver/Src/stm32f1xx_hal_rcc.o
 *fill*         0x00000000080039fa        0x2 
 .rodata.aPLLMULFactorTable.1
                0x00000000080039fc       0x10 ./Drivers/STM32F1xx_HAL_Driver/Src/stm32f1xx_hal_rcc_ex.o
 .rodata.aPredivFactorTable.0
                0x0000000008003a0c        0x2 ./Drivers/STM32F1xx_HAL_Driver/Src/stm32f1xx_hal_rcc_ex.o
 .rodata._vfprintf_r.str1.1
                0x0000000008003a0e       0x11 X:/ELECTRONICA/ST/STM32CubeIDE_1.13.1/STM32CubeIDE/plugins/com.st.stm32cube.ide.mcu.externaltools.gnu-tools-for-stm32.11.3.rel1.win32_1.1.1.202309131626/tools/bin/../lib/gcc/arm-none-eabi/11.3.1/../../../../arm-none-eabi/lib/thumb/v7-m/nofp\libc_nano.a(libc_a-nano-vfprintf.o)
 .rodata._printf_i.str1.1
                0x0000000008003a1f       0x22 X:/ELECTRONICA/ST/STM32CubeIDE_1.13.1/STM32CubeIDE/plugins/com.st.stm32cube.ide.mcu.externaltools.gnu-tools-for-stm32.11.3.rel1.win32_1.1.1.202309131626/tools/bin/../lib/gcc/arm-none-eabi/11.3.1/../../../../arm-none-eabi/lib/thumb/v7-m/nofp\libc_nano.a(libc_a-nano-vfprintf_i.o)
                0x0000000008003a44                . = ALIGN (0x4)
 *fill*         0x0000000008003a41        0x3 

.rel.dyn        0x0000000008003a44        0x0
 .rel.iplt      0x0000000008003a44        0x0 X:/ELECTRONICA/ST/STM32CubeIDE_1.13.1/STM32CubeIDE/plugins/com.st.stm32cube.ide.mcu.externaltools.gnu-tools-for-stm32.11.3.rel1.win32_1.1.1.202309131626/tools/bin/../lib/gcc/arm-none-eabi/11.3.1/thumb/v7-m/nofp/crtbegin.o

.ARM.extab      0x0000000008003a44        0x0
                0x0000000008003a44                . = ALIGN (0x4)
 *(.ARM.extab* .gnu.linkonce.armextab.*)
                0x0000000008003a44                . = ALIGN (0x4)

.ARM            0x0000000008003a44        0x0
                0x0000000008003a44                . = ALIGN (0x4)
                0x0000000008003a44                __exidx_start = .
 *(.ARM.exidx*)
                0x0000000008003a44                __exidx_end = .
                0x0000000008003a44                . = ALIGN (0x4)

.preinit_array  0x0000000008003a44        0x0
                0x0000000008003a44                . = ALIGN (0x4)
                0x0000000008003a44                PROVIDE (__preinit_array_start = .)
 *(.preinit_array*)
                0x0000000008003a44                PROVIDE (__preinit_array_end = .)
                0x0000000008003a44                . = ALIGN (0x4)

.init_array     0x0000000008003a44        0x4
                0x0000000008003a44                . = ALIGN (0x4)
                0x0000000008003a44                PROVIDE (__init_array_start = .)
 *(SORT_BY_NAME(.init_array.*))
 *(.init_array*)
 .init_array    0x0000000008003a44        0x4 X:/ELECTRONICA/ST/STM32CubeIDE_1.13.1/STM32CubeIDE/plugins/com.st.stm32cube.ide.mcu.externaltools.gnu-tools-for-stm32.11.3.rel1.win32_1.1.1.202309131626/tools/bin/../lib/gcc/arm-none-eabi/11.3.1/thumb/v7-m/nofp/crtbegin.o
                0x0000000008003a48                PROVIDE (__init_array_end = .)
                0x0000000008003a48                . = ALIGN (0x4)

.fini_array     0x0000000008003a48        0x4
                0x0000000008003a48                . = ALIGN (0x4)
                [!provide]                        PROVIDE (__fini_array_start = .)
 *(SORT_BY_NAME(.fini_array.*))
 *(.fini_array*)
 .fini_array    0x0000000008003a48        0x4 X:/ELECTRONICA/ST/STM32CubeIDE_1.13.1/STM32CubeIDE/plugins/com.st.stm32cube.ide.mcu.externaltools.gnu-tools-for-stm32.11.3.rel1.win32_1.1.1.202309131626/tools/bin/../lib/gcc/arm-none-eabi/11.3.1/thumb/v7-m/nofp/crtbegin.o
                [!provide]                        PROVIDE (__fini_array_end = .)
                0x0000000008003a4c                . = ALIGN (0x4)
                0x0000000008003a4c                _sidata = LOADADDR (.data)

.data           0x0000000020000000       0x68 load address 0x0000000008003a4c
                0x0000000020000000                . = ALIGN (0x4)
                0x0000000020000000                _sdata = .
 *(.data)
 *(.data*)
 .data.SystemCoreClock
                0x0000000020000000        0x4 ./Core/Src/system_stm32f1xx.o
                0x0000000020000000                SystemCoreClock
 .data.uwTickPrio
                0x0000000020000004        0x4 ./Drivers/STM32F1xx_HAL_Driver/Src/stm32f1xx_hal.o
                0x0000000020000004                uwTickPrio
 .data.uwTickFreq
                0x0000000020000008        0x1 ./Drivers/STM32F1xx_HAL_Driver/Src/stm32f1xx_hal.o
                0x0000000020000008                uwTickFreq
 *fill*         0x0000000020000009        0x3 
 .data.__sglue  0x000000002000000c        0xc X:/ELECTRONICA/ST/STM32CubeIDE_1.13.1/STM32CubeIDE/plugins/com.st.stm32cube.ide.mcu.externaltools.gnu-tools-for-stm32.11.3.rel1.win32_1.1.1.202309131626/tools/bin/../lib/gcc/arm-none-eabi/11.3.1/../../../../arm-none-eabi/lib/thumb/v7-m/nofp\libc_nano.a(libc_a-findfp.o)
                0x000000002000000c                __sglue
 .data._impure_data
                0x0000000020000018       0x4c X:/ELECTRONICA/ST/STM32CubeIDE_1.13.1/STM32CubeIDE/plugins/com.st.stm32cube.ide.mcu.externaltools.gnu-tools-for-stm32.11.3.rel1.win32_1.1.1.202309131626/tools/bin/../lib/gcc/arm-none-eabi/11.3.1/../../../../arm-none-eabi/lib/thumb/v7-m/nofp\libc_nano.a(libc_a-impure.o)
                0x0000000020000018                _impure_data
 .data._impure_ptr
                0x0000000020000064        0x4 X:/ELECTRONICA/ST/STM32CubeIDE_1.13.1/STM32CubeIDE/plugins/com.st.stm32cube.ide.mcu.externaltools.gnu-tools-for-stm32.11.3.rel1.win32_1.1.1.202309131626/tools/bin/../lib/gcc/arm-none-eabi/11.3.1/../../../../arm-none-eabi/lib/thumb/v7-m/nofp\libc_nano.a(libc_a-impure.o)
                0x0000000020000064                _impure_ptr
 *(.RamFunc)
 *(.RamFunc*)
                0x0000000020000068                . = ALIGN (0x4)
                0x0000000020000068                _edata = .

.igot.plt       0x0000000020000068        0x0 load address 0x0000000008003ab4
 .igot.plt      0x0000000020000068        0x0 X:/ELECTRONICA/ST/STM32CubeIDE_1.13.1/STM32CubeIDE/plugins/com.st.stm32cube.ide.mcu.externaltools.gnu-tools-for-stm32.11.3.rel1.win32_1.1.1.202309131626/tools/bin/../lib/gcc/arm-none-eabi/11.3.1/thumb/v7-m/nofp/crtbegin.o
                0x0000000020000068                . = ALIGN (0x4)

.bss            0x0000000020000068      0x230 load address 0x0000000008003ab4
                0x0000000020000068                _sbss = .
                0x0000000020000068                __bss_start__ = _sbss
 *(.bss)
 .bss           0x0000000020000068       0x1c X:/ELECTRONICA/ST/STM32CubeIDE_1.13.1/STM32CubeIDE/plugins/com.st.stm32cube.ide.mcu.externaltools.gnu-tools-for-stm32.11.3.rel1.win32_1.1.1.202309131626/tools/bin/../lib/gcc/arm-none-eabi/11.3.1/thumb/v7-m/nofp/crtbegin.o
 *(.bss*)
 .bss.hadc1     0x0000000020000084       0x30 ./Core/Src/adc.o
                0x0000000020000084                hadc1
 .bss.lecturaAdc.0
                0x00000000200000b4        0x2 ./Core/Src/main.o
 *fill*         0x00000000200000b6        0x2 
 .bss.__sbrk_heap_end
                0x00000000200000b8        0x4 ./Core/Src/sysmem.o
 .bss.huart1    0x00000000200000bc       0x48 ./Core/Src/usart.o
                0x00000000200000bc                huart1
 .bss.hdma_usart1_tx
                0x0000000020000104       0x44 ./Core/Src/usart.o
                0x0000000020000104                hdma_usart1_tx
 .bss.uwTick    0x0000000020000148        0x4 ./Drivers/STM32F1xx_HAL_Driver/Src/stm32f1xx_hal.o
                0x0000000020000148                uwTick
 .bss.__sf      0x000000002000014c      0x138 X:/ELECTRONICA/ST/STM32CubeIDE_1.13.1/STM32CubeIDE/plugins/com.st.stm32cube.ide.mcu.externaltools.gnu-tools-for-stm32.11.3.rel1.win32_1.1.1.202309131626/tools/bin/../lib/gcc/arm-none-eabi/11.3.1/../../../../arm-none-eabi/lib/thumb/v7-m/nofp\libc_nano.a(libc_a-findfp.o)
                0x000000002000014c                __sf
 .bss.__stdio_exit_handler
                0x0000000020000284        0x4 X:/ELECTRONICA/ST/STM32CubeIDE_1.13.1/STM32CubeIDE/plugins/com.st.stm32cube.ide.mcu.externaltools.gnu-tools-for-stm32.11.3.rel1.win32_1.1.1.202309131626/tools/bin/../lib/gcc/arm-none-eabi/11.3.1/../../../../arm-none-eabi/lib/thumb/v7-m/nofp\libc_nano.a(libc_a-findfp.o)
                0x0000000020000284                __stdio_exit_handler
 .bss.errno     0x0000000020000288        0x4 X:/ELECTRONICA/ST/STM32CubeIDE_1.13.1/STM32CubeIDE/plugins/com.st.stm32cube.ide.mcu.externaltools.gnu-tools-for-stm32.11.3.rel1.win32_1.1.1.202309131626/tools/bin/../lib/gcc/arm-none-eabi/11.3.1/../../../../arm-none-eabi/lib/thumb/v7-m/nofp\libc_nano.a(libc_a-reent.o)
                0x0000000020000288                errno
 .bss.__lock___malloc_recursive_mutex
                0x000000002000028c        0x1 X:/ELECTRONICA/ST/STM32CubeIDE_1.13.1/STM32CubeIDE/plugins/com.st.stm32cube.ide.mcu.externaltools.gnu-tools-for-stm32.11.3.rel1.win32_1.1.1.202309131626/tools/bin/../lib/gcc/arm-none-eabi/11.3.1/../../../../arm-none-eabi/lib/thumb/v7-m/nofp\libc_nano.a(libc_a-lock.o)
                0x000000002000028c                __lock___malloc_recursive_mutex
 .bss.__lock___sfp_recursive_mutex
                0x000000002000028d        0x1 X:/ELECTRONICA/ST/STM32CubeIDE_1.13.1/STM32CubeIDE/plugins/com.st.stm32cube.ide.mcu.externaltools.gnu-tools-for-stm32.11.3.rel1.win32_1.1.1.202309131626/tools/bin/../lib/gcc/arm-none-eabi/11.3.1/../../../../arm-none-eabi/lib/thumb/v7-m/nofp\libc_nano.a(libc_a-lock.o)
                0x000000002000028d                __lock___sfp_recursive_mutex
 *fill*         0x000000002000028e        0x2 
 .bss.__malloc_free_list
                0x0000000020000290        0x4 X:/ELECTRONICA/ST/STM32CubeIDE_1.13.1/STM32CubeIDE/plugins/com.st.stm32cube.ide.mcu.externaltools.gnu-tools-for-stm32.11.3.rel1.win32_1.1.1.202309131626/tools/bin/../lib/gcc/arm-none-eabi/11.3.1/../../../../arm-none-eabi/lib/thumb/v7-m/nofp\libc_nano.a(libc_a-mallocr.o)
                0x0000000020000290                __malloc_free_list
 .bss.__malloc_sbrk_start
                0x0000000020000294        0x4 X:/ELECTRONICA/ST/STM32CubeIDE_1.13.1/STM32CubeIDE/plugins/com.st.stm32cube.ide.mcu.externaltools.gnu-tools-for-stm32.11.3.rel1.win32_1.1.1.202309131626/tools/bin/../lib/gcc/arm-none-eabi/11.3.1/../../../../arm-none-eabi/lib/thumb/v7-m/nofp\libc_nano.a(libc_a-mallocr.o)
                0x0000000020000294                __malloc_sbrk_start
 *(COMMON)
                0x0000000020000298                . = ALIGN (0x4)
                0x0000000020000298                _ebss = .
                0x0000000020000298                __bss_end__ = _ebss

._user_heap_stack
                0x0000000020000298      0x600 load address 0x0000000008003ab4
                0x0000000020000298                . = ALIGN (0x8)
                [!provide]                        PROVIDE (end = .)
                0x0000000020000298                PROVIDE (_end = .)
                0x0000000020000498                . = (. + _Min_Heap_Size)
 *fill*         0x0000000020000298      0x200 
                0x0000000020000898                . = (. + _Min_Stack_Size)
 *fill*         0x0000000020000498      0x400 
                0x0000000020000898                . = ALIGN (0x8)

/DISCARD/
 libc.a(*)
 libm.a(*)
 libgcc.a(*)

.ARM.attributes
                0x0000000000000000       0x29
 *(.ARM.attributes)
 .ARM.attributes
                0x0000000000000000       0x1d X:/ELECTRONICA/ST/STM32CubeIDE_1.13.1/STM32CubeIDE/plugins/com.st.stm32cube.ide.mcu.externaltools.gnu-tools-for-stm32.11.3.rel1.win32_1.1.1.202309131626/tools/bin/../lib/gcc/arm-none-eabi/11.3.1/thumb/v7-m/nofp/crti.o
 .ARM.attributes
                0x000000000000001d       0x2d X:/ELECTRONICA/ST/STM32CubeIDE_1.13.1/STM32CubeIDE/plugins/com.st.stm32cube.ide.mcu.externaltools.gnu-tools-for-stm32.11.3.rel1.win32_1.1.1.202309131626/tools/bin/../lib/gcc/arm-none-eabi/11.3.1/thumb/v7-m/nofp/crtbegin.o
 .ARM.attributes
                0x000000000000004a       0x2d ./Core/Librerias/My_adc.o
 .ARM.attributes
                0x0000000000000077       0x2d ./Core/Src/adc.o
 .ARM.attributes
                0x00000000000000a4       0x2d ./Core/Src/gpio.o
 .ARM.attributes
                0x00000000000000d1       0x2d ./Core/Src/main.o
 .ARM.attributes
                0x00000000000000fe       0x2d ./Core/Src/stm32f1xx_hal_msp.o
 .ARM.attributes
                0x000000000000012b       0x2d ./Core/Src/stm32f1xx_it.o
 .ARM.attributes
                0x0000000000000158       0x2d ./Core/Src/syscalls.o
 .ARM.attributes
                0x0000000000000185       0x2d ./Core/Src/sysmem.o
 .ARM.attributes
                0x00000000000001b2       0x2d ./Core/Src/system_stm32f1xx.o
 .ARM.attributes
                0x00000000000001df       0x2d ./Core/Src/usart.o
 .ARM.attributes
                0x000000000000020c       0x21 ./Core/Startup/startup_stm32f103c8tx.o
 .ARM.attributes
                0x000000000000022d       0x2d ./Drivers/STM32F1xx_HAL_Driver/Src/stm32f1xx_hal.o
 .ARM.attributes
                0x000000000000025a       0x2d ./Drivers/STM32F1xx_HAL_Driver/Src/stm32f1xx_hal_adc.o
 .ARM.attributes
                0x0000000000000287       0x2d ./Drivers/STM32F1xx_HAL_Driver/Src/stm32f1xx_hal_adc_ex.o
 .ARM.attributes
                0x00000000000002b4       0x2d ./Drivers/STM32F1xx_HAL_Driver/Src/stm32f1xx_hal_cortex.o
 .ARM.attributes
                0x00000000000002e1       0x2d ./Drivers/STM32F1xx_HAL_Driver/Src/stm32f1xx_hal_dma.o
 .ARM.attributes
                0x000000000000030e       0x2d ./Drivers/STM32F1xx_HAL_Driver/Src/stm32f1xx_hal_gpio.o
 .ARM.attributes
                0x000000000000033b       0x2d ./Drivers/STM32F1xx_HAL_Driver/Src/stm32f1xx_hal_rcc.o
 .ARM.attributes
                0x0000000000000368       0x2d ./Drivers/STM32F1xx_HAL_Driver/Src/stm32f1xx_hal_rcc_ex.o
 .ARM.attributes
                0x0000000000000395       0x2d ./Drivers/STM32F1xx_HAL_Driver/Src/stm32f1xx_hal_uart.o
 .ARM.attributes
                0x00000000000003c2       0x2d X:/ELECTRONICA/ST/STM32CubeIDE_1.13.1/STM32CubeIDE/plugins/com.st.stm32cube.ide.mcu.externaltools.gnu-tools-for-stm32.11.3.rel1.win32_1.1.1.202309131626/tools/bin/../lib/gcc/arm-none-eabi/11.3.1/../../../../arm-none-eabi/lib/thumb/v7-m/nofp\libc_nano.a(libc_a-findfp.o)
 .ARM.attributes
                0x00000000000003ef       0x2d X:/ELECTRONICA/ST/STM32CubeIDE_1.13.1/STM32CubeIDE/plugins/com.st.stm32cube.ide.mcu.externaltools.gnu-tools-for-stm32.11.3.rel1.win32_1.1.1.202309131626/tools/bin/../lib/gcc/arm-none-eabi/11.3.1/../../../../arm-none-eabi/lib/thumb/v7-m/nofp\libc_nano.a(libc_a-fwalk.o)
 .ARM.attributes
                0x000000000000041c       0x2d X:/ELECTRONICA/ST/STM32CubeIDE_1.13.1/STM32CubeIDE/plugins/com.st.stm32cube.ide.mcu.externaltools.gnu-tools-for-stm32.11.3.rel1.win32_1.1.1.202309131626/tools/bin/../lib/gcc/arm-none-eabi/11.3.1/../../../../arm-none-eabi/lib/thumb/v7-m/nofp\libc_nano.a(libc_a-printf.o)
 .ARM.attributes
                0x0000000000000449       0x2d X:/ELECTRONICA/ST/STM32CubeIDE_1.13.1/STM32CubeIDE/plugins/com.st.stm32cube.ide.mcu.externaltools.gnu-tools-for-stm32.11.3.rel1.win32_1.1.1.202309131626/tools/bin/../lib/gcc/arm-none-eabi/11.3.1/../../../../arm-none-eabi/lib/thumb/v7-m/nofp\libc_nano.a(libc_a-stdio.o)
 .ARM.attributes
                0x0000000000000476       0x2d X:/ELECTRONICA/ST/STM32CubeIDE_1.13.1/STM32CubeIDE/plugins/com.st.stm32cube.ide.mcu.externaltools.gnu-tools-for-stm32.11.3.rel1.win32_1.1.1.202309131626/tools/bin/../lib/gcc/arm-none-eabi/11.3.1/../../../../arm-none-eabi/lib/thumb/v7-m/nofp\libc_nano.a(libc_a-memset.o)
 .ARM.attributes
                0x00000000000004a3       0x2d X:/ELECTRONICA/ST/STM32CubeIDE_1.13.1/STM32CubeIDE/plugins/com.st.stm32cube.ide.mcu.externaltools.gnu-tools-for-stm32.11.3.rel1.win32_1.1.1.202309131626/tools/bin/../lib/gcc/arm-none-eabi/11.3.1/../../../../arm-none-eabi/lib/thumb/v7-m/nofp\libc_nano.a(libc_a-closer.o)
 .ARM.attributes
                0x00000000000004d0       0x2d X:/ELECTRONICA/ST/STM32CubeIDE_1.13.1/STM32CubeIDE/plugins/com.st.stm32cube.ide.mcu.externaltools.gnu-tools-for-stm32.11.3.rel1.win32_1.1.1.202309131626/tools/bin/../lib/gcc/arm-none-eabi/11.3.1/../../../../arm-none-eabi/lib/thumb/v7-m/nofp\libc_nano.a(libc_a-reent.o)
 .ARM.attributes
                0x00000000000004fd       0x2d X:/ELECTRONICA/ST/STM32CubeIDE_1.13.1/STM32CubeIDE/plugins/com.st.stm32cube.ide.mcu.externaltools.gnu-tools-for-stm32.11.3.rel1.win32_1.1.1.202309131626/tools/bin/../lib/gcc/arm-none-eabi/11.3.1/../../../../arm-none-eabi/lib/thumb/v7-m/nofp\libc_nano.a(libc_a-impure.o)
 .ARM.attributes
                0x000000000000052a       0x2d X:/ELECTRONICA/ST/STM32CubeIDE_1.13.1/STM32CubeIDE/plugins/com.st.stm32cube.ide.mcu.externaltools.gnu-tools-for-stm32.11.3.rel1.win32_1.1.1.202309131626/tools/bin/../lib/gcc/arm-none-eabi/11.3.1/../../../../arm-none-eabi/lib/thumb/v7-m/nofp\libc_nano.a(libc_a-lseekr.o)
 .ARM.attributes
                0x0000000000000557       0x2d X:/ELECTRONICA/ST/STM32CubeIDE_1.13.1/STM32CubeIDE/plugins/com.st.stm32cube.ide.mcu.externaltools.gnu-tools-for-stm32.11.3.rel1.win32_1.1.1.202309131626/tools/bin/../lib/gcc/arm-none-eabi/11.3.1/../../../../arm-none-eabi/lib/thumb/v7-m/nofp\libc_nano.a(libc_a-readr.o)
 .ARM.attributes
                0x0000000000000584       0x2d X:/ELECTRONICA/ST/STM32CubeIDE_1.13.1/STM32CubeIDE/plugins/com.st.stm32cube.ide.mcu.externaltools.gnu-tools-for-stm32.11.3.rel1.win32_1.1.1.202309131626/tools/bin/../lib/gcc/arm-none-eabi/11.3.1/../../../../arm-none-eabi/lib/thumb/v7-m/nofp\libc_nano.a(libc_a-writer.o)
 .ARM.attributes
                0x00000000000005b1       0x2d X:/ELECTRONICA/ST/STM32CubeIDE_1.13.1/STM32CubeIDE/plugins/com.st.stm32cube.ide.mcu.externaltools.gnu-tools-for-stm32.11.3.rel1.win32_1.1.1.202309131626/tools/bin/../lib/gcc/arm-none-eabi/11.3.1/../../../../arm-none-eabi/lib/thumb/v7-m/nofp\libc_nano.a(libc_a-errno.o)
 .ARM.attributes
                0x00000000000005de       0x2d X:/ELECTRONICA/ST/STM32CubeIDE_1.13.1/STM32CubeIDE/plugins/com.st.stm32cube.ide.mcu.externaltools.gnu-tools-for-stm32.11.3.rel1.win32_1.1.1.202309131626/tools/bin/../lib/gcc/arm-none-eabi/11.3.1/../../../../arm-none-eabi/lib/thumb/v7-m/nofp\libc_nano.a(libc_a-init.o)
 .ARM.attributes
                0x000000000000060b       0x2d X:/ELECTRONICA/ST/STM32CubeIDE_1.13.1/STM32CubeIDE/plugins/com.st.stm32cube.ide.mcu.externaltools.gnu-tools-for-stm32.11.3.rel1.win32_1.1.1.202309131626/tools/bin/../lib/gcc/arm-none-eabi/11.3.1/../../../../arm-none-eabi/lib/thumb/v7-m/nofp\libc_nano.a(libc_a-lock.o)
 .ARM.attributes
                0x0000000000000638       0x2d X:/ELECTRONICA/ST/STM32CubeIDE_1.13.1/STM32CubeIDE/plugins/com.st.stm32cube.ide.mcu.externaltools.gnu-tools-for-stm32.11.3.rel1.win32_1.1.1.202309131626/tools/bin/../lib/gcc/arm-none-eabi/11.3.1/../../../../arm-none-eabi/lib/thumb/v7-m/nofp\libc_nano.a(libc_a-freer.o)
 .ARM.attributes
                0x0000000000000665       0x2d X:/ELECTRONICA/ST/STM32CubeIDE_1.13.1/STM32CubeIDE/plugins/com.st.stm32cube.ide.mcu.externaltools.gnu-tools-for-stm32.11.3.rel1.win32_1.1.1.202309131626/tools/bin/../lib/gcc/arm-none-eabi/11.3.1/../../../../arm-none-eabi/lib/thumb/v7-m/nofp\libc_nano.a(libc_a-mallocr.o)
 .ARM.attributes
                0x0000000000000692       0x2d X:/ELECTRONICA/ST/STM32CubeIDE_1.13.1/STM32CubeIDE/plugins/com.st.stm32cube.ide.mcu.externaltools.gnu-tools-for-stm32.11.3.rel1.win32_1.1.1.202309131626/tools/bin/../lib/gcc/arm-none-eabi/11.3.1/../../../../arm-none-eabi/lib/thumb/v7-m/nofp\libc_nano.a(libc_a-mlock.o)
 .ARM.attributes
                0x00000000000006bf       0x2d X:/ELECTRONICA/ST/STM32CubeIDE_1.13.1/STM32CubeIDE/plugins/com.st.stm32cube.ide.mcu.externaltools.gnu-tools-for-stm32.11.3.rel1.win32_1.1.1.202309131626/tools/bin/../lib/gcc/arm-none-eabi/11.3.1/../../../../arm-none-eabi/lib/thumb/v7-m/nofp\libc_nano.a(libc_a-nano-vfprintf.o)
 .ARM.attributes
                0x00000000000006ec       0x2d X:/ELECTRONICA/ST/STM32CubeIDE_1.13.1/STM32CubeIDE/plugins/com.st.stm32cube.ide.mcu.externaltools.gnu-tools-for-stm32.11.3.rel1.win32_1.1.1.202309131626/tools/bin/../lib/gcc/arm-none-eabi/11.3.1/../../../../arm-none-eabi/lib/thumb/v7-m/nofp\libc_nano.a(libc_a-nano-vfprintf_i.o)
 .ARM.attributes
                0x0000000000000719       0x2d X:/ELECTRONICA/ST/STM32CubeIDE_1.13.1/STM32CubeIDE/plugins/com.st.stm32cube.ide.mcu.externaltools.gnu-tools-for-stm32.11.3.rel1.win32_1.1.1.202309131626/tools/bin/../lib/gcc/arm-none-eabi/11.3.1/../../../../arm-none-eabi/lib/thumb/v7-m/nofp\libc_nano.a(libc_a-fflush.o)
 .ARM.attributes
                0x0000000000000746       0x2d X:/ELECTRONICA/ST/STM32CubeIDE_1.13.1/STM32CubeIDE/plugins/com.st.stm32cube.ide.mcu.externaltools.gnu-tools-for-stm32.11.3.rel1.win32_1.1.1.202309131626/tools/bin/../lib/gcc/arm-none-eabi/11.3.1/../../../../arm-none-eabi/lib/thumb/v7-m/nofp\libc_nano.a(libc_a-wbuf.o)
 .ARM.attributes
                0x0000000000000773       0x2d X:/ELECTRONICA/ST/STM32CubeIDE_1.13.1/STM32CubeIDE/plugins/com.st.stm32cube.ide.mcu.externaltools.gnu-tools-for-stm32.11.3.rel1.win32_1.1.1.202309131626/tools/bin/../lib/gcc/arm-none-eabi/11.3.1/../../../../arm-none-eabi/lib/thumb/v7-m/nofp\libc_nano.a(libc_a-wsetup.o)
 .ARM.attributes
                0x00000000000007a0       0x2d X:/ELECTRONICA/ST/STM32CubeIDE_1.13.1/STM32CubeIDE/plugins/com.st.stm32cube.ide.mcu.externaltools.gnu-tools-for-stm32.11.3.rel1.win32_1.1.1.202309131626/tools/bin/../lib/gcc/arm-none-eabi/11.3.1/../../../../arm-none-eabi/lib/thumb/v7-m/nofp\libc_nano.a(libc_a-sbrkr.o)
 .ARM.attributes
                0x00000000000007cd       0x2d X:/ELECTRONICA/ST/STM32CubeIDE_1.13.1/STM32CubeIDE/plugins/com.st.stm32cube.ide.mcu.externaltools.gnu-tools-for-stm32.11.3.rel1.win32_1.1.1.202309131626/tools/bin/../lib/gcc/arm-none-eabi/11.3.1/../../../../arm-none-eabi/lib/thumb/v7-m/nofp\libc_nano.a(libc_a-memchr-stub.o)
 .ARM.attributes
                0x00000000000007fa       0x2d X:/ELECTRONICA/ST/STM32CubeIDE_1.13.1/STM32CubeIDE/plugins/com.st.stm32cube.ide.mcu.externaltools.gnu-tools-for-stm32.11.3.rel1.win32_1.1.1.202309131626/tools/bin/../lib/gcc/arm-none-eabi/11.3.1/../../../../arm-none-eabi/lib/thumb/v7-m/nofp\libc_nano.a(libc_a-makebuf.o)
 .ARM.attributes
                0x0000000000000827       0x2d X:/ELECTRONICA/ST/STM32CubeIDE_1.13.1/STM32CubeIDE/plugins/com.st.stm32cube.ide.mcu.externaltools.gnu-tools-for-stm32.11.3.rel1.win32_1.1.1.202309131626/tools/bin/../lib/gcc/arm-none-eabi/11.3.1/../../../../arm-none-eabi/lib/thumb/v7-m/nofp\libc_nano.a(libc_a-fstatr.o)
 .ARM.attributes
                0x0000000000000854       0x2d X:/ELECTRONICA/ST/STM32CubeIDE_1.13.1/STM32CubeIDE/plugins/com.st.stm32cube.ide.mcu.externaltools.gnu-tools-for-stm32.11.3.rel1.win32_1.1.1.202309131626/tools/bin/../lib/gcc/arm-none-eabi/11.3.1/../../../../arm-none-eabi/lib/thumb/v7-m/nofp\libc_nano.a(libc_a-isattyr.o)
 .ARM.attributes
                0x0000000000000881       0x1d X:/ELECTRONICA/ST/STM32CubeIDE_1.13.1/STM32CubeIDE/plugins/com.st.stm32cube.ide.mcu.externaltools.gnu-tools-for-stm32.11.3.rel1.win32_1.1.1.202309131626/tools/bin/../lib/gcc/arm-none-eabi/11.3.1/thumb/v7-m/nofp/crtn.o
OUTPUT(6_ADCAndUARTWhitStruct.elf elf32-littlearm)
LOAD linker stubs
LOAD X:/ELECTRONICA/ST/STM32CubeIDE_1.13.1/STM32CubeIDE/plugins/com.st.stm32cube.ide.mcu.externaltools.gnu-tools-for-stm32.11.3.rel1.win32_1.1.1.202309131626/tools/bin/../lib/gcc/arm-none-eabi/11.3.1/../../../../arm-none-eabi/lib/thumb/v7-m/nofp\libc.a
LOAD X:/ELECTRONICA/ST/STM32CubeIDE_1.13.1/STM32CubeIDE/plugins/com.st.stm32cube.ide.mcu.externaltools.gnu-tools-for-stm32.11.3.rel1.win32_1.1.1.202309131626/tools/bin/../lib/gcc/arm-none-eabi/11.3.1/../../../../arm-none-eabi/lib/thumb/v7-m/nofp\libm.a
LOAD X:/ELECTRONICA/ST/STM32CubeIDE_1.13.1/STM32CubeIDE/plugins/com.st.stm32cube.ide.mcu.externaltools.gnu-tools-for-stm32.11.3.rel1.win32_1.1.1.202309131626/tools/bin/../lib/gcc/arm-none-eabi/11.3.1/thumb/v7-m/nofp\libgcc.a

.comment        0x0000000000000000       0x43
 .comment       0x0000000000000000       0x43 X:/ELECTRONICA/ST/STM32CubeIDE_1.13.1/STM32CubeIDE/plugins/com.st.stm32cube.ide.mcu.externaltools.gnu-tools-for-stm32.11.3.rel1.win32_1.1.1.202309131626/tools/bin/../lib/gcc/arm-none-eabi/11.3.1/thumb/v7-m/nofp/crtbegin.o
                                         0x44 (size before relaxing)
 .comment       0x0000000000000043       0x44 ./Core/Librerias/My_adc.o
 .comment       0x0000000000000043       0x44 ./Core/Src/adc.o
 .comment       0x0000000000000043       0x44 ./Core/Src/gpio.o
 .comment       0x0000000000000043       0x44 ./Core/Src/main.o
 .comment       0x0000000000000043       0x44 ./Core/Src/stm32f1xx_hal_msp.o
 .comment       0x0000000000000043       0x44 ./Core/Src/stm32f1xx_it.o
 .comment       0x0000000000000043       0x44 ./Core/Src/syscalls.o
 .comment       0x0000000000000043       0x44 ./Core/Src/sysmem.o
 .comment       0x0000000000000043       0x44 ./Core/Src/system_stm32f1xx.o
 .comment       0x0000000000000043       0x44 ./Core/Src/usart.o
 .comment       0x0000000000000043       0x44 ./Drivers/STM32F1xx_HAL_Driver/Src/stm32f1xx_hal.o
 .comment       0x0000000000000043       0x44 ./Drivers/STM32F1xx_HAL_Driver/Src/stm32f1xx_hal_adc.o
 .comment       0x0000000000000043       0x44 ./Drivers/STM32F1xx_HAL_Driver/Src/stm32f1xx_hal_adc_ex.o
 .comment       0x0000000000000043       0x44 ./Drivers/STM32F1xx_HAL_Driver/Src/stm32f1xx_hal_cortex.o
 .comment       0x0000000000000043       0x44 ./Drivers/STM32F1xx_HAL_Driver/Src/stm32f1xx_hal_dma.o
 .comment       0x0000000000000043       0x44 ./Drivers/STM32F1xx_HAL_Driver/Src/stm32f1xx_hal_gpio.o
 .comment       0x0000000000000043       0x44 ./Drivers/STM32F1xx_HAL_Driver/Src/stm32f1xx_hal_rcc.o
 .comment       0x0000000000000043       0x44 ./Drivers/STM32F1xx_HAL_Driver/Src/stm32f1xx_hal_rcc_ex.o
 .comment       0x0000000000000043       0x44 ./Drivers/STM32F1xx_HAL_Driver/Src/stm32f1xx_hal_uart.o

.debug_info     0x0000000000000000     0xa4f1
 .debug_info    0x0000000000000000      0x565 ./Core/Librerias/My_adc.o
 .debug_info    0x0000000000000565      0x94a ./Core/Src/adc.o
 .debug_info    0x0000000000000eaf      0x2b7 ./Core/Src/gpio.o
 .debug_info    0x0000000000001166      0xa26 ./Core/Src/main.o
 .debug_info    0x0000000000001b8c      0x1f1 ./Core/Src/stm32f1xx_hal_msp.o
 .debug_info    0x0000000000001d7d      0x5aa ./Core/Src/stm32f1xx_it.o
 .debug_info    0x0000000000002327      0x6a3 ./Core/Src/syscalls.o
 .debug_info    0x00000000000029ca      0x168 ./Core/Src/sysmem.o
 .debug_info    0x0000000000002b32      0x222 ./Core/Src/system_stm32f1xx.o
 .debug_info    0x0000000000002d54      0x7d5 ./Core/Src/usart.o
 .debug_info    0x0000000000003529       0x23 ./Core/Startup/startup_stm32f103c8tx.o
 .debug_info    0x000000000000354c      0x704 ./Drivers/STM32F1xx_HAL_Driver/Src/stm32f1xx_hal.o
 .debug_info    0x0000000000003c50      0xc50 ./Drivers/STM32F1xx_HAL_Driver/Src/stm32f1xx_hal_adc.o
 .debug_info    0x00000000000048a0      0xa10 ./Drivers/STM32F1xx_HAL_Driver/Src/stm32f1xx_hal_adc_ex.o
 .debug_info    0x00000000000052b0      0xa87 ./Drivers/STM32F1xx_HAL_Driver/Src/stm32f1xx_hal_cortex.o
 .debug_info    0x0000000000005d37      0x6d2 ./Drivers/STM32F1xx_HAL_Driver/Src/stm32f1xx_hal_dma.o
 .debug_info    0x0000000000006409      0x5ab ./Drivers/STM32F1xx_HAL_Driver/Src/stm32f1xx_hal_gpio.o
 .debug_info    0x00000000000069b4      0x7d5 ./Drivers/STM32F1xx_HAL_Driver/Src/stm32f1xx_hal_rcc.o
 .debug_info    0x0000000000007189      0x3c0 ./Drivers/STM32F1xx_HAL_Driver/Src/stm32f1xx_hal_rcc_ex.o
 .debug_info    0x0000000000007549     0x2fa8 ./Drivers/STM32F1xx_HAL_Driver/Src/stm32f1xx_hal_uart.o

.debug_abbrev   0x0000000000000000     0x2379
 .debug_abbrev  0x0000000000000000      0x156 ./Core/Librerias/My_adc.o
 .debug_abbrev  0x0000000000000156      0x200 ./Core/Src/adc.o
 .debug_abbrev  0x0000000000000356      0x13f ./Core/Src/gpio.o
 .debug_abbrev  0x0000000000000495      0x259 ./Core/Src/main.o
 .debug_abbrev  0x00000000000006ee       0xdb ./Core/Src/stm32f1xx_hal_msp.o
 .debug_abbrev  0x00000000000007c9      0x184 ./Core/Src/stm32f1xx_it.o
 .debug_abbrev  0x000000000000094d      0x1b6 ./Core/Src/syscalls.o
 .debug_abbrev  0x0000000000000b03       0xbc ./Core/Src/sysmem.o
 .debug_abbrev  0x0000000000000bbf      0x13f ./Core/Src/system_stm32f1xx.o
 .debug_abbrev  0x0000000000000cfe      0x1fa ./Core/Src/usart.o
 .debug_abbrev  0x0000000000000ef8       0x12 ./Core/Startup/startup_stm32f103c8tx.o
 .debug_abbrev  0x0000000000000f0a      0x201 ./Drivers/STM32F1xx_HAL_Driver/Src/stm32f1xx_hal.o
 .debug_abbrev  0x000000000000110b      0x225 ./Drivers/STM32F1xx_HAL_Driver/Src/stm32f1xx_hal_adc.o
 .debug_abbrev  0x0000000000001330      0x249 ./Drivers/STM32F1xx_HAL_Driver/Src/stm32f1xx_hal_adc_ex.o
 .debug_abbrev  0x0000000000001579      0x2f8 ./Drivers/STM32F1xx_HAL_Driver/Src/stm32f1xx_hal_cortex.o
 .debug_abbrev  0x0000000000001871      0x20b ./Drivers/STM32F1xx_HAL_Driver/Src/stm32f1xx_hal_dma.o
 .debug_abbrev  0x0000000000001a7c      0x1ca ./Drivers/STM32F1xx_HAL_Driver/Src/stm32f1xx_hal_gpio.o
 .debug_abbrev  0x0000000000001c46      0x2b3 ./Drivers/STM32F1xx_HAL_Driver/Src/stm32f1xx_hal_rcc.o
 .debug_abbrev  0x0000000000001ef9      0x188 ./Drivers/STM32F1xx_HAL_Driver/Src/stm32f1xx_hal_rcc_ex.o
 .debug_abbrev  0x0000000000002081      0x2f8 ./Drivers/STM32F1xx_HAL_Driver/Src/stm32f1xx_hal_uart.o

.debug_aranges  0x0000000000000000      0x970
 .debug_aranges
                0x0000000000000000       0x20 ./Core/Librerias/My_adc.o
 .debug_aranges
                0x0000000000000020       0x30 ./Core/Src/adc.o
 .debug_aranges
                0x0000000000000050       0x20 ./Core/Src/gpio.o
 .debug_aranges
                0x0000000000000070       0x38 ./Core/Src/main.o
 .debug_aranges
                0x00000000000000a8       0x20 ./Core/Src/stm32f1xx_hal_msp.o
 .debug_aranges
                0x00000000000000c8       0x70 ./Core/Src/stm32f1xx_it.o
 .debug_aranges
                0x0000000000000138       0xa8 ./Core/Src/syscalls.o
 .debug_aranges
                0x00000000000001e0       0x20 ./Core/Src/sysmem.o
 .debug_aranges
                0x0000000000000200       0x28 ./Core/Src/system_stm32f1xx.o
 .debug_aranges
                0x0000000000000228       0x30 ./Core/Src/usart.o
 .debug_aranges
                0x0000000000000258       0x28 ./Core/Startup/startup_stm32f103c8tx.o
 .debug_aranges
                0x0000000000000280       0xe0 ./Drivers/STM32F1xx_HAL_Driver/Src/stm32f1xx_hal.o
 .debug_aranges
                0x0000000000000360       0xf0 ./Drivers/STM32F1xx_HAL_Driver/Src/stm32f1xx_hal_adc.o
 .debug_aranges
                0x0000000000000450       0x80 ./Drivers/STM32F1xx_HAL_Driver/Src/stm32f1xx_hal_adc_ex.o
 .debug_aranges
                0x00000000000004d0      0x100 ./Drivers/STM32F1xx_HAL_Driver/Src/stm32f1xx_hal_cortex.o
 .debug_aranges
                0x00000000000005d0       0x80 ./Drivers/STM32F1xx_HAL_Driver/Src/stm32f1xx_hal_dma.o
 .debug_aranges
                0x0000000000000650       0x58 ./Drivers/STM32F1xx_HAL_Driver/Src/stm32f1xx_hal_gpio.o
 .debug_aranges
                0x00000000000006a8       0x90 ./Drivers/STM32F1xx_HAL_Driver/Src/stm32f1xx_hal_rcc.o
 .debug_aranges
                0x0000000000000738       0x30 ./Drivers/STM32F1xx_HAL_Driver/Src/stm32f1xx_hal_rcc_ex.o
 .debug_aranges
                0x0000000000000768      0x208 ./Drivers/STM32F1xx_HAL_Driver/Src/stm32f1xx_hal_uart.o

.debug_rnglists
                0x0000000000000000      0x71a
 .debug_rnglists
                0x0000000000000000       0x13 ./Core/Librerias/My_adc.o
 .debug_rnglists
                0x0000000000000013       0x20 ./Core/Src/adc.o
 .debug_rnglists
                0x0000000000000033       0x14 ./Core/Src/gpio.o
 .debug_rnglists
                0x0000000000000047       0x27 ./Core/Src/main.o
 .debug_rnglists
                0x000000000000006e       0x13 ./Core/Src/stm32f1xx_hal_msp.o
 .debug_rnglists
                0x0000000000000081       0x4f ./Core/Src/stm32f1xx_it.o
 .debug_rnglists
                0x00000000000000d0       0x79 ./Core/Src/syscalls.o
 .debug_rnglists
                0x0000000000000149       0x13 ./Core/Src/sysmem.o
 .debug_rnglists
                0x000000000000015c       0x1a ./Core/Src/system_stm32f1xx.o
 .debug_rnglists
                0x0000000000000176       0x20 ./Core/Src/usart.o
 .debug_rnglists
                0x0000000000000196       0x19 ./Core/Startup/startup_stm32f103c8tx.o
 .debug_rnglists
                0x00000000000001af       0xa3 ./Drivers/STM32F1xx_HAL_Driver/Src/stm32f1xx_hal.o
 .debug_rnglists
                0x0000000000000252       0xbc ./Drivers/STM32F1xx_HAL_Driver/Src/stm32f1xx_hal_adc.o
 .debug_rnglists
                0x000000000000030e       0x65 ./Drivers/STM32F1xx_HAL_Driver/Src/stm32f1xx_hal_adc_ex.o
 .debug_rnglists
                0x0000000000000373       0xbb ./Drivers/STM32F1xx_HAL_Driver/Src/stm32f1xx_hal_cortex.o
 .debug_rnglists
                0x000000000000042e       0x64 ./Drivers/STM32F1xx_HAL_Driver/Src/stm32f1xx_hal_dma.o
 .debug_rnglists
                0x0000000000000492       0x3f ./Drivers/STM32F1xx_HAL_Driver/Src/stm32f1xx_hal_gpio.o
 .debug_rnglists
                0x00000000000004d1       0x6c ./Drivers/STM32F1xx_HAL_Driver/Src/stm32f1xx_hal_rcc.o
 .debug_rnglists
                0x000000000000053d       0x21 ./Drivers/STM32F1xx_HAL_Driver/Src/stm32f1xx_hal_rcc_ex.o
 .debug_rnglists
                0x000000000000055e      0x1bc ./Drivers/STM32F1xx_HAL_Driver/Src/stm32f1xx_hal_uart.o

.debug_macro    0x0000000000000000    0x18ca6
 .debug_macro   0x0000000000000000      0x1bc ./Core/Librerias/My_adc.o
 .debug_macro   0x00000000000001bc      0xa9c ./Core/Librerias/My_adc.o
 .debug_macro   0x0000000000000c58      0x221 ./Core/Librerias/My_adc.o
 .debug_macro   0x0000000000000e79       0x2e ./Core/Librerias/My_adc.o
 .debug_macro   0x0000000000000ea7       0x22 ./Core/Librerias/My_adc.o
 .debug_macro   0x0000000000000ec9       0x22 ./Core/Librerias/My_adc.o
 .debug_macro   0x0000000000000eeb       0x8e ./Core/Librerias/My_adc.o
 .debug_macro   0x0000000000000f79       0x51 ./Core/Librerias/My_adc.o
 .debug_macro   0x0000000000000fca      0x103 ./Core/Librerias/My_adc.o
 .debug_macro   0x00000000000010cd       0x6a ./Core/Librerias/My_adc.o
 .debug_macro   0x0000000000001137      0x1df ./Core/Librerias/My_adc.o
 .debug_macro   0x0000000000001316       0x1c ./Core/Librerias/My_adc.o
 .debug_macro   0x0000000000001332       0x22 ./Core/Librerias/My_adc.o
 .debug_macro   0x0000000000001354       0xbd ./Core/Librerias/My_adc.o
 .debug_macro   0x0000000000001411      0xd23 ./Core/Librerias/My_adc.o
 .debug_macro   0x0000000000002134     0xe09e ./Core/Librerias/My_adc.o
 .debug_macro   0x00000000000101d2       0x6d ./Core/Librerias/My_adc.o
 .debug_macro   0x000000000001023f     0x348d ./Core/Librerias/My_adc.o
 .debug_macro   0x00000000000136cc      0x174 ./Core/Librerias/My_adc.o
 .debug_macro   0x0000000000013840       0x5c ./Core/Librerias/My_adc.o
 .debug_macro   0x000000000001389c      0x5bc ./Core/Librerias/My_adc.o
 .debug_macro   0x0000000000013e58      0x289 ./Core/Librerias/My_adc.o
 .debug_macro   0x00000000000140e1      0x1cb ./Core/Librerias/My_adc.o
 .debug_macro   0x00000000000142ac      0x114 ./Core/Librerias/My_adc.o
 .debug_macro   0x00000000000143c0      0x1b2 ./Core/Librerias/My_adc.o
 .debug_macro   0x0000000000014572       0x27 ./Core/Librerias/My_adc.o
 .debug_macro   0x0000000000014599      0x136 ./Core/Librerias/My_adc.o
 .debug_macro   0x00000000000146cf      0x1bc ./Core/Librerias/My_adc.o
 .debug_macro   0x000000000001488b       0x34 ./Core/Librerias/My_adc.o
 .debug_macro   0x00000000000148bf       0x3c ./Core/Librerias/My_adc.o
 .debug_macro   0x00000000000148fb       0x57 ./Core/Librerias/My_adc.o
 .debug_macro   0x0000000000014952      0x46a ./Core/Librerias/My_adc.o
 .debug_macro   0x0000000000014dbc      0x1b5 ./Core/Librerias/My_adc.o
 .debug_macro   0x0000000000014f71       0x87 ./Core/Librerias/My_adc.o
 .debug_macro   0x0000000000014ff8      0x240 ./Core/Librerias/My_adc.o
 .debug_macro   0x0000000000015238      0x140 ./Core/Librerias/My_adc.o
 .debug_macro   0x0000000000015378      0x28e ./Core/Librerias/My_adc.o
 .debug_macro   0x0000000000015606       0x83 ./Core/Librerias/My_adc.o
 .debug_macro   0x0000000000015689      0x1bc ./Core/Src/adc.o
 .debug_macro   0x0000000000015845      0x1bc ./Core/Src/gpio.o
 .debug_macro   0x0000000000015a01      0x2fc ./Core/Src/main.o
 .debug_macro   0x0000000000015cfd       0x61 ./Core/Src/main.o
 .debug_macro   0x0000000000015d5e       0x24 ./Core/Src/main.o
 .debug_macro   0x0000000000015d82       0x43 ./Core/Src/main.o
 .debug_macro   0x0000000000015dc5       0x34 ./Core/Src/main.o
 .debug_macro   0x0000000000015df9       0x16 ./Core/Src/main.o
 .debug_macro   0x0000000000015e0f       0x43 ./Core/Src/main.o
 .debug_macro   0x0000000000015e52       0x34 ./Core/Src/main.o
 .debug_macro   0x0000000000015e86       0x10 ./Core/Src/main.o
 .debug_macro   0x0000000000015e96       0x58 ./Core/Src/main.o
 .debug_macro   0x0000000000015eee       0x8e ./Core/Src/main.o
 .debug_macro   0x0000000000015f7c       0x1c ./Core/Src/main.o
 .debug_macro   0x0000000000015f98      0x177 ./Core/Src/main.o
 .debug_macro   0x000000000001610f      0x369 ./Core/Src/main.o
 .debug_macro   0x0000000000016478       0x10 ./Core/Src/main.o
 .debug_macro   0x0000000000016488       0x35 ./Core/Src/main.o
 .debug_macro   0x00000000000164bd       0x20 ./Core/Src/main.o
 .debug_macro   0x00000000000164dd       0x1c ./Core/Src/main.o
 .debug_macro   0x00000000000164f9       0x10 ./Core/Src/main.o
 .debug_macro   0x0000000000016509       0x1c ./Core/Src/main.o
 .debug_macro   0x0000000000016525       0x16 ./Core/Src/main.o
 .debug_macro   0x000000000001653b      0x147 ./Core/Src/main.o
 .debug_macro   0x0000000000016682      0x1b2 ./Core/Src/stm32f1xx_hal_msp.o
 .debug_macro   0x0000000000016834      0x1bc ./Core/Src/stm32f1xx_it.o
 .debug_macro   0x00000000000169f0      0x274 ./Core/Src/syscalls.o
 .debug_macro   0x0000000000016c64       0x5b ./Core/Src/syscalls.o
 .debug_macro   0x0000000000016cbf       0x94 ./Core/Src/syscalls.o
 .debug_macro   0x0000000000016d53       0x57 ./Core/Src/syscalls.o
 .debug_macro   0x0000000000016daa       0x10 ./Core/Src/syscalls.o
 .debug_macro   0x0000000000016dba       0x10 ./Core/Src/syscalls.o
 .debug_macro   0x0000000000016dca       0x10 ./Core/Src/syscalls.o
 .debug_macro   0x0000000000016dda       0x10 ./Core/Src/syscalls.o
 .debug_macro   0x0000000000016dea       0x1c ./Core/Src/syscalls.o
 .debug_macro   0x0000000000016e06       0x52 ./Core/Src/syscalls.o
 .debug_macro   0x0000000000016e58       0x22 ./Core/Src/syscalls.o
 .debug_macro   0x0000000000016e7a       0x10 ./Core/Src/syscalls.o
 .debug_macro   0x0000000000016e8a       0x52 ./Core/Src/syscalls.o
 .debug_macro   0x0000000000016edc       0xcf ./Core/Src/syscalls.o
 .debug_macro   0x0000000000016fab       0x1c ./Core/Src/syscalls.o
 .debug_macro   0x0000000000016fc7       0x3d ./Core/Src/syscalls.o
 .debug_macro   0x0000000000017004       0x35 ./Core/Src/syscalls.o
 .debug_macro   0x0000000000017039      0x12c ./Core/Src/syscalls.o
 .debug_macro   0x0000000000017165       0x16 ./Core/Src/syscalls.o
 .debug_macro   0x000000000001717b       0x16 ./Core/Src/syscalls.o
 .debug_macro   0x0000000000017191       0x29 ./Core/Src/syscalls.o
 .debug_macro   0x00000000000171ba       0x10 ./Core/Src/syscalls.o
 .debug_macro   0x00000000000171ca      0x242 ./Core/Src/syscalls.o
 .debug_macro   0x000000000001740c       0x10 ./Core/Src/syscalls.o
 .debug_macro   0x000000000001741c      0x18a ./Core/Src/syscalls.o
 .debug_macro   0x00000000000175a6       0x16 ./Core/Src/syscalls.o
 .debug_macro   0x00000000000175bc       0xce ./Core/Src/syscalls.o
 .debug_macro   0x000000000001768a       0xff ./Core/Src/sysmem.o
 .debug_macro   0x0000000000017789      0x23c ./Core/Src/sysmem.o
 .debug_macro   0x00000000000179c5      0x1a2 ./Core/Src/system_stm32f1xx.o
 .debug_macro   0x0000000000017b67      0x1bc ./Core/Src/usart.o
 .debug_macro   0x0000000000017d23      0x1c6 ./Drivers/STM32F1xx_HAL_Driver/Src/stm32f1xx_hal.o
 .debug_macro   0x0000000000017ee9      0x1bf ./Drivers/STM32F1xx_HAL_Driver/Src/stm32f1xx_hal_adc.o
 .debug_macro   0x00000000000180a8      0x1b4 ./Drivers/STM32F1xx_HAL_Driver/Src/stm32f1xx_hal_adc_ex.o
 .debug_macro   0x000000000001825c      0x1a2 ./Drivers/STM32F1xx_HAL_Driver/Src/stm32f1xx_hal_cortex.o
 .debug_macro   0x00000000000183fe      0x1a2 ./Drivers/STM32F1xx_HAL_Driver/Src/stm32f1xx_hal_dma.o
 .debug_macro   0x00000000000185a0      0x20d ./Drivers/STM32F1xx_HAL_Driver/Src/stm32f1xx_hal_gpio.o
 .debug_macro   0x00000000000187ad      0x1b4 ./Drivers/STM32F1xx_HAL_Driver/Src/stm32f1xx_hal_rcc.o
 .debug_macro   0x0000000000018961      0x1a2 ./Drivers/STM32F1xx_HAL_Driver/Src/stm32f1xx_hal_rcc_ex.o
 .debug_macro   0x0000000000018b03      0x1a3 ./Drivers/STM32F1xx_HAL_Driver/Src/stm32f1xx_hal_uart.o

.debug_line     0x0000000000000000     0xda42
 .debug_line    0x0000000000000000      0x703 ./Core/Librerias/My_adc.o
 .debug_line    0x0000000000000703      0x76f ./Core/Src/adc.o
 .debug_line    0x0000000000000e72      0x70b ./Core/Src/gpio.o
 .debug_line    0x000000000000157d      0xb19 ./Core/Src/main.o
 .debug_line    0x0000000000002096      0x6fe ./Core/Src/stm32f1xx_hal_msp.o
 .debug_line    0x0000000000002794      0x7ef ./Core/Src/stm32f1xx_it.o
 .debug_line    0x0000000000002f83      0xa5a ./Core/Src/syscalls.o
 .debug_line    0x00000000000039dd      0x672 ./Core/Src/sysmem.o
 .debug_line    0x000000000000404f      0x77b ./Core/Src/system_stm32f1xx.o
 .debug_line    0x00000000000047ca      0x78f ./Core/Src/usart.o
 .debug_line    0x0000000000004f59       0x78 ./Core/Startup/startup_stm32f103c8tx.o
 .debug_line    0x0000000000004fd1      0x9a8 ./Drivers/STM32F1xx_HAL_Driver/Src/stm32f1xx_hal.o
 .debug_line    0x0000000000005979     0x1025 ./Drivers/STM32F1xx_HAL_Driver/Src/stm32f1xx_hal_adc.o
 .debug_line    0x000000000000699e      0xd5f ./Drivers/STM32F1xx_HAL_Driver/Src/stm32f1xx_hal_adc_ex.o
 .debug_line    0x00000000000076fd      0xb90 ./Drivers/STM32F1xx_HAL_Driver/Src/stm32f1xx_hal_cortex.o
 .debug_line    0x000000000000828d      0xe01 ./Drivers/STM32F1xx_HAL_Driver/Src/stm32f1xx_hal_dma.o
 .debug_line    0x000000000000908e      0xa41 ./Drivers/STM32F1xx_HAL_Driver/Src/stm32f1xx_hal_gpio.o
 .debug_line    0x0000000000009acf      0xdb1 ./Drivers/STM32F1xx_HAL_Driver/Src/stm32f1xx_hal_rcc.o
 .debug_line    0x000000000000a880      0x8ec ./Drivers/STM32F1xx_HAL_Driver/Src/stm32f1xx_hal_rcc_ex.o
 .debug_line    0x000000000000b16c     0x28d6 ./Drivers/STM32F1xx_HAL_Driver/Src/stm32f1xx_hal_uart.o

.debug_str      0x0000000000000000    0x8907d
 .debug_str     0x0000000000000000    0x81227 ./Core/Librerias/My_adc.o
                                      0x815f2 (size before relaxing)
 .debug_str     0x0000000000081227      0x3ec ./Core/Src/adc.o
                                      0x81a0c (size before relaxing)
 .debug_str     0x0000000000081613       0x68 ./Core/Src/gpio.o
                                      0x8134c (size before relaxing)
 .debug_str     0x000000000008167b     0x3c7f ./Core/Src/main.o
                                      0x851b7 (size before relaxing)
 .debug_str     0x00000000000852fa       0x5a ./Core/Src/stm32f1xx_hal_msp.o
                                      0x812d4 (size before relaxing)
 .debug_str     0x0000000000085354      0x117 ./Core/Src/stm32f1xx_it.o
                                      0x81667 (size before relaxing)
 .debug_str     0x000000000008546b     0x20cb ./Core/Src/syscalls.o
                                       0x9880 (size before relaxing)
 .debug_str     0x0000000000087536       0x6b ./Core/Src/sysmem.o
                                       0x6037 (size before relaxing)
 .debug_str     0x00000000000875a1       0x7e ./Core/Src/system_stm32f1xx.o
                                      0x812f4 (size before relaxing)
 .debug_str     0x000000000008761f       0x6d ./Core/Src/usart.o
                                      0x817bf (size before relaxing)
 .debug_str     0x000000000008768c       0x34 ./Core/Startup/startup_stm32f103c8tx.o
                                         0xa1 (size before relaxing)
 .debug_str     0x00000000000876c0      0x37f ./Drivers/STM32F1xx_HAL_Driver/Src/stm32f1xx_hal.o
                                      0x81a27 (size before relaxing)
 .debug_str     0x0000000000087a3f      0x34c ./Drivers/STM32F1xx_HAL_Driver/Src/stm32f1xx_hal_adc.o
                                      0x819d8 (size before relaxing)
 .debug_str     0x0000000000087d8b      0x2d8 ./Drivers/STM32F1xx_HAL_Driver/Src/stm32f1xx_hal_adc_ex.o
                                      0x819a8 (size before relaxing)
 .debug_str     0x0000000000088063      0x294 ./Drivers/STM32F1xx_HAL_Driver/Src/stm32f1xx_hal_cortex.o
                                      0x81973 (size before relaxing)
 .debug_str     0x00000000000882f7      0x1e7 ./Drivers/STM32F1xx_HAL_Driver/Src/stm32f1xx_hal_dma.o
                                      0x8169d (size before relaxing)
 .debug_str     0x00000000000884de      0x2e1 ./Drivers/STM32F1xx_HAL_Driver/Src/stm32f1xx_hal_gpio.o
                                      0x8167a (size before relaxing)
 .debug_str     0x00000000000887bf      0x229 ./Drivers/STM32F1xx_HAL_Driver/Src/stm32f1xx_hal_rcc.o
                                      0x81723 (size before relaxing)
 .debug_str     0x00000000000889e8       0x84 ./Drivers/STM32F1xx_HAL_Driver/Src/stm32f1xx_hal_rcc_ex.o
                                      0x81473 (size before relaxing)
 .debug_str     0x0000000000088a6c      0x611 ./Drivers/STM32F1xx_HAL_Driver/Src/stm32f1xx_hal_uart.o
                                      0x81d94 (size before relaxing)

.debug_frame    0x0000000000000000     0x2b2c
 .debug_frame   0x0000000000000000       0x2c ./Core/Librerias/My_adc.o
 .debug_frame   0x000000000000002c       0x7c ./Core/Src/adc.o
 .debug_frame   0x00000000000000a8       0x34 ./Core/Src/gpio.o
 .debug_frame   0x00000000000000dc       0x9c ./Core/Src/main.o
 .debug_frame   0x0000000000000178       0x38 ./Core/Src/stm32f1xx_hal_msp.o
 .debug_frame   0x00000000000001b0      0x13c ./Core/Src/stm32f1xx_it.o
 .debug_frame   0x00000000000002ec      0x2ac ./Core/Src/syscalls.o
 .debug_frame   0x0000000000000598       0x34 ./Core/Src/sysmem.o
 .debug_frame   0x00000000000005cc       0x58 ./Core/Src/system_stm32f1xx.o
 .debug_frame   0x0000000000000624       0x74 ./Core/Src/usart.o
 .debug_frame   0x0000000000000698      0x334 ./Drivers/STM32F1xx_HAL_Driver/Src/stm32f1xx_hal.o
 .debug_frame   0x00000000000009cc      0x40c ./Drivers/STM32F1xx_HAL_Driver/Src/stm32f1xx_hal_adc.o
 .debug_frame   0x0000000000000dd8      0x200 ./Drivers/STM32F1xx_HAL_Driver/Src/stm32f1xx_hal_adc_ex.o
 .debug_frame   0x0000000000000fd8      0x428 ./Drivers/STM32F1xx_HAL_Driver/Src/stm32f1xx_hal_cortex.o
 .debug_frame   0x0000000000001400      0x208 ./Drivers/STM32F1xx_HAL_Driver/Src/stm32f1xx_hal_dma.o
 .debug_frame   0x0000000000001608      0x14c ./Drivers/STM32F1xx_HAL_Driver/Src/stm32f1xx_hal_gpio.o
 .debug_frame   0x0000000000001754      0x218 ./Drivers/STM32F1xx_HAL_Driver/Src/stm32f1xx_hal_rcc.o
 .debug_frame   0x000000000000196c       0x80 ./Drivers/STM32F1xx_HAL_Driver/Src/stm32f1xx_hal_rcc_ex.o
 .debug_frame   0x00000000000019ec      0x944 ./Drivers/STM32F1xx_HAL_Driver/Src/stm32f1xx_hal_uart.o
 .debug_frame   0x0000000000002330      0x144 X:/ELECTRONICA/ST/STM32CubeIDE_1.13.1/STM32CubeIDE/plugins/com.st.stm32cube.ide.mcu.externaltools.gnu-tools-for-stm32.11.3.rel1.win32_1.1.1.202309131626/tools/bin/../lib/gcc/arm-none-eabi/11.3.1/../../../../arm-none-eabi/lib/thumb/v7-m/nofp\libc_nano.a(libc_a-findfp.o)
 .debug_frame   0x0000000000002474       0x34 X:/ELECTRONICA/ST/STM32CubeIDE_1.13.1/STM32CubeIDE/plugins/com.st.stm32cube.ide.mcu.externaltools.gnu-tools-for-stm32.11.3.rel1.win32_1.1.1.202309131626/tools/bin/../lib/gcc/arm-none-eabi/11.3.1/../../../../arm-none-eabi/lib/thumb/v7-m/nofp\libc_nano.a(libc_a-fwalk.o)
 .debug_frame   0x00000000000024a8       0x6c X:/ELECTRONICA/ST/STM32CubeIDE_1.13.1/STM32CubeIDE/plugins/com.st.stm32cube.ide.mcu.externaltools.gnu-tools-for-stm32.11.3.rel1.win32_1.1.1.202309131626/tools/bin/../lib/gcc/arm-none-eabi/11.3.1/../../../../arm-none-eabi/lib/thumb/v7-m/nofp\libc_nano.a(libc_a-printf.o)
 .debug_frame   0x0000000000002514       0x88 X:/ELECTRONICA/ST/STM32CubeIDE_1.13.1/STM32CubeIDE/plugins/com.st.stm32cube.ide.mcu.externaltools.gnu-tools-for-stm32.11.3.rel1.win32_1.1.1.202309131626/tools/bin/../lib/gcc/arm-none-eabi/11.3.1/../../../../arm-none-eabi/lib/thumb/v7-m/nofp\libc_nano.a(libc_a-stdio.o)
 .debug_frame   0x000000000000259c       0x20 X:/ELECTRONICA/ST/STM32CubeIDE_1.13.1/STM32CubeIDE/plugins/com.st.stm32cube.ide.mcu.externaltools.gnu-tools-for-stm32.11.3.rel1.win32_1.1.1.202309131626/tools/bin/../lib/gcc/arm-none-eabi/11.3.1/../../../../arm-none-eabi/lib/thumb/v7-m/nofp\libc_nano.a(libc_a-memset.o)
 .debug_frame   0x00000000000025bc       0x2c X:/ELECTRONICA/ST/STM32CubeIDE_1.13.1/STM32CubeIDE/plugins/com.st.stm32cube.ide.mcu.externaltools.gnu-tools-for-stm32.11.3.rel1.win32_1.1.1.202309131626/tools/bin/../lib/gcc/arm-none-eabi/11.3.1/../../../../arm-none-eabi/lib/thumb/v7-m/nofp\libc_nano.a(libc_a-closer.o)
 .debug_frame   0x00000000000025e8       0x38 X:/ELECTRONICA/ST/STM32CubeIDE_1.13.1/STM32CubeIDE/plugins/com.st.stm32cube.ide.mcu.externaltools.gnu-tools-for-stm32.11.3.rel1.win32_1.1.1.202309131626/tools/bin/../lib/gcc/arm-none-eabi/11.3.1/../../../../arm-none-eabi/lib/thumb/v7-m/nofp\libc_nano.a(libc_a-reent.o)
 .debug_frame   0x0000000000002620       0x2c X:/ELECTRONICA/ST/STM32CubeIDE_1.13.1/STM32CubeIDE/plugins/com.st.stm32cube.ide.mcu.externaltools.gnu-tools-for-stm32.11.3.rel1.win32_1.1.1.202309131626/tools/bin/../lib/gcc/arm-none-eabi/11.3.1/../../../../arm-none-eabi/lib/thumb/v7-m/nofp\libc_nano.a(libc_a-lseekr.o)
 .debug_frame   0x000000000000264c       0x2c X:/ELECTRONICA/ST/STM32CubeIDE_1.13.1/STM32CubeIDE/plugins/com.st.stm32cube.ide.mcu.externaltools.gnu-tools-for-stm32.11.3.rel1.win32_1.1.1.202309131626/tools/bin/../lib/gcc/arm-none-eabi/11.3.1/../../../../arm-none-eabi/lib/thumb/v7-m/nofp\libc_nano.a(libc_a-readr.o)
 .debug_frame   0x0000000000002678       0x2c X:/ELECTRONICA/ST/STM32CubeIDE_1.13.1/STM32CubeIDE/plugins/com.st.stm32cube.ide.mcu.externaltools.gnu-tools-for-stm32.11.3.rel1.win32_1.1.1.202309131626/tools/bin/../lib/gcc/arm-none-eabi/11.3.1/../../../../arm-none-eabi/lib/thumb/v7-m/nofp\libc_nano.a(libc_a-writer.o)
 .debug_frame   0x00000000000026a4       0x20 X:/ELECTRONICA/ST/STM32CubeIDE_1.13.1/STM32CubeIDE/plugins/com.st.stm32cube.ide.mcu.externaltools.gnu-tools-for-stm32.11.3.rel1.win32_1.1.1.202309131626/tools/bin/../lib/gcc/arm-none-eabi/11.3.1/../../../../arm-none-eabi/lib/thumb/v7-m/nofp\libc_nano.a(libc_a-errno.o)
 .debug_frame   0x00000000000026c4       0x2c X:/ELECTRONICA/ST/STM32CubeIDE_1.13.1/STM32CubeIDE/plugins/com.st.stm32cube.ide.mcu.externaltools.gnu-tools-for-stm32.11.3.rel1.win32_1.1.1.202309131626/tools/bin/../lib/gcc/arm-none-eabi/11.3.1/../../../../arm-none-eabi/lib/thumb/v7-m/nofp\libc_nano.a(libc_a-init.o)
 .debug_frame   0x00000000000026f0       0xb0 X:/ELECTRONICA/ST/STM32CubeIDE_1.13.1/STM32CubeIDE/plugins/com.st.stm32cube.ide.mcu.externaltools.gnu-tools-for-stm32.11.3.rel1.win32_1.1.1.202309131626/tools/bin/../lib/gcc/arm-none-eabi/11.3.1/../../../../arm-none-eabi/lib/thumb/v7-m/nofp\libc_nano.a(libc_a-lock.o)
 .debug_frame   0x00000000000027a0       0x38 X:/ELECTRONICA/ST/STM32CubeIDE_1.13.1/STM32CubeIDE/plugins/com.st.stm32cube.ide.mcu.externaltools.gnu-tools-for-stm32.11.3.rel1.win32_1.1.1.202309131626/tools/bin/../lib/gcc/arm-none-eabi/11.3.1/../../../../arm-none-eabi/lib/thumb/v7-m/nofp\libc_nano.a(libc_a-freer.o)
 .debug_frame   0x00000000000027d8       0x50 X:/ELECTRONICA/ST/STM32CubeIDE_1.13.1/STM32CubeIDE/plugins/com.st.stm32cube.ide.mcu.externaltools.gnu-tools-for-stm32.11.3.rel1.win32_1.1.1.202309131626/tools/bin/../lib/gcc/arm-none-eabi/11.3.1/../../../../arm-none-eabi/lib/thumb/v7-m/nofp\libc_nano.a(libc_a-mallocr.o)
 .debug_frame   0x0000000000002828       0x30 X:/ELECTRONICA/ST/STM32CubeIDE_1.13.1/STM32CubeIDE/plugins/com.st.stm32cube.ide.mcu.externaltools.gnu-tools-for-stm32.11.3.rel1.win32_1.1.1.202309131626/tools/bin/../lib/gcc/arm-none-eabi/11.3.1/../../../../arm-none-eabi/lib/thumb/v7-m/nofp\libc_nano.a(libc_a-mlock.o)