Archive member included to satisfy reference by file (symbol)

X:/ELECTRONICA/ST/STM32CubeIDE_1.13.1/STM32CubeIDE/plugins/com.st.stm32cube.ide.mcu.externaltools.gnu-tools-for-stm32.11.3.rel1.win32_1.1.1.202309131626/tools/bin/../lib/gcc/arm-none-eabi/11.3.1/../../../../arm-none-eabi/lib/thumb/v7-m/nofp\libc_nano.a(libc_a-exit.o)
                              X:/ELECTRONICA/ST/STM32CubeIDE_1.13.1/STM32CubeIDE/plugins/com.st.stm32cube.ide.mcu.externaltools.gnu-tools-for-stm32.11.3.rel1.win32_1.1.1.202309131626/tools/bin/../lib/gcc/arm-none-eabi/11.3.1/../../../../arm-none-eabi/lib/thumb/v7-m/nofp/crt0.o (exit)
X:/ELECTRONICA/ST/STM32CubeIDE_1.13.1/STM32CubeIDE/plugins/com.st.stm32cube.ide.mcu.externaltools.gnu-tools-for-stm32.11.3.rel1.win32_1.1.1.202309131626/tools/bin/../lib/gcc/arm-none-eabi/11.3.1/../../../../arm-none-eabi/lib/thumb/v7-m/nofp\libc_nano.a(libc_a-findfp.o)
                              X:/ELECTRONICA/ST/STM32CubeIDE_1.13.1/STM32CubeIDE/plugins/com.st.stm32cube.ide.mcu.externaltools.gnu-tools-for-stm32.11.3.rel1.win32_1.1.1.202309131626/tools/bin/../lib/gcc/arm-none-eabi/11.3.1/../../../../arm-none-eabi/lib/thumb/v7-m/nofp\libc_nano.a(libc_a-exit.o) (__stdio_exit_handler)
X:/ELECTRONICA/ST/STM32CubeIDE_1.13.1/STM32CubeIDE/plugins/com.st.stm32cube.ide.mcu.externaltools.gnu-tools-for-stm32.11.3.rel1.win32_1.1.1.202309131626/tools/bin/../lib/gcc/arm-none-eabi/11.3.1/../../../../arm-none-eabi/lib/thumb/v7-m/nofp\libc_nano.a(libc_a-fwalk.o)
                              X:/ELECTRONICA/ST/STM32CubeIDE_1.13.1/STM32CubeIDE/plugins/com.st.stm32cube.ide.mcu.externaltools.gnu-tools-for-stm32.11.3.rel1.win32_1.1.1.202309131626/tools/bin/../lib/gcc/arm-none-eabi/11.3.1/../../../../arm-none-eabi/lib/thumb/v7-m/nofp\libc_nano.a(libc_a-findfp.o) (_fwalk_sglue)
X:/ELECTRONICA/ST/STM32CubeIDE_1.13.1/STM32CubeIDE/plugins/com.st.stm32cube.ide.mcu.externaltools.gnu-tools-for-stm32.11.3.rel1.win32_1.1.1.202309131626/tools/bin/../lib/gcc/arm-none-eabi/11.3.1/../../../../arm-none-eabi/lib/thumb/v7-m/nofp\libc_nano.a(libc_a-stdio.o)
                              X:/ELECTRONICA/ST/STM32CubeIDE_1.13.1/STM32CubeIDE/plugins/com.st.stm32cube.ide.mcu.externaltools.gnu-tools-for-stm32.11.3.rel1.win32_1.1.1.202309131626/tools/bin/../lib/gcc/arm-none-eabi/11.3.1/../../../../arm-none-eabi/lib/thumb/v7-m/nofp\libc_nano.a(libc_a-findfp.o) (__sread)
X:/ELECTRONICA/ST/STM32CubeIDE_1.13.1/STM32CubeIDE/plugins/com.st.stm32cube.ide.mcu.externaltools.gnu-tools-for-stm32.11.3.rel1.win32_1.1.1.202309131626/tools/bin/../lib/gcc/arm-none-eabi/11.3.1/../../../../arm-none-eabi/lib/thumb/v7-m/nofp\libc_nano.a(libc_a-memset.o)
                              X:/ELECTRONICA/ST/STM32CubeIDE_1.13.1/STM32CubeIDE/plugins/com.st.stm32cube.ide.mcu.externaltools.gnu-tools-for-stm32.11.3.rel1.win32_1.1.1.202309131626/tools/bin/../lib/gcc/arm-none-eabi/11.3.1/../../../../arm-none-eabi/lib/thumb/v7-m/nofp/crt0.o (memset)
X:/ELECTRONICA/ST/STM32CubeIDE_1.13.1/STM32CubeIDE/plugins/com.st.stm32cube.ide.mcu.externaltools.gnu-tools-for-stm32.11.3.rel1.win32_1.1.1.202309131626/tools/bin/../lib/gcc/arm-none-eabi/11.3.1/../../../../arm-none-eabi/lib/thumb/v7-m/nofp\libc_nano.a(libc_a-closer.o)
                              X:/ELECTRONICA/ST/STM32CubeIDE_1.13.1/STM32CubeIDE/plugins/com.st.stm32cube.ide.mcu.externaltools.gnu-tools-for-stm32.11.3.rel1.win32_1.1.1.202309131626/tools/bin/../lib/gcc/arm-none-eabi/11.3.1/../../../../arm-none-eabi/lib/thumb/v7-m/nofp\libc_nano.a(libc_a-stdio.o) (_close_r)
X:/ELECTRONICA/ST/STM32CubeIDE_1.13.1/STM32CubeIDE/plugins/com.st.stm32cube.ide.mcu.externaltools.gnu-tools-for-stm32.11.3.rel1.win32_1.1.1.202309131626/tools/bin/../lib/gcc/arm-none-eabi/11.3.1/../../../../arm-none-eabi/lib/thumb/v7-m/nofp\libc_nano.a(libc_a-reent.o)
                              X:/ELECTRONICA/ST/STM32CubeIDE_1.13.1/STM32CubeIDE/plugins/com.st.stm32cube.ide.mcu.externaltools.gnu-tools-for-stm32.11.3.rel1.win32_1.1.1.202309131626/tools/bin/../lib/gcc/arm-none-eabi/11.3.1/../../../../arm-none-eabi/lib/thumb/v7-m/nofp\libc_nano.a(libc_a-closer.o) (errno)
X:/ELECTRONICA/ST/STM32CubeIDE_1.13.1/STM32CubeIDE/plugins/com.st.stm32cube.ide.mcu.externaltools.gnu-tools-for-stm32.11.3.rel1.win32_1.1.1.202309131626/tools/bin/../lib/gcc/arm-none-eabi/11.3.1/../../../../arm-none-eabi/lib/thumb/v7-m/nofp\libc_nano.a(libc_a-impure.o)
                              X:/ELECTRONICA/ST/STM32CubeIDE_1.13.1/STM32CubeIDE/plugins/com.st.stm32cube.ide.mcu.externaltools.gnu-tools-for-stm32.11.3.rel1.win32_1.1.1.202309131626/tools/bin/../lib/gcc/arm-none-eabi/11.3.1/../../../../arm-none-eabi/lib/thumb/v7-m/nofp\libc_nano.a(libc_a-reent.o) (_impure_ptr)
X:/ELECTRONICA/ST/STM32CubeIDE_1.13.1/STM32CubeIDE/plugins/com.st.stm32cube.ide.mcu.externaltools.gnu-tools-for-stm32.11.3.rel1.win32_1.1.1.202309131626/tools/bin/../lib/gcc/arm-none-eabi/11.3.1/../../../../arm-none-eabi/lib/thumb/v7-m/nofp\libc_nano.a(libc_a-lseekr.o)
[...]
Memory Configuration

Name             Origin             Length             Attributes
RAM              0x0000000020000000 0x0000000000005000 xrw
FLASH            0x0000000008000000 0x0000000000010000 xr
*default*        0x0000000000000000 0xffffffffffffffff

Linker script and memory map

LOAD X:/ELECTRONICA/ST/STM32CubeIDE_1.13.1/STM32CubeIDE/plugins/com.st.stm32cube.ide.mcu.externaltools.gnu-tools-for-stm32.11.3.rel1.win32_1.1.1.202309131626/tools/bin/../lib/gcc/arm-none-eabi/11.3.1/thumb/v7-m/nofp/crti.o
LOAD X:/ELECTRONICA/ST/STM32CubeIDE_1.13.1/STM32CubeIDE/plugins/com.st.stm32cube.ide.mcu.externaltools.gnu-tools-for-stm32.11.3.rel1.win32_1.1.1.202309131626/tools/bin/../lib/gcc/arm-none-eabi/11.3.1/thumb/v7-m/nofp/crtbegin.o
LOAD X:/ELECTRONICA/ST/STM32CubeIDE_1.13.1/STM32CubeIDE/plugins/com.st.stm32cube.ide.mcu.externaltools.gnu-tools-for-stm32.11.3.rel1.win32_1.1.1.202309131626/tools/bin/../lib/gcc/arm-none-eabi/11.3.1/../../../../arm-none-eabi/lib/thumb/v7-m/nofp/crt0.o
LOAD ./Core/Librerias/My_adc.o
LOAD ./Core/Src/adc.o
LOAD ./Core/Src/gpio.o
LOAD ./Core/Src/main.o
LOAD ./Core/Src/stm32f1xx_hal_msp.o
LOAD ./Core/Src/stm32f1xx_it.o
LOAD ./Core/Src/syscalls.o
LOAD ./Core/Src/sysmem.o
LOAD ./Core/Src/system_stm32f1xx.o
LOAD ./Core/Src/tim.o
LOAD ./Core/Startup/startup_stm32f103c8tx.o
LOAD ./Drivers/STM32F1xx_HAL_Driver/Src/stm32f1xx_hal.o
LOAD ./Drivers/STM32F1xx_HAL_Driver/Src/stm32f1xx_hal_adc.o
LOAD ./Drivers/STM32F1xx_HAL_Driver/Src/stm32f1xx_hal_adc_ex.o
LOAD ./Drivers/STM32F1xx_HAL_Driver/Src/stm32f1xx_hal_cortex.o
LOAD ./Drivers/STM32F1xx_HAL_Driver/Src/stm32f1xx_hal_dma.o
LOAD ./Drivers/STM32F1xx_HAL_Driver/Src/stm32f1xx_hal_exti.o
LOAD ./Drivers/STM32F1xx_HAL_Driver/Src/stm32f1xx_hal_flash.o
LOAD ./Drivers/STM32F1xx_HAL_Driver/Src/stm32f1xx_hal_flash_ex.o
LOAD ./Drivers/STM32F1xx_HAL_Driver/Src/stm32f1xx_hal_gpio.o
LOAD ./Drivers/STM32F1xx_HAL_Driver/Src/stm32f1xx_hal_gpio_ex.o
LOAD ./Drivers/STM32F1xx_HAL_Driver/Src/stm32f1xx_hal_pcd.o
LOAD ./Drivers/STM32F1xx_HAL_Driver/Src/stm32f1xx_hal_pcd_ex.o
LOAD ./Drivers/STM32F1xx_HAL_Driver/Src/stm32f1xx_hal_pwr.o
LOAD ./Drivers/STM32F1xx_HAL_Driver/Src/stm32f1xx_hal_rcc.o
LOAD ./Drivers/STM32F1xx_HAL_Driver/Src/stm32f1xx_hal_rcc_ex.o
LOAD ./Drivers/STM32F1xx_HAL_Driver/Src/stm32f1xx_hal_tim.o
LOAD ./Drivers/STM32F1xx_HAL_Driver/Src/stm32f1xx_hal_tim_ex.o
LOAD ./Drivers/STM32F1xx_HAL_Driver/Src/stm32f1xx_ll_usb.o
LOAD ./Middlewares/ST/STM32_USB_Device_Library/Class/CDC/Src/usbd_cdc.o
LOAD ./Middlewares/ST/STM32_USB_Device_Library/Core/Src/usbd_core.o
LOAD ./Middlewares/ST/STM32_USB_Device_Library/Core/Src/usbd_ctlreq.o
LOAD ./Middlewares/ST/STM32_USB_Device_Library/Core/Src/usbd_ioreq.o
LOAD ./USB_DEVICE/App/usb_device.o
LOAD ./USB_DEVICE/App/usbd_cdc_if.o
LOAD ./USB_DEVICE/App/usbd_desc.o
LOAD ./USB_DEVICE/Target/usbd_conf.o
START GROUP
LOAD X:/ELECTRONICA/ST/STM32CubeIDE_1.13.1/STM32CubeIDE/plugins/com.st.stm32cube.ide.mcu.externaltools.gnu-tools-for-stm32.11.3.rel1.win32_1.1.1.202309131626/tools/bin/../lib/gcc/arm-none-eabi/11.3.1/../../../../arm-none-eabi/lib/thumb/v7-m/nofp\libc_nano.a
LOAD X:/ELECTRONICA/ST/STM32CubeIDE_1.13.1/STM32CubeIDE/plugins/com.st.stm32cube.ide.mcu.externaltools.gnu-tools-for-stm32.11.3.rel1.win32_1.1.1.202309131626/tools/bin/../lib/gcc/arm-none-eabi/11.3.1/../../../../arm-none-eabi/lib/thumb/v7-m/nofp\libm.a
END GROUP
START GROUP
LOAD X:/ELECTRONICA/ST/STM32CubeIDE_1.13.1/STM32CubeIDE/plugins/com.st.stm32cube.ide.mcu.externaltools.gnu-tools-for-stm32.11.3.rel1.win32_1.1.1.202309131626/tools/bin/../lib/gcc/arm-none-eabi/11.3.1/thumb/v7-m/nofp\libgcc.a
LOAD X:/ELECTRONICA/ST/STM32CubeIDE_1.13.1/STM32CubeIDE/plugins/com.st.stm32cube.ide.mcu.externaltools.gnu-tools-for-stm32.11.3.rel1.win32_1.1.1.202309131626/tools/bin/../lib/gcc/arm-none-eabi/11.3.1/../../../../arm-none-eabi/lib/thumb/v7-m/nofp\libc_nano.a
END GROUP
START GROUP
LOAD X:/ELECTRONICA/ST/STM32CubeIDE_1.13.1/STM32CubeIDE/plugins/com.st.stm32cube.ide.mcu.externaltools.gnu-tools-for-stm32.11.3.rel1.win32_1.1.1.202309131626/tools/bin/../lib/gcc/arm-none-eabi/11.3.1/thumb/v7-m/nofp\libgcc.a
LOAD X:/ELECTRONICA/ST/STM32CubeIDE_1.13.1/STM32CubeIDE/plugins/com.st.stm32cube.ide.mcu.externaltools.gnu-tools-for-stm32.11.3.rel1.win32_1.1.1.202309131626/tools/bin/../lib/gcc/arm-none-eabi/11.3.1/../../../../arm-none-eabi/lib/thumb/v7-m/nofp\libc_nano.a
LOAD X:/ELECTRONICA/ST/STM32CubeIDE_1.13.1/STM32CubeIDE/plugins/com.st.stm32cube.ide.mcu.externaltools.gnu-tools-for-stm32.11.3.rel1.win32_1.1.1.202309131626/tools/bin/../lib/gcc/arm-none-eabi/11.3.1/../../../../arm-none-eabi/lib/thumb/v7-m/nofp\libnosys.a
END GROUP
START GROUP
LOAD X:/ELECTRONICA/ST/STM32CubeIDE_1.13.1/STM32CubeIDE/plugins/com.st.stm32cube.ide.mcu.externaltools.gnu-tools-for-stm32.11.3.rel1.win32_1.1.1.202309131626/tools/bin/../lib/gcc/arm-none-eabi/11.3.1/thumb/v7-m/nofp\libgcc.a
LOAD X:/ELECTRONICA/ST/STM32CubeIDE_1.13.1/STM32CubeIDE/plugins/com.st.stm32cube.ide.mcu.externaltools.gnu-tools-for-stm32.11.3.rel1.win32_1.1.1.202309131626/tools/bin/../lib/gcc/arm-none-eabi/11.3.1/../../../../arm-none-eabi/lib/thumb/v7-m/nofp\libc_nano.a
LOAD X:/ELECTRONICA/ST/STM32CubeIDE_1.13.1/STM32CubeIDE/plugins/com.st.stm32cube.ide.mcu.externaltools.gnu-tools-for-stm32.11.3.rel1.win32_1.1.1.202309131626/tools/bin/../lib/gcc/arm-none-eabi/11.3.1/../../../../arm-none-eabi/lib/thumb/v7-m/nofp\libnosys.a
END GROUP
LOAD X:/ELECTRONICA/ST/STM32CubeIDE_1.13.1/STM32CubeIDE/plugins/com.st.stm32cube.ide.mcu.externaltools.gnu-tools-for-stm32.11.3.rel1.win32_1.1.1.202309131626/tools/bin/../lib/gcc/arm-none-eabi/11.3.1/thumb/v7-m/nofp/crtend.o
LOAD X:/ELECTRONICA/ST/STM32CubeIDE_1.13.1/STM32CubeIDE/plugins/com.st.stm32cube.ide.mcu.externaltools.gnu-tools-for-stm32.11.3.rel1.win32_1.1.1.202309131626/tools/bin/../lib/gcc/arm-none-eabi/11.3.1/thumb/v7-m/nofp/crtn.o
                0x0000000020005000                _estack = (ORIGIN (RAM) + LENGTH (RAM))
                0x0000000000000200                _Min_Heap_Size = 0x200
                0x0000000000000400                _Min_Stack_Size = 0x400

.isr_vector     0x0000000008000000      0x10c
                0x0000000008000000                . = ALIGN (0x4)
 *(.isr_vector)
 .isr_vector    0x0000000008000000      0x10c ./Core/Startup/startup_stm32f103c8tx.o
                0x0000000008000000                g_pfnVectors
                0x000000000800010c                . = ALIGN (0x4)

.text           0x000000000800010c     0x8a18
                0x000000000800010c                . = ALIGN (0x4)
 *(.text)
 .text          0x000000000800010c       0x40 X:/ELECTRONICA/ST/STM32CubeIDE_1.13.1/STM32CubeIDE/plugins/com.st.stm32cube.ide.mcu.externaltools.gnu-tools-for-stm32.11.3.rel1.win32_1.1.1.202309131626/tools/bin/../lib/gcc/arm-none-eabi/11.3.1/thumb/v7-m/nofp/crtbegin.o
 *(.text*)
 .text.ADC_Read
                0x000000000800014c       0x24 ./Core/Librerias/My_adc.o
                0x000000000800014c                ADC_Read
 .text.MX_ADC1_Init
                0x0000000008000170       0x7c ./Core/Src/adc.o
                0x0000000008000170                MX_ADC1_Init
 .text.HAL_ADC_MspInit
                0x00000000080001ec       0x78 ./Core/Src/adc.o
                0x00000000080001ec                HAL_ADC_MspInit
 .text.MX_GPIO_Init
                0x0000000008000264       0x94 ./Core/Src/gpio.o
                0x0000000008000264                MX_GPIO_Init
 .text.main     0x00000000080002f8       0x28 ./Core/Src/main.o
                0x00000000080002f8                main
 .text.SystemClock_Config
                0x0000000008000320       0xba ./Core/Src/main.o
                0x0000000008000320                SystemClock_Config
 *fill*         0x00000000080003da        0x2 
 .text.HAL_TIM_PeriodElapsedCallback
                0x00000000080003dc      0x150 ./Core/Src/main.o
                0x00000000080003dc                HAL_TIM_PeriodElapsedCallback
 .text.Error_Handler
                0x000000000800052c        0xa ./Core/Src/main.o
                0x000000000800052c                Error_Handler
 *fill*         0x0000000008000536        0x2 
 .text.HAL_MspInit
                0x0000000008000538       0x64 ./Core/Src/stm32f1xx_hal_msp.o
                0x0000000008000538                HAL_MspInit
 .text.NMI_Handler
                0x000000000800059c        0x6 ./Core/Src/stm32f1xx_it.o
                0x000000000800059c                NMI_Handler
 .text.HardFault_Handler
                0x00000000080005a2        0x6 ./Core/Src/stm32f1xx_it.o
                0x00000000080005a2                HardFault_Handler
 .text.MemManage_Handler
                0x00000000080005a8        0x6 ./Core/Src/stm32f1xx_it.o
                0x00000000080005a8                MemManage_Handler
 .text.BusFault_Handler
                0x00000000080005ae        0x6 ./Core/Src/stm32f1xx_it.o
                0x00000000080005ae                BusFault_Handler
 .text.UsageFault_Handler
                0x00000000080005b4        0x6 ./Core/Src/stm32f1xx_it.o
                0x00000000080005b4                UsageFault_Handler
 .text.SVC_Handler
                0x00000000080005ba        0xc ./Core/Src/stm32f1xx_it.o
                0x00000000080005ba                SVC_Handler
 .text.DebugMon_Handler
                0x00000000080005c6        0xc ./Core/Src/stm32f1xx_it.o
                0x00000000080005c6                DebugMon_Handler
 .text.PendSV_Handler
                0x00000000080005d2        0xc ./Core/Src/stm32f1xx_it.o
                0x00000000080005d2                PendSV_Handler
 .text.SysTick_Handler
                0x00000000080005de        0xc ./Core/Src/stm32f1xx_it.o
                0x00000000080005de                SysTick_Handler
 *fill*         0x00000000080005ea        0x2 
 .text.USB_LP_CAN1_RX0_IRQHandler
                0x00000000080005ec       0x14 ./Core/Src/stm32f1xx_it.o
                0x00000000080005ec                USB_LP_CAN1_RX0_IRQHandler
 .text.TIM2_IRQHandler
                0x0000000008000600       0x14 ./Core/Src/stm32f1xx_it.o
                0x0000000008000600                TIM2_IRQHandler
 .text.SystemInit
                0x0000000008000614        0xc ./Core/Src/system_stm32f1xx.o
                0x0000000008000614                SystemInit
 .text.MX_TIM2_Init
                0x0000000008000620       0x98 ./Core/Src/tim.o
                0x0000000008000620                MX_TIM2_Init
 .text.HAL_TIM_Base_MspInit
                0x00000000080006b8       0x48 ./Core/Src/tim.o
                0x00000000080006b8                HAL_TIM_Base_MspInit
 .text.Reset_Handler
                0x0000000008000700       0x48 ./Core/Startup/startup_stm32f103c8tx.o
                0x0000000008000700                Reset_Handler
 .text.Default_Handler
                0x0000000008000748        0x2 ./Core/Startup/startup_stm32f103c8tx.o
                0x0000000008000748                RTC_Alarm_IRQHandler
                0x0000000008000748                EXTI2_IRQHandler
                0x0000000008000748                TIM1_CC_IRQHandler
                0x0000000008000748                PVD_IRQHandler
                0x0000000008000748                EXTI3_IRQHandler
                0x0000000008000748                EXTI0_IRQHandler
                0x0000000008000748                I2C2_EV_IRQHandler
                0x0000000008000748                ADC1_2_IRQHandler
                0x0000000008000748                SPI1_IRQHandler
                0x0000000008000748                TAMPER_IRQHandler
                0x0000000008000748                DMA1_Channel4_IRQHandler
                0x0000000008000748                USART3_IRQHandler
                0x0000000008000748                RTC_IRQHandler
                0x0000000008000748                DMA1_Channel7_IRQHandler
                0x0000000008000748                CAN1_RX1_IRQHandler
                0x0000000008000748                TIM4_IRQHandler
                0x0000000008000748                I2C1_EV_IRQHandler
                0x0000000008000748                DMA1_Channel6_IRQHandler
                0x0000000008000748                TIM3_IRQHandler
                0x0000000008000748                RCC_IRQHandler
                0x0000000008000748                TIM1_TRG_COM_IRQHandler
                0x0000000008000748                DMA1_Channel1_IRQHandler
                0x0000000008000748                Default_Handler
                0x0000000008000748                EXTI15_10_IRQHandler
                0x0000000008000748                EXTI9_5_IRQHandler
                0x0000000008000748                SPI2_IRQHandler
                0x0000000008000748                DMA1_Channel5_IRQHandler
                0x0000000008000748                EXTI4_IRQHandler
                0x0000000008000748                USB_HP_CAN1_TX_IRQHandler
                0x0000000008000748                DMA1_Channel3_IRQHandler
                0x0000000008000748                TIM1_UP_IRQHandler
                0x0000000008000748                WWDG_IRQHandler
                0x0000000008000748                TIM1_BRK_IRQHandler
                0x0000000008000748                EXTI1_IRQHandler
                0x0000000008000748                USART2_IRQHandler
                0x0000000008000748                I2C2_ER_IRQHandler
                0x0000000008000748                DMA1_Channel2_IRQHandler
                0x0000000008000748                CAN1_SCE_IRQHandler
                0x0000000008000748                FLASH_IRQHandler
                0x0000000008000748                USART1_IRQHandler
                0x0000000008000748                I2C1_ER_IRQHandler
                0x0000000008000748                USBWakeUp_IRQHandler
 *fill*         0x000000000800074a        0x2 
 .text.HAL_Init
                0x000000000800074c       0x2c ./Drivers/STM32F1xx_HAL_Driver/Src/stm32f1xx_hal.o
                0x000000000800074c                HAL_Init
 .text.HAL_InitTick
                0x0000000008000778       0x60 ./Drivers/STM32F1xx_HAL_Driver/Src/stm32f1xx_hal.o
                0x0000000008000778                HAL_InitTick
 .text.HAL_IncTick
                0x00000000080007d8       0x24 ./Drivers/STM32F1xx_HAL_Driver/Src/stm32f1xx_hal.o
                0x00000000080007d8                HAL_IncTick
 .text.HAL_GetTick
                0x00000000080007fc       0x14 ./Drivers/STM32F1xx_HAL_Driver/Src/stm32f1xx_hal.o
                0x00000000080007fc                HAL_GetTick
 .text.HAL_ADC_Init
                0x0000000008000810      0x1b0 ./Drivers/STM32F1xx_HAL_Driver/Src/stm32f1xx_hal_adc.o
                0x0000000008000810                HAL_ADC_Init
 .text.HAL_ADC_Start
                0x00000000080009c0      0x15c ./Drivers/STM32F1xx_HAL_Driver/Src/stm32f1xx_hal_adc.o
                0x00000000080009c0                HAL_ADC_Start
 .text.HAL_ADC_PollForConversion
                0x0000000008000b1c      0x20c ./Drivers/STM32F1xx_HAL_Driver/Src/stm32f1xx_hal_adc.o
                0x0000000008000b1c                HAL_ADC_PollForConversion
 .text.HAL_ADC_GetValue
                0x0000000008000d28       0x18 ./Drivers/STM32F1xx_HAL_Driver/Src/stm32f1xx_hal_adc.o
                0x0000000008000d28                HAL_ADC_GetValue
 .text.HAL_ADC_ConfigChannel
                0x0000000008000d40      0x1f0 ./Drivers/STM32F1xx_HAL_Driver/Src/stm32f1xx_hal_adc.o
                0x0000000008000d40                HAL_ADC_ConfigChannel
 .text.ADC_Enable
                0x0000000008000f30       0xb4 ./Drivers/STM32F1xx_HAL_Driver/Src/stm32f1xx_hal_adc.o
                0x0000000008000f30                ADC_Enable
 .text.ADC_ConversionStop_Disable
                0x0000000008000fe4       0x82 ./Drivers/STM32F1xx_HAL_Driver/Src/stm32f1xx_hal_adc.o
                0x0000000008000fe4                ADC_ConversionStop_Disable
 *fill*         0x0000000008001066        0x2 
 .text.__NVIC_SetPriorityGrouping
                0x0000000008001068       0x48 ./Drivers/STM32F1xx_HAL_Driver/Src/stm32f1xx_hal_cortex.o
 .text.__NVIC_GetPriorityGrouping
                0x00000000080010b0       0x1c ./Drivers/STM32F1xx_HAL_Driver/Src/stm32f1xx_hal_cortex.o
 .text.__NVIC_EnableIRQ
                0x00000000080010cc       0x38 ./Drivers/STM32F1xx_HAL_Driver/Src/stm32f1xx_hal_cortex.o
 .text.__NVIC_SetPriority
                0x0000000008001104       0x54 ./Drivers/STM32F1xx_HAL_Driver/Src/stm32f1xx_hal_cortex.o
 .text.NVIC_EncodePriority
                0x0000000008001158       0x64 ./Drivers/STM32F1xx_HAL_Driver/Src/stm32f1xx_hal_cortex.o
 .text.SysTick_Config
                0x00000000080011bc       0x44 ./Drivers/STM32F1xx_HAL_Driver/Src/stm32f1xx_hal_cortex.o
 .text.HAL_NVIC_SetPriorityGrouping
                0x0000000008001200       0x16 ./Drivers/STM32F1xx_HAL_Driver/Src/stm32f1xx_hal_cortex.o
                0x0000000008001200                HAL_NVIC_SetPriorityGrouping
 .text.HAL_NVIC_SetPriority
                0x0000000008001216       0x38 ./Drivers/STM32F1xx_HAL_Driver/Src/stm32f1xx_hal_cortex.o
                0x0000000008001216                HAL_NVIC_SetPriority
 .text.HAL_NVIC_EnableIRQ
                0x000000000800124e       0x1c ./Drivers/STM32F1xx_HAL_Driver/Src/stm32f1xx_hal_cortex.o
                0x000000000800124e                HAL_NVIC_EnableIRQ
 .text.HAL_SYSTICK_Config
                0x000000000800126a       0x18 ./Drivers/STM32F1xx_HAL_Driver/Src/stm32f1xx_hal_cortex.o
                0x000000000800126a                HAL_SYSTICK_Config
 *fill*         0x0000000008001282        0x2 
 .text.HAL_GPIO_Init
                0x0000000008001284      0x308 ./Drivers/STM32F1xx_HAL_Driver/Src/stm32f1xx_hal_gpio.o
                0x0000000008001284                HAL_GPIO_Init
 .text.HAL_GPIO_WritePin
                0x000000000800158c       0x30 ./Drivers/STM32F1xx_HAL_Driver/Src/stm32f1xx_hal_gpio.o
                0x000000000800158c                HAL_GPIO_WritePin
 .text.HAL_PCD_Init
                0x00000000080015bc      0x1fe ./Drivers/STM32F1xx_HAL_Driver/Src/stm32f1xx_hal_pcd.o
                0x00000000080015bc                HAL_PCD_Init
 .text.HAL_PCD_Start
                0x00000000080017ba       0x4c ./Drivers/STM32F1xx_HAL_Driver/Src/stm32f1xx_hal_pcd.o
                0x00000000080017ba                HAL_PCD_Start
 .text.HAL_PCD_IRQHandler
                0x0000000008001806      0x260 ./Drivers/STM32F1xx_HAL_Driver/Src/stm32f1xx_hal_pcd.o
                0x0000000008001806                HAL_PCD_IRQHandler
 .text.HAL_PCD_SetAddress
                0x0000000008001a66       0x4a ./Drivers/STM32F1xx_HAL_Driver/Src/stm32f1xx_hal_pcd.o
                0x0000000008001a66                HAL_PCD_SetAddress
 .text.HAL_PCD_EP_Open
                0x0000000008001ab0       0xba ./Drivers/STM32F1xx_HAL_Driver/Src/stm32f1xx_hal_pcd.o
                0x0000000008001ab0                HAL_PCD_EP_Open
 .text.HAL_PCD_EP_Close
                0x0000000008001b6a       0x90 ./Drivers/STM32F1xx_HAL_Driver/Src/stm32f1xx_hal_pcd.o
                0x0000000008001b6a                HAL_PCD_EP_Close
 .text.HAL_PCD_EP_Receive
                0x0000000008001bfa       0x62 ./Drivers/STM32F1xx_HAL_Driver/Src/stm32f1xx_hal_pcd.o
                0x0000000008001bfa                HAL_PCD_EP_Receive
 .text.HAL_PCD_EP_GetRxCount
                0x0000000008001c5c       0x2e ./Drivers/STM32F1xx_HAL_Driver/Src/stm32f1xx_hal_pcd.o
                0x0000000008001c5c                HAL_PCD_EP_GetRxCount
 .text.HAL_PCD_EP_Transmit
                0x0000000008001c8a       0x6e ./Drivers/STM32F1xx_HAL_Driver/Src/stm32f1xx_hal_pcd.o
                0x0000000008001c8a                HAL_PCD_EP_Transmit
 .text.HAL_PCD_EP_SetStall
                0x0000000008001cf8       0xc0 ./Drivers/STM32F1xx_HAL_Driver/Src/stm32f1xx_hal_pcd.o
                0x0000000008001cf8                HAL_PCD_EP_SetStall
 .text.HAL_PCD_EP_ClrStall
                0x0000000008001db8       0xa8 ./Drivers/STM32F1xx_HAL_Driver/Src/stm32f1xx_hal_pcd.o
                0x0000000008001db8                HAL_PCD_EP_ClrStall
 .text.PCD_EP_ISR_Handler
                0x0000000008001e60      0x7a6 ./Drivers/STM32F1xx_HAL_Driver/Src/stm32f1xx_hal_pcd.o
 .text.HAL_PCD_EP_DB_Receive
                0x0000000008002606      0x21a ./Drivers/STM32F1xx_HAL_Driver/Src/stm32f1xx_hal_pcd.o
 .text.HAL_PCD_EP_DB_Transmit
                0x0000000008002820      0x7f4 ./Drivers/STM32F1xx_HAL_Driver/Src/stm32f1xx_hal_pcd.o
 .text.HAL_PCDEx_PMAConfig
                0x0000000008003014       0x84 ./Drivers/STM32F1xx_HAL_Driver/Src/stm32f1xx_hal_pcd_ex.o
                0x0000000008003014                HAL_PCDEx_PMAConfig
 .text.HAL_RCC_OscConfig
                0x0000000008003098      0x504 ./Drivers/STM32F1xx_HAL_Driver/Src/stm32f1xx_hal_rcc.o
                0x0000000008003098                HAL_RCC_OscConfig
 .text.HAL_RCC_ClockConfig
                0x000000000800359c      0x1d4 ./Drivers/STM32F1xx_HAL_Driver/Src/stm32f1xx_hal_rcc.o
                0x000000000800359c                HAL_RCC_ClockConfig
 .text.HAL_RCC_GetSysClockFreq
                0x0000000008003770       0xa8 ./Drivers/STM32F1xx_HAL_Driver/Src/stm32f1xx_hal_rcc.o
                0x0000000008003770                HAL_RCC_GetSysClockFreq
 .text.HAL_RCC_GetHCLKFreq
                0x0000000008003818       0x14 ./Drivers/STM32F1xx_HAL_Driver/Src/stm32f1xx_hal_rcc.o
                0x0000000008003818                HAL_RCC_GetHCLKFreq
 .text.HAL_RCC_GetPCLK2Freq
                0x000000000800382c       0x28 ./Drivers/STM32F1xx_HAL_Driver/Src/stm32f1xx_hal_rcc.o
                0x000000000800382c                HAL_RCC_GetPCLK2Freq
 .text.RCC_Delay
                0x0000000008003854       0x3c ./Drivers/STM32F1xx_HAL_Driver/Src/stm32f1xx_hal_rcc.o
 .text.HAL_RCCEx_PeriphCLKConfig
                0x0000000008003890      0x16c ./Drivers/STM32F1xx_HAL_Driver/Src/stm32f1xx_hal_rcc_ex.o
                0x0000000008003890                HAL_RCCEx_PeriphCLKConfig
 .text.HAL_RCCEx_GetPeriphCLKFreq
                0x00000000080039fc      0x16c ./Drivers/STM32F1xx_HAL_Driver/Src/stm32f1xx_hal_rcc_ex.o
                0x00000000080039fc                HAL_RCCEx_GetPeriphCLKFreq
 .text.HAL_TIM_Base_Init
                0x0000000008003b68       0x9e ./Drivers/STM32F1xx_HAL_Driver/Src/stm32f1xx_hal_tim.o
                0x0000000008003b68                HAL_TIM_Base_Init
 *fill*         0x0000000008003c06        0x2 
 .text.HAL_TIM_Base_Start_IT
                0x0000000008003c08       0xa4 ./Drivers/STM32F1xx_HAL_Driver/Src/stm32f1xx_hal_tim.o
                0x0000000008003c08                HAL_TIM_Base_Start_IT
 .text.HAL_TIM_IRQHandler
                0x0000000008003cac      0x210 ./Drivers/STM32F1xx_HAL_Driver/Src/stm32f1xx_hal_tim.o
                0x0000000008003cac                HAL_TIM_IRQHandler
 .text.HAL_TIM_ConfigClockSource
                0x0000000008003ebc      0x18e ./Drivers/STM32F1xx_HAL_Driver/Src/stm32f1xx_hal_tim.o
                0x0000000008003ebc                HAL_TIM_ConfigClockSource
 .text.HAL_TIM_OC_DelayElapsedCallback
                0x000000000800404a       0x12 ./Drivers/STM32F1xx_HAL_Driver/Src/stm32f1xx_hal_tim.o
                0x000000000800404a                HAL_TIM_OC_DelayElapsedCallback
 .text.HAL_TIM_IC_CaptureCallback
                0x000000000800405c       0x12 ./Drivers/STM32F1xx_HAL_Driver/Src/stm32f1xx_hal_tim.o
                0x000000000800405c                HAL_TIM_IC_CaptureCallback
 .text.HAL_TIM_PWM_PulseFinishedCallback
                0x000000000800406e       0x12 ./Drivers/STM32F1xx_HAL_Driver/Src/stm32f1xx_hal_tim.o
                0x000000000800406e                HAL_TIM_PWM_PulseFinishedCallback
 .text.HAL_TIM_TriggerCallback
                0x0000000008004080       0x12 ./Drivers/STM32F1xx_HAL_Driver/Src/stm32f1xx_hal_tim.o
                0x0000000008004080                HAL_TIM_TriggerCallback
 *fill*         0x0000000008004092        0x2 
 .text.TIM_Base_SetConfig
                0x0000000008004094       0xc4 ./Drivers/STM32F1xx_HAL_Driver/Src/stm32f1xx_hal_tim.o
                0x0000000008004094                TIM_Base_SetConfig
 .text.TIM_TI1_ConfigInputStage
                0x0000000008004158       0x5c ./Drivers/STM32F1xx_HAL_Driver/Src/stm32f1xx_hal_tim.o
 .text.TIM_TI2_ConfigInputStage
                0x00000000080041b4       0x5e ./Drivers/STM32F1xx_HAL_Driver/Src/stm32f1xx_hal_tim.o
 .text.TIM_ITRx_SetConfig
                0x0000000008004212       0x34 ./Drivers/STM32F1xx_HAL_Driver/Src/stm32f1xx_hal_tim.o
 .text.TIM_ETR_SetConfig
                0x0000000008004246       0x3e ./Drivers/STM32F1xx_HAL_Driver/Src/stm32f1xx_hal_tim.o
                0x0000000008004246                TIM_ETR_SetConfig
 .text.HAL_TIMEx_MasterConfigSynchronization
                0x0000000008004284       0xbc ./Drivers/STM32F1xx_HAL_Driver/Src/stm32f1xx_hal_tim_ex.o
                0x0000000008004284                HAL_TIMEx_MasterConfigSynchronization
 .text.HAL_TIMEx_CommutCallback
                0x0000000008004340       0x12 ./Drivers/STM32F1xx_HAL_Driver/Src/stm32f1xx_hal_tim_ex.o
                0x0000000008004340                HAL_TIMEx_CommutCallback
 .text.HAL_TIMEx_BreakCallback
                0x0000000008004352       0x12 ./Drivers/STM32F1xx_HAL_Driver/Src/stm32f1xx_hal_tim_ex.o
                0x0000000008004352                HAL_TIMEx_BreakCallback
 .text.USB_CoreInit
                0x0000000008004364       0x20 ./Drivers/STM32F1xx_HAL_Driver/Src/stm32f1xx_ll_usb.o
                0x0000000008004364                USB_CoreInit
 .text.USB_EnableGlobalInt
                0x0000000008004384       0x2c ./Drivers/STM32F1xx_HAL_Driver/Src/stm32f1xx_ll_usb.o
                0x0000000008004384                USB_EnableGlobalInt
 .text.USB_DisableGlobalInt
                0x00000000080043b0       0x34 ./Drivers/STM32F1xx_HAL_Driver/Src/stm32f1xx_ll_usb.o
                0x00000000080043b0                USB_DisableGlobalInt
 .text.USB_SetCurrentMode
                0x00000000080043e4       0x18 ./Drivers/STM32F1xx_HAL_Driver/Src/stm32f1xx_ll_usb.o
                0x00000000080043e4                USB_SetCurrentMode
 .text.USB_DevInit
                0x00000000080043fc       0x40 ./Drivers/STM32F1xx_HAL_Driver/Src/stm32f1xx_ll_usb.o
                0x00000000080043fc                USB_DevInit
 .text.USB_ActivateEndpoint
                0x000000000800443c      0x780 ./Drivers/STM32F1xx_HAL_Driver/Src/stm32f1xx_ll_usb.o
                0x000000000800443c                USB_ActivateEndpoint
 .text.USB_DeactivateEndpoint
                0x0000000008004bbc      0x3d8 ./Drivers/STM32F1xx_HAL_Driver/Src/stm32f1xx_ll_usb.o
                0x0000000008004bbc                USB_DeactivateEndpoint
 .text.USB_EPStartXfer
                0x0000000008004f94     0x1762 ./Drivers/STM32F1xx_HAL_Driver/Src/stm32f1xx_ll_usb.o
                0x0000000008004f94                USB_EPStartXfer
 .text.USB_EPSetStall
                0x00000000080066f6       0xa0 ./Drivers/STM32F1xx_HAL_Driver/Src/stm32f1xx_ll_usb.o
                0x00000000080066f6                USB_EPSetStall
 .text.USB_EPClearStall
                0x0000000008006796      0x15a ./Drivers/STM32F1xx_HAL_Driver/Src/stm32f1xx_ll_usb.o
                0x0000000008006796                USB_EPClearStall
 .text.USB_SetDevAddress
                0x00000000080068f0       0x26 ./Drivers/STM32F1xx_HAL_Driver/Src/stm32f1xx_ll_usb.o
                0x00000000080068f0                USB_SetDevAddress
 .text.USB_DevConnect
                0x0000000008006916       0x14 ./Drivers/STM32F1xx_HAL_Driver/Src/stm32f1xx_ll_usb.o
                0x0000000008006916                USB_DevConnect
 .text.USB_DevDisconnect
                0x000000000800692a       0x14 ./Drivers/STM32F1xx_HAL_Driver/Src/stm32f1xx_ll_usb.o
                0x000000000800692a                USB_DevDisconnect
 .text.USB_ReadInterrupts
                0x000000000800693e       0x1e ./Drivers/STM32F1xx_HAL_Driver/Src/stm32f1xx_ll_usb.o
                0x000000000800693e                USB_ReadInterrupts
 .text.USB_EP0_OutStart
                0x000000000800695c       0x16 ./Drivers/STM32F1xx_HAL_Driver/Src/stm32f1xx_ll_usb.o
                0x000000000800695c                USB_EP0_OutStart
 .text.USB_WritePMA
                0x0000000008006972       0x8a ./Drivers/STM32F1xx_HAL_Driver/Src/stm32f1xx_ll_usb.o
                0x0000000008006972                USB_WritePMA
 .text.USB_ReadPMA
                0x00000000080069fc       0x9e ./Drivers/STM32F1xx_HAL_Driver/Src/stm32f1xx_ll_usb.o
                0x00000000080069fc                USB_ReadPMA
 .text.USBD_CDC_Init
                0x0000000008006a9a       0xf4 ./Middlewares/ST/STM32_USB_Device_Library/Class/CDC/Src/usbd_cdc.o
 .text.USBD_CDC_DeInit
                0x0000000008006b8e       0x6e ./Middlewares/ST/STM32_USB_Device_Library/Class/CDC/Src/usbd_cdc.o
 .text.USBD_CDC_Setup
                0x0000000008006bfc      0x146 ./Middlewares/ST/STM32_USB_Device_Library/Class/CDC/Src/usbd_cdc.o
 .text.USBD_CDC_DataIn
                0x0000000008006d42       0xa6 ./Middlewares/ST/STM32_USB_Device_Library/Class/CDC/Src/usbd_cdc.o
 .text.USBD_CDC_DataOut
                0x0000000008006de8       0x56 ./Middlewares/ST/STM32_USB_Device_Library/Class/CDC/Src/usbd_cdc.o
 .text.USBD_CDC_EP0_RxReady
                0x0000000008006e3e       0x50 ./Middlewares/ST/STM32_USB_Device_Library/Class/CDC/Src/usbd_cdc.o
 *fill*         0x0000000008006e8e        0x2 
 .text.USBD_CDC_GetFSCfgDesc
                0x0000000008006e90       0x20 ./Middlewares/ST/STM32_USB_Device_Library/Class/CDC/Src/usbd_cdc.o
 .text.USBD_CDC_GetHSCfgDesc
                0x0000000008006eb0       0x20 ./Middlewares/ST/STM32_USB_Device_Library/Class/CDC/Src/usbd_cdc.o
 .text.USBD_CDC_GetOtherSpeedCfgDesc
                0x0000000008006ed0       0x20 ./Middlewares/ST/STM32_USB_Device_Library/Class/CDC/Src/usbd_cdc.o
 .text.USBD_CDC_GetDeviceQualifierDescriptor
                0x0000000008006ef0       0x20 ./Middlewares/ST/STM32_USB_Device_Library/Class/CDC/Src/usbd_cdc.o
                0x0000000008006ef0                USBD_CDC_GetDeviceQualifierDescriptor
 .text.USBD_CDC_RegisterInterface
                0x0000000008006f10       0x2c ./Middlewares/ST/STM32_USB_Device_Library/Class/CDC/Src/usbd_cdc.o
                0x0000000008006f10                USBD_CDC_RegisterInterface
 .text.USBD_CDC_SetTxBuffer
                0x0000000008006f3c       0x32 ./Middlewares/ST/STM32_USB_Device_Library/Class/CDC/Src/usbd_cdc.o
                0x0000000008006f3c                USBD_CDC_SetTxBuffer
 .text.USBD_CDC_SetRxBuffer
                0x0000000008006f6e       0x26 ./Middlewares/ST/STM32_USB_Device_Library/Class/CDC/Src/usbd_cdc.o
                0x0000000008006f6e                USBD_CDC_SetRxBuffer
 .text.USBD_CDC_TransmitPacket
                0x0000000008006f94       0x5e ./Middlewares/ST/STM32_USB_Device_Library/Class/CDC/Src/usbd_cdc.o
                0x0000000008006f94                USBD_CDC_TransmitPacket
 .text.USBD_CDC_ReceivePacket
                0x0000000008006ff2       0x54 ./Middlewares/ST/STM32_USB_Device_Library/Class/CDC/Src/usbd_cdc.o
                0x0000000008006ff2                USBD_CDC_ReceivePacket
 .text.USBD_Init
                0x0000000008007046       0x56 ./Middlewares/ST/STM32_USB_Device_Library/Core/Src/usbd_core.o
                0x0000000008007046                USBD_Init
 .text.USBD_RegisterClass
                0x000000000800709c       0x32 ./Middlewares/ST/STM32_USB_Device_Library/Core/Src/usbd_core.o
                0x000000000800709c                USBD_RegisterClass
 .text.USBD_Start
                0x00000000080070ce       0x18 ./Middlewares/ST/STM32_USB_Device_Library/Core/Src/usbd_core.o
                0x00000000080070ce                USBD_Start
 .text.USBD_RunTestMode
                0x00000000080070e6       0x14 ./Middlewares/ST/STM32_USB_Device_Library/Core/Src/usbd_core.o
                0x00000000080070e6                USBD_RunTestMode
 .text.USBD_SetClassConfig
                0x00000000080070fa       0x3e ./Middlewares/ST/STM32_USB_Device_Library/Core/Src/usbd_core.o
                0x00000000080070fa                USBD_SetClassConfig
 .text.USBD_ClrClassConfig
                0x0000000008007138       0x26 ./Middlewares/ST/STM32_USB_Device_Library/Core/Src/usbd_core.o
                0x0000000008007138                USBD_ClrClassConfig
 .text.USBD_LL_SetupStage
                0x000000000800715e       0x9a ./Middlewares/ST/STM32_USB_Device_Library/Core/Src/usbd_core.o
                0x000000000800715e                USBD_LL_SetupStage
 .text.USBD_LL_DataOutStage
                0x00000000080071f8       0xe2 ./Middlewares/ST/STM32_USB_Device_Library/Core/Src/usbd_core.o
                0x00000000080071f8                USBD_LL_DataOutStage
 .text.USBD_LL_DataInStage
                0x00000000080072da      0x14a ./Middlewares/ST/STM32_USB_Device_Library/Core/Src/usbd_core.o
                0x00000000080072da                USBD_LL_DataInStage
 .text.USBD_LL_Reset
                0x0000000008007424       0x82 ./Middlewares/ST/STM32_USB_Device_Library/Core/Src/usbd_core.o
                0x0000000008007424                USBD_LL_Reset
 .text.USBD_LL_SetSpeed
                0x00000000080074a6       0x1e ./Middlewares/ST/STM32_USB_Device_Library/Core/Src/usbd_core.o
                0x00000000080074a6                USBD_LL_SetSpeed
 .text.USBD_LL_Suspend
                0x00000000080074c4       0x28 ./Middlewares/ST/STM32_USB_Device_Library/Core/Src/usbd_core.o
                0x00000000080074c4                USBD_LL_Suspend
 .text.USBD_LL_Resume
                0x00000000080074ec       0x2a ./Middlewares/ST/STM32_USB_Device_Library/Core/Src/usbd_core.o
                0x00000000080074ec                USBD_LL_Resume
 .text.USBD_LL_SOF
                0x0000000008007516       0x34 ./Middlewares/ST/STM32_USB_Device_Library/Core/Src/usbd_core.o
                0x0000000008007516                USBD_LL_SOF
 *fill*         0x000000000800754a        0x2 
 .text.USBD_StdDevReq
                0x000000000800754c       0xd4 ./Middlewares/ST/STM32_USB_Device_Library/Core/Src/usbd_ctlreq.o
                0x000000000800754c                USBD_StdDevReq
 .text.USBD_StdItfReq
                0x0000000008007620       0x90 ./Middlewares/ST/STM32_USB_Device_Library/Core/Src/usbd_ctlreq.o
                0x0000000008007620                USBD_StdItfReq
 .text.USBD_StdEPReq
                0x00000000080076b0      0x2c6 ./Middlewares/ST/STM32_USB_Device_Library/Core/Src/usbd_ctlreq.o
                0x00000000080076b0                USBD_StdEPReq
 *fill*         0x0000000008007976        0x2 
 .text.USBD_GetDescriptor
                0x0000000008007978      0x2d0 ./Middlewares/ST/STM32_USB_Device_Library/Core/Src/usbd_ctlreq.o
 .text.USBD_SetAddress
                0x0000000008007c48       0x86 ./Middlewares/ST/STM32_USB_Device_Library/Core/Src/usbd_ctlreq.o
 *fill*         0x0000000008007cce        0x2 
 .text.USBD_SetConfig
                0x0000000008007cd0      0x11c ./Middlewares/ST/STM32_USB_Device_Library/Core/Src/usbd_ctlreq.o
 .text.USBD_GetConfig
                0x0000000008007dec       0x6a ./Middlewares/ST/STM32_USB_Device_Library/Core/Src/usbd_ctlreq.o
 .text.USBD_GetStatus
                0x0000000008007e56       0x66 ./Middlewares/ST/STM32_USB_Device_Library/Core/Src/usbd_ctlreq.o
 .text.USBD_SetFeature
                0x0000000008007ebc       0x28 ./Middlewares/ST/STM32_USB_Device_Library/Core/Src/usbd_ctlreq.o
 .text.USBD_ClrFeature
                0x0000000008007ee4       0x42 ./Middlewares/ST/STM32_USB_Device_Library/Core/Src/usbd_ctlreq.o
 .text.USBD_ParseSetupRequest
                0x0000000008007f26       0x78 ./Middlewares/ST/STM32_USB_Device_Library/Core/Src/usbd_ctlreq.o
                0x0000000008007f26                USBD_ParseSetupRequest
 .text.USBD_CtlError
                0x0000000008007f9e       0x22 ./Middlewares/ST/STM32_USB_Device_Library/Core/Src/usbd_ctlreq.o
                0x0000000008007f9e                USBD_CtlError
 .text.USBD_GetString
                0x0000000008007fc0       0x84 ./Middlewares/ST/STM32_USB_Device_Library/Core/Src/usbd_ctlreq.o
                0x0000000008007fc0                USBD_GetString
 .text.USBD_GetLen
                0x0000000008008044       0x2e ./Middlewares/ST/STM32_USB_Device_Library/Core/Src/usbd_ctlreq.o
 .text.USBD_CtlSendData
                0x0000000008008072       0x38 ./Middlewares/ST/STM32_USB_Device_Library/Core/Src/usbd_ioreq.o
                0x0000000008008072                USBD_CtlSendData
 .text.USBD_CtlContinueSendData
                0x00000000080080aa       0x24 ./Middlewares/ST/STM32_USB_Device_Library/Core/Src/usbd_ioreq.o
                0x00000000080080aa                USBD_CtlContinueSendData
 .text.USBD_CtlPrepareRx
                0x00000000080080ce       0x3c ./Middlewares/ST/STM32_USB_Device_Library/Core/Src/usbd_ioreq.o
                0x00000000080080ce                USBD_CtlPrepareRx
 .text.USBD_CtlContinueRx
                0x000000000800810a       0x24 ./Middlewares/ST/STM32_USB_Device_Library/Core/Src/usbd_ioreq.o
                0x000000000800810a                USBD_CtlContinueRx
 .text.USBD_CtlSendStatus
                0x000000000800812e       0x26 ./Middlewares/ST/STM32_USB_Device_Library/Core/Src/usbd_ioreq.o
                0x000000000800812e                USBD_CtlSendStatus
 .text.USBD_CtlReceiveStatus
                0x0000000008008154       0x26 ./Middlewares/ST/STM32_USB_Device_Library/Core/Src/usbd_ioreq.o
                0x0000000008008154                USBD_CtlReceiveStatus
 *fill*         0x000000000800817a        0x2 
 .text.MX_USB_DEVICE_Init
                0x000000000800817c       0x60 ./USB_DEVICE/App/usb_device.o
                0x000000000800817c                MX_USB_DEVICE_Init
 .text.CDC_Init_FS
                0x00000000080081dc       0x28 ./USB_DEVICE/App/usbd_cdc_if.o
 .text.CDC_DeInit_FS
                0x0000000008008204        0xe ./USB_DEVICE/App/usbd_cdc_if.o
 *fill*         0x0000000008008212        0x2 
 .text.CDC_Control_FS
                0x0000000008008214       0xbc ./USB_DEVICE/App/usbd_cdc_if.o
 .text.CDC_Receive_FS
                0x00000000080082d0       0x28 ./USB_DEVICE/App/usbd_cdc_if.o
 .text.CDC_Transmit_FS
                0x00000000080082f8       0x4c ./USB_DEVICE/App/usbd_cdc_if.o
                0x00000000080082f8                CDC_Transmit_FS
 .text.USBD_FS_DeviceDescriptor
                0x0000000008008344       0x24 ./USB_DEVICE/App/usbd_desc.o
                0x0000000008008344                USBD_FS_DeviceDescriptor
 .text.USBD_FS_LangIDStrDescriptor
                0x0000000008008368       0x24 ./USB_DEVICE/App/usbd_desc.o
                0x0000000008008368                USBD_FS_LangIDStrDescriptor
 .text.USBD_FS_ProductStrDescriptor
                0x000000000800838c       0x3c ./USB_DEVICE/App/usbd_desc.o
                0x000000000800838c                USBD_FS_ProductStrDescriptor
 .text.USBD_FS_ManufacturerStrDescriptor
                0x00000000080083c8       0x28 ./USB_DEVICE/App/usbd_desc.o
                0x00000000080083c8                USBD_FS_ManufacturerStrDescriptor
 .text.USBD_FS_SerialStrDescriptor
                0x00000000080083f0       0x24 ./USB_DEVICE/App/usbd_desc.o
                0x00000000080083f0                USBD_FS_SerialStrDescriptor
 .text.USBD_FS_ConfigStrDescriptor
                0x0000000008008414       0x3c ./USB_DEVICE/App/usbd_desc.o
                0x0000000008008414                USBD_FS_ConfigStrDescriptor
 .text.USBD_FS_InterfaceStrDescriptor
                0x0000000008008450       0x3c ./USB_DEVICE/App/usbd_desc.o
                0x0000000008008450                USBD_FS_InterfaceStrDescriptor
 .text.Get_SerialNum
                0x000000000800848c       0x58 ./USB_DEVICE/App/usbd_desc.o
 .text.IntToUnicode
                0x00000000080084e4       0x7c ./USB_DEVICE/App/usbd_desc.o
 .text.HAL_PCD_MspInit
                0x0000000008008560       0x4c ./USB_DEVICE/Target/usbd_conf.o
                0x0000000008008560                HAL_PCD_MspInit
 .text.HAL_PCD_SetupStageCallback
                0x00000000080085ac       0x24 ./USB_DEVICE/Target/usbd_conf.o
                0x00000000080085ac                HAL_PCD_SetupStageCallback
 .text.HAL_PCD_DataOutStageCallback
                0x00000000080085d0       0x36 ./USB_DEVICE/Target/usbd_conf.o
                0x00000000080085d0                HAL_PCD_DataOutStageCallback
 .text.HAL_PCD_DataInStageCallback
                0x0000000008008606       0x34 ./USB_DEVICE/Target/usbd_conf.o
                0x0000000008008606                HAL_PCD_DataInStageCallback
 .text.HAL_PCD_SOFCallback
                0x000000000800863a       0x1c ./USB_DEVICE/Target/usbd_conf.o
                0x000000000800863a                HAL_PCD_SOFCallback
 .text.HAL_PCD_ResetCallback
                0x0000000008008656       0x3c ./USB_DEVICE/Target/usbd_conf.o
                0x0000000008008656                HAL_PCD_ResetCallback
 *fill*         0x0000000008008692        0x2 
 .text.HAL_PCD_SuspendCallback
                0x0000000008008694       0x34 ./USB_DEVICE/Target/usbd_conf.o
                0x0000000008008694                HAL_PCD_SuspendCallback
 .text.HAL_PCD_ResumeCallback
                0x00000000080086c8       0x1c ./USB_DEVICE/Target/usbd_conf.o
                0x00000000080086c8                HAL_PCD_ResumeCallback
 .text.USBD_LL_Init
                0x00000000080086e4       0xb4 ./USB_DEVICE/Target/usbd_conf.o
                0x00000000080086e4                USBD_LL_Init
 .text.USBD_LL_Start
                0x0000000008008798       0x36 ./USB_DEVICE/Target/usbd_conf.o
                0x0000000008008798                USBD_LL_Start
 .text.USBD_LL_OpenEP
                0x00000000080087ce       0x4c ./USB_DEVICE/Target/usbd_conf.o
                0x00000000080087ce                USBD_LL_OpenEP
 .text.USBD_LL_CloseEP
                0x000000000800881a       0x3e ./USB_DEVICE/Target/usbd_conf.o
                0x000000000800881a                USBD_LL_CloseEP
 .text.USBD_LL_StallEP
                0x0000000008008858       0x3e ./USB_DEVICE/Target/usbd_conf.o
                0x0000000008008858                USBD_LL_StallEP
 .text.USBD_LL_ClearStallEP
                0x0000000008008896       0x3e ./USB_DEVICE/Target/usbd_conf.o
                0x0000000008008896                USBD_LL_ClearStallEP
 .text.USBD_LL_IsStallEP
                0x00000000080088d4       0x58 ./USB_DEVICE/Target/usbd_conf.o
                0x00000000080088d4                USBD_LL_IsStallEP
 .text.USBD_LL_SetUSBAddress
                0x000000000800892c       0x3e ./USB_DEVICE/Target/usbd_conf.o
                0x000000000800892c                USBD_LL_SetUSBAddress
 .text.USBD_LL_Transmit
                0x000000000800896a       0x46 ./USB_DEVICE/Target/usbd_conf.o
                0x000000000800896a                USBD_LL_Transmit
 .text.USBD_LL_PrepareReceive
                0x00000000080089b0       0x46 ./USB_DEVICE/Target/usbd_conf.o
                0x00000000080089b0                USBD_LL_PrepareReceive
 .text.USBD_LL_GetRxDataSize
                0x00000000080089f6       0x26 ./USB_DEVICE/Target/usbd_conf.o
                0x00000000080089f6                USBD_LL_GetRxDataSize
 .text.USBD_static_malloc
                0x0000000008008a1c       0x18 ./USB_DEVICE/Target/usbd_conf.o
                0x0000000008008a1c                USBD_static_malloc
 .text.USBD_static_free
                0x0000000008008a34       0x12 ./USB_DEVICE/Target/usbd_conf.o
                0x0000000008008a34                USBD_static_free
 .text.HAL_PCDEx_SetConnectionState
                0x0000000008008a46       0x16 ./USB_DEVICE/Target/usbd_conf.o
                0x0000000008008a46                HAL_PCDEx_SetConnectionState
 .text.USBD_Get_USB_Status
                0x0000000008008a5c       0x58 ./USB_DEVICE/Target/usbd_conf.o
 .text.memset   0x0000000008008ab4       0x10 X:/ELECTRONICA/ST/STM32CubeIDE_1.13.1/STM32CubeIDE/plugins/com.st.stm32cube.ide.mcu.externaltools.gnu-tools-for-stm32.11.3.rel1.win32_1.1.1.202309131626/tools/bin/../lib/gcc/arm-none-eabi/11.3.1/../../../../arm-none-eabi/lib/thumb/v7-m/nofp\libc_nano.a(libc_a-memset.o)
                0x0000000008008ab4                memset
 .text.__libc_init_array
                0x0000000008008ac4       0x48 X:/ELECTRONICA/ST/STM32CubeIDE_1.13.1/STM32CubeIDE/plugins/com.st.stm32cube.ide.mcu.externaltools.gnu-tools-for-stm32.11.3.rel1.win32_1.1.1.202309131626/tools/bin/../lib/gcc/arm-none-eabi/11.3.1/../../../../arm-none-eabi/lib/thumb/v7-m/nofp\libc_nano.a(libc_a-init.o)
                0x0000000008008ac4                __libc_init_array
 *(.glue_7)
 .glue_7        0x0000000008008b0c        0x0 linker stubs
 *(.glue_7t)
 .glue_7t       0x0000000008008b0c        0x0 linker stubs
 *(.eh_frame)
 .eh_frame      0x0000000008008b0c        0x0 X:/ELECTRONICA/ST/STM32CubeIDE_1.13.1/STM32CubeIDE/plugins/com.st.stm32cube.ide.mcu.externaltools.gnu-tools-for-stm32.11.3.rel1.win32_1.1.1.202309131626/tools/bin/../lib/gcc/arm-none-eabi/11.3.1/thumb/v7-m/nofp/crtbegin.o
 *(.init)
 .init          0x0000000008008b0c        0x4 X:/ELECTRONICA/ST/STM32CubeIDE_1.13.1/STM32CubeIDE/plugins/com.st.stm32cube.ide.mcu.externaltools.gnu-tools-for-stm32.11.3.rel1.win32_1.1.1.202309131626/tools/bin/../lib/gcc/arm-none-eabi/11.3.1/thumb/v7-m/nofp/crti.o
                0x0000000008008b0c                _init
 .init          0x0000000008008b10        0x8 X:/ELECTRONICA/ST/STM32CubeIDE_1.13.1/STM32CubeIDE/plugins/com.st.stm32cube.ide.mcu.externaltools.gnu-tools-for-stm32.11.3.rel1.win32_1.1.1.202309131626/tools/bin/../lib/gcc/arm-none-eabi/11.3.1/thumb/v7-m/nofp/crtn.o
 *(.fini)
 .fini          0x0000000008008b18        0x4 X:/ELECTRONICA/ST/STM32CubeIDE_1.13.1/STM32CubeIDE/plugins/com.st.stm32cube.ide.mcu.externaltools.gnu-tools-for-stm32.11.3.rel1.win32_1.1.1.202309131626/tools/bin/../lib/gcc/arm-none-eabi/11.3.1/thumb/v7-m/nofp/crti.o
                0x0000000008008b18                _fini
 .fini          0x0000000008008b1c        0x8 X:/ELECTRONICA/ST/STM32CubeIDE_1.13.1/STM32CubeIDE/plugins/com.st.stm32cube.ide.mcu.externaltools.gnu-tools-for-stm32.11.3.rel1.win32_1.1.1.202309131626/tools/bin/../lib/gcc/arm-none-eabi/11.3.1/thumb/v7-m/nofp/crtn.o
                0x0000000008008b24                . = ALIGN (0x4)
                0x0000000008008b24                _etext = .

.vfp11_veneer   0x0000000008008b24        0x0
 .vfp11_veneer  0x0000000008008b24        0x0 linker stubs

.v4_bx          0x0000000008008b24        0x0
 .v4_bx         0x0000000008008b24        0x0 linker stubs

.iplt           0x0000000008008b24        0x0
 .iplt          0x0000000008008b24        0x0 X:/ELECTRONICA/ST/STM32CubeIDE_1.13.1/STM32CubeIDE/plugins/com.st.stm32cube.ide.mcu.externaltools.gnu-tools-for-stm32.11.3.rel1.win32_1.1.1.202309131626/tools/bin/../lib/gcc/arm-none-eabi/11.3.1/thumb/v7-m/nofp/crtbegin.o

.rodata         0x0000000008008b24       0x7c
                0x0000000008008b24                . = ALIGN (0x4)
 *(.rodata)
 .rodata        0x0000000008008b24       0x3a ./USB_DEVICE/App/usbd_desc.o
 *(.rodata*)
 *fill*         0x0000000008008b5e        0x2 
 .rodata.AHBPrescTable
                0x0000000008008b60       0x10 ./Core/Src/system_stm32f1xx.o
                0x0000000008008b60                AHBPrescTable
 .rodata.APBPrescTable
                0x0000000008008b70        0x8 ./Core/Src/system_stm32f1xx.o
                0x0000000008008b70                APBPrescTable
 .rodata.aPLLMULFactorTable.1
                0x0000000008008b78       0x10 ./Drivers/STM32F1xx_HAL_Driver/Src/stm32f1xx_hal_rcc.o
 .rodata.aPredivFactorTable.0
                0x0000000008008b88        0x2 ./Drivers/STM32F1xx_HAL_Driver/Src/stm32f1xx_hal_rcc.o
 *fill*         0x0000000008008b8a        0x2 
 .rodata.aPLLMULFactorTable.1
                0x0000000008008b8c       0x10 ./Drivers/STM32F1xx_HAL_Driver/Src/stm32f1xx_hal_rcc_ex.o
 .rodata.aPredivFactorTable.0
                0x0000000008008b9c        0x2 ./Drivers/STM32F1xx_HAL_Driver/Src/stm32f1xx_hal_rcc_ex.o
                0x0000000008008ba0                . = ALIGN (0x4)
 *fill*         0x0000000008008b9e        0x2 

.rel.dyn        0x0000000008008ba0        0x0
 .rel.iplt      0x0000000008008ba0        0x0 X:/ELECTRONICA/ST/STM32CubeIDE_1.13.1/STM32CubeIDE/plugins/com.st.stm32cube.ide.mcu.externaltools.gnu-tools-for-stm32.11.3.rel1.win32_1.1.1.202309131626/tools/bin/../lib/gcc/arm-none-eabi/11.3.1/thumb/v7-m/nofp/crtbegin.o

.ARM.extab      0x0000000008008ba0        0x0
                0x0000000008008ba0                . = ALIGN (0x4)
 *(.ARM.extab* .gnu.linkonce.armextab.*)
                0x0000000008008ba0                . = ALIGN (0x4)

.ARM            0x0000000008008ba0        0x0
                0x0000000008008ba0                . = ALIGN (0x4)
                0x0000000008008ba0                __exidx_start = .
 *(.ARM.exidx*)
                0x0000000008008ba0                __exidx_end = .
                0x0000000008008ba0                . = ALIGN (0x4)

.preinit_array  0x0000000008008ba0        0x0
                0x0000000008008ba0                . = ALIGN (0x4)
                0x0000000008008ba0                PROVIDE (__preinit_array_start = .)
 *(.preinit_array*)
                0x0000000008008ba0                PROVIDE (__preinit_array_end = .)
                0x0000000008008ba0                . = ALIGN (0x4)

.init_array     0x0000000008008ba0        0x4
                0x0000000008008ba0                . = ALIGN (0x4)
                0x0000000008008ba0                PROVIDE (__init_array_start = .)
 *(SORT_BY_NAME(.init_array.*))
 *(.init_array*)
 .init_array    0x0000000008008ba0        0x4 X:/ELECTRONICA/ST/STM32CubeIDE_1.13.1/STM32CubeIDE/plugins/com.st.stm32cube.ide.mcu.externaltools.gnu-tools-for-stm32.11.3.rel1.win32_1.1.1.202309131626/tools/bin/../lib/gcc/arm-none-eabi/11.3.1/thumb/v7-m/nofp/crtbegin.o
                0x0000000008008ba4                PROVIDE (__init_array_end = .)
                0x0000000008008ba4                . = ALIGN (0x4)

.fini_array     0x0000000008008ba4        0x4
                0x0000000008008ba4                . = ALIGN (0x4)
                [!provide]                        PROVIDE (__fini_array_start = .)
 *(SORT_BY_NAME(.fini_array.*))
 *(.fini_array*)
 .fini_array    0x0000000008008ba4        0x4 X:/ELECTRONICA/ST/STM32CubeIDE_1.13.1/STM32CubeIDE/plugins/com.st.stm32cube.ide.mcu.externaltools.gnu-tools-for-stm32.11.3.rel1.win32_1.1.1.202309131626/tools/bin/../lib/gcc/arm-none-eabi/11.3.1/thumb/v7-m/nofp/crtbegin.o
                [!provide]                        PROVIDE (__fini_array_end = .)
                0x0000000008008ba8                . = ALIGN (0x4)
                0x0000000008008ba8                _sidata = LOADADDR (.data)

.data           0x0000000020000000      0x180 load address 0x0000000008008ba8
                0x0000000020000000                . = ALIGN (0x4)
                0x0000000020000000                _sdata = .
 *(.data)
 *(.data*)
 .data.contador.2
                0x0000000020000000        0x4 ./Core/Src/main.o
 .data.SystemCoreClock
                0x0000000020000004        0x4 ./Core/Src/system_stm32f1xx.o
                0x0000000020000004                SystemCoreClock
 .data.uwTickPrio
                0x0000000020000008        0x4 ./Drivers/STM32F1xx_HAL_Driver/Src/stm32f1xx_hal.o
                0x0000000020000008                uwTickPrio
 .data.uwTickFreq
                0x000000002000000c        0x1 ./Drivers/STM32F1xx_HAL_Driver/Src/stm32f1xx_hal.o
                0x000000002000000c                uwTickFreq
 *fill*         0x000000002000000d        0x3 
 .data.USBD_CDC_DeviceQualifierDesc
                0x0000000020000010        0xa ./Middlewares/ST/STM32_USB_Device_Library/Class/CDC/Src/usbd_cdc.o
 *fill*         0x000000002000001a        0x2 
 .data.USBD_CDC
                0x000000002000001c       0x38 ./Middlewares/ST/STM32_USB_Device_Library/Class/CDC/Src/usbd_cdc.o
                0x000000002000001c                USBD_CDC
 .data.USBD_CDC_CfgHSDesc
                0x0000000020000054       0x43 ./Middlewares/ST/STM32_USB_Device_Library/Class/CDC/Src/usbd_cdc.o
                0x0000000020000054                USBD_CDC_CfgHSDesc
 *fill*         0x0000000020000097        0x1 
 .data.USBD_CDC_CfgFSDesc
                0x0000000020000098       0x43 ./Middlewares/ST/STM32_USB_Device_Library/Class/CDC/Src/usbd_cdc.o
                0x0000000020000098                USBD_CDC_CfgFSDesc
 *fill*         0x00000000200000db        0x1 
 .data.USBD_CDC_OtherSpeedCfgDesc
                0x00000000200000dc       0x43 ./Middlewares/ST/STM32_USB_Device_Library/Class/CDC/Src/usbd_cdc.o
                0x00000000200000dc                USBD_CDC_OtherSpeedCfgDesc
 *fill*         0x000000002000011f        0x1 
 .data.USBD_Interface_fops_FS
                0x0000000020000120       0x10 ./USB_DEVICE/App/usbd_cdc_if.o
                0x0000000020000120                USBD_Interface_fops_FS
 .data.FS_Desc  0x0000000020000130       0x1c ./USB_DEVICE/App/usbd_desc.o
                0x0000000020000130                FS_Desc
 .data.USBD_FS_DeviceDesc
                0x000000002000014c       0x12 ./USB_DEVICE/App/usbd_desc.o
                0x000000002000014c                USBD_FS_DeviceDesc
 *fill*         0x000000002000015e        0x2 
 .data.USBD_LangIDDesc
                0x0000000020000160        0x4 ./USB_DEVICE/App/usbd_desc.o
                0x0000000020000160                USBD_LangIDDesc
 .data.USBD_StringSerial
                0x0000000020000164       0x1a ./USB_DEVICE/App/usbd_desc.o
                0x0000000020000164                USBD_StringSerial
 *(.RamFunc)
 *(.RamFunc*)
                0x0000000020000180                . = ALIGN (0x4)
 *fill*         0x000000002000017e        0x2 
                0x0000000020000180                _edata = .

.igot.plt       0x0000000020000180        0x0 load address 0x0000000008008d28
 .igot.plt      0x0000000020000180        0x0 X:/ELECTRONICA/ST/STM32CubeIDE_1.13.1/STM32CubeIDE/plugins/com.st.stm32cube.ide.mcu.externaltools.gnu-tools-for-stm32.11.3.rel1.win32_1.1.1.202309131626/tools/bin/../lib/gcc/arm-none-eabi/11.3.1/thumb/v7-m/nofp/crtbegin.o
                0x0000000020000180                . = ALIGN (0x4)

.bss            0x0000000020000180     0x1290 load address 0x0000000008008d28
                0x0000000020000180                _sbss = .
                0x0000000020000180                __bss_start__ = _sbss
 *(.bss)
 .bss           0x0000000020000180       0x1c X:/ELECTRONICA/ST/STM32CubeIDE_1.13.1/STM32CubeIDE/plugins/com.st.stm32cube.ide.mcu.externaltools.gnu-tools-for-stm32.11.3.rel1.win32_1.1.1.202309131626/tools/bin/../lib/gcc/arm-none-eabi/11.3.1/thumb/v7-m/nofp/crtbegin.o
 *(.bss*)
 .bss.hadc1     0x000000002000019c       0x30 ./Core/Src/adc.o
                0x000000002000019c                hadc1
 .bss.lecturaAdc.3
                0x00000000200001cc        0x2 ./Core/Src/main.o
 *fill*         0x00000000200001ce        0x2 
 .bss.dataFrame.1
                0x00000000200001d0       0x18 ./Core/Src/main.o
 .bss.count.0   0x00000000200001e8        0x1 ./Core/Src/main.o
 *fill*         0x00000000200001e9        0x3 
 .bss.htim2     0x00000000200001ec       0x48 ./Core/Src/tim.o
                0x00000000200001ec                htim2
 .bss.uwTick    0x0000000020000234        0x4 ./Drivers/STM32F1xx_HAL_Driver/Src/stm32f1xx_hal.o
                0x0000000020000234                uwTick
 .bss.cfgidx.0  0x0000000020000238        0x1 ./Middlewares/ST/STM32_USB_Device_Library/Core/Src/usbd_ctlreq.o
 *fill*         0x0000000020000239        0x3 
 .bss.hUsbDeviceFS
                0x000000002000023c      0x2c4 ./USB_DEVICE/App/usb_device.o
                0x000000002000023c                hUsbDeviceFS
 .bss.UserRxBufferFS
                0x0000000020000500      0x400 ./USB_DEVICE/App/usbd_cdc_if.o
                0x0000000020000500                UserRxBufferFS
 .bss.UserTxBufferFS
                0x0000000020000900      0x400 ./USB_DEVICE/App/usbd_cdc_if.o
                0x0000000020000900                UserTxBufferFS
 .bss.USBD_StrDesc
                0x0000000020000d00      0x200 ./USB_DEVICE/App/usbd_desc.o
                0x0000000020000d00                USBD_StrDesc
 .bss.hpcd_USB_FS
                0x0000000020000f00      0x2f0 ./USB_DEVICE/Target/usbd_conf.o
                0x0000000020000f00                hpcd_USB_FS
 .bss.mem.0     0x00000000200011f0      0x220 ./USB_DEVICE/Target/usbd_conf.o
 *(COMMON)
                0x0000000020001410                . = ALIGN (0x4)
                0x0000000020001410                _ebss = .
                0x0000000020001410                __bss_end__ = _ebss

._user_heap_stack
                0x0000000020001410      0x600 load address 0x0000000008008d28
                0x0000000020001410                . = ALIGN (0x8)
                [!provide]                        PROVIDE (end = .)
                0x0000000020001410                PROVIDE (_end = .)
                0x0000000020001610                . = (. + _Min_Heap_Size)
 *fill*         0x0000000020001410      0x200 
                0x0000000020001a10                . = (. + _Min_Stack_Size)
 *fill*         0x0000000020001610      0x400 
                0x0000000020001a10                . = ALIGN (0x8)

/DISCARD/
 libc.a(*)
 libm.a(*)
 libgcc.a(*)

.ARM.attributes
                0x0000000000000000       0x29
 *(.ARM.attributes)
 .ARM.attributes
                0x0000000000000000       0x1d X:/ELECTRONICA/ST/STM32CubeIDE_1.13.1/STM32CubeIDE/plugins/com.st.stm32cube.ide.mcu.externaltools.gnu-tools-for-stm32.11.3.rel1.win32_1.1.1.202309131626/tools/bin/../lib/gcc/arm-none-eabi/11.3.1/thumb/v7-m/nofp/crti.o
 .ARM.attributes
                0x000000000000001d       0x2d X:/ELECTRONICA/ST/STM32CubeIDE_1.13.1/STM32CubeIDE/plugins/com.st.stm32cube.ide.mcu.externaltools.gnu-tools-for-stm32.11.3.rel1.win32_1.1.1.202309131626/tools/bin/../lib/gcc/arm-none-eabi/11.3.1/thumb/v7-m/nofp/crtbegin.o
 .ARM.attributes
                0x000000000000004a       0x2d ./Core/Librerias/My_adc.o
 .ARM.attributes
                0x0000000000000077       0x2d ./Core/Src/adc.o
 .ARM.attributes
                0x00000000000000a4       0x2d ./Core/Src/gpio.o
 .ARM.attributes
                0x00000000000000d1       0x2d ./Core/Src/main.o
 .ARM.attributes
                0x00000000000000fe       0x2d ./Core/Src/stm32f1xx_hal_msp.o
 .ARM.attributes
                0x000000000000012b       0x2d ./Core/Src/stm32f1xx_it.o
 .ARM.attributes
                0x0000000000000158       0x2d ./Core/Src/system_stm32f1xx.o
 .ARM.attributes
                0x0000000000000185       0x2d ./Core/Src/tim.o
 .ARM.attributes
                0x00000000000001b2       0x21 ./Core/Startup/startup_stm32f103c8tx.o
 .ARM.attributes
                0x00000000000001d3       0x2d ./Drivers/STM32F1xx_HAL_Driver/Src/stm32f1xx_hal.o
 .ARM.attributes
                0x0000000000000200       0x2d ./Drivers/STM32F1xx_HAL_Driver/Src/stm32f1xx_hal_adc.o
 .ARM.attributes
                0x000000000000022d       0x2d ./Drivers/STM32F1xx_HAL_Driver/Src/stm32f1xx_hal_cortex.o
 .ARM.attributes
                0x000000000000025a       0x2d ./Drivers/STM32F1xx_HAL_Driver/Src/stm32f1xx_hal_gpio.o
 .ARM.attributes
                0x0000000000000287       0x2d ./Drivers/STM32F1xx_HAL_Driver/Src/stm32f1xx_hal_pcd.o
 .ARM.attributes
                0x00000000000002b4       0x2d ./Drivers/STM32F1xx_HAL_Driver/Src/stm32f1xx_hal_pcd_ex.o
 .ARM.attributes
                0x00000000000002e1       0x2d ./Drivers/STM32F1xx_HAL_Driver/Src/stm32f1xx_hal_rcc.o
 .ARM.attributes
                0x000000000000030e       0x2d ./Drivers/STM32F1xx_HAL_Driver/Src/stm32f1xx_hal_rcc_ex.o
 .ARM.attributes
                0x000000000000033b       0x2d ./Drivers/STM32F1xx_HAL_Driver/Src/stm32f1xx_hal_tim.o
 .ARM.attributes
                0x0000000000000368       0x2d ./Drivers/STM32F1xx_HAL_Driver/Src/stm32f1xx_hal_tim_ex.o
 .ARM.attributes
                0x0000000000000395       0x2d ./Drivers/STM32F1xx_HAL_Driver/Src/stm32f1xx_ll_usb.o
 .ARM.attributes
                0x00000000000003c2       0x2d ./Middlewares/ST/STM32_USB_Device_Library/Class/CDC/Src/usbd_cdc.o
 .ARM.attributes
                0x00000000000003ef       0x2d ./Middlewares/ST/STM32_USB_Device_Library/Core/Src/usbd_core.o
 .ARM.attributes
                0x000000000000041c       0x2d ./Middlewares/ST/STM32_USB_Device_Library/Core/Src/usbd_ctlreq.o
 .ARM.attributes
                0x0000000000000449       0x2d ./Middlewares/ST/STM32_USB_Device_Library/Core/Src/usbd_ioreq.o
 .ARM.attributes
                0x0000000000000476       0x2d ./USB_DEVICE/App/usb_device.o
 .ARM.attributes
                0x00000000000004a3       0x2d ./USB_DEVICE/App/usbd_cdc_if.o
 .ARM.attributes
                0x00000000000004d0       0x2d ./USB_DEVICE/App/usbd_desc.o
 .ARM.attributes
                0x00000000000004fd       0x2d ./USB_DEVICE/Target/usbd_conf.o
 .ARM.attributes
                0x000000000000052a       0x2d X:/ELECTRONICA/ST/STM32CubeIDE_1.13.1/STM32CubeIDE/plugins/com.st.stm32cube.ide.mcu.externaltools.gnu-tools-for-stm32.11.3.rel1.win32_1.1.1.202309131626/tools/bin/../lib/gcc/arm-none-eabi/11.3.1/../../../../arm-none-eabi/lib/thumb/v7-m/nofp\libc_nano.a(libc_a-memset.o)
 .ARM.attributes
                0x0000000000000557       0x2d X:/ELECTRONICA/ST/STM32CubeIDE_1.13.1/STM32CubeIDE/plugins/com.st.stm32cube.ide.mcu.externaltools.gnu-tools-for-stm32.11.3.rel1.win32_1.1.1.202309131626/tools/bin/../lib/gcc/arm-none-eabi/11.3.1/../../../../arm-none-eabi/lib/thumb/v7-m/nofp\libc_nano.a(libc_a-init.o)
 .ARM.attributes
                0x0000000000000584       0x1d X:/ELECTRONICA/ST/STM32CubeIDE_1.13.1/STM32CubeIDE/plugins/com.st.stm32cube.ide.mcu.externaltools.gnu-tools-for-stm32.11.3.rel1.win32_1.1.1.202309131626/tools/bin/../lib/gcc/arm-none-eabi/11.3.1/thumb/v7-m/nofp/crtn.o
OUTPUT(7_ADCAndUARTWhitUSBAndStruct.elf elf32-littlearm)
LOAD linker stubs
LOAD X:/ELECTRONICA/ST/STM32CubeIDE_1.13.1/STM32CubeIDE/plugins/com.st.stm32cube.ide.mcu.externaltools.gnu-tools-for-stm32.11.3.rel1.win32_1.1.1.202309131626/tools/bin/../lib/gcc/arm-none-eabi/11.3.1/../../../../arm-none-eabi/lib/thumb/v7-m/nofp\libc.a
LOAD X:/ELECTRONICA/ST/STM32CubeIDE_1.13.1/STM32CubeIDE/plugins/com.st.stm32cube.ide.mcu.externaltools.gnu-tools-for-stm32.11.3.rel1.win32_1.1.1.202309131626/tools/bin/../lib/gcc/arm-none-eabi/11.3.1/../../../../arm-none-eabi/lib/thumb/v7-m/nofp\libm.a
LOAD X:/ELECTRONICA/ST/STM32CubeIDE_1.13.1/STM32CubeIDE/plugins/com.st.stm32cube.ide.mcu.externaltools.gnu-tools-for-stm32.11.3.rel1.win32_1.1.1.202309131626/tools/bin/../lib/gcc/arm-none-eabi/11.3.1/thumb/v7-m/nofp\libgcc.a

.comment        0x0000000000000000       0x43
 .comment       0x0000000000000000       0x43 X:/ELECTRONICA/ST/STM32CubeIDE_1.13.1/STM32CubeIDE/plugins/com.st.stm32cube.ide.mcu.externaltools.gnu-tools-for-stm32.11.3.rel1.win32_1.1.1.202309131626/tools/bin/../lib/gcc/arm-none-eabi/11.3.1/thumb/v7-m/nofp/crtbegin.o
                                         0x44 (size before relaxing)
 .comment       0x0000000000000043       0x44 ./Core/Librerias/My_adc.o
 .comment       0x0000000000000043       0x44 ./Core/Src/adc.o
 .comment       0x0000000000000043       0x44 ./Core/Src/gpio.o
 .comment       0x0000000000000043       0x44 ./Core/Src/main.o
 .comment       0x0000000000000043       0x44 ./Core/Src/stm32f1xx_hal_msp.o
 .comment       0x0000000000000043       0x44 ./Core/Src/stm32f1xx_it.o
 .comment       0x0000000000000043       0x44 ./Core/Src/system_stm32f1xx.o
 .comment       0x0000000000000043       0x44 ./Core/Src/tim.o
 .comment       0x0000000000000043       0x44 ./Drivers/STM32F1xx_HAL_Driver/Src/stm32f1xx_hal.o
 .comment       0x0000000000000043       0x44 ./Drivers/STM32F1xx_HAL_Driver/Src/stm32f1xx_hal_adc.o
 .comment       0x0000000000000043       0x44 ./Drivers/STM32F1xx_HAL_Driver/Src/stm32f1xx_hal_cortex.o
 .comment       0x0000000000000043       0x44 ./Drivers/STM32F1xx_HAL_Driver/Src/stm32f1xx_hal_gpio.o
 .comment       0x0000000000000043       0x44 ./Drivers/STM32F1xx_HAL_Driver/Src/stm32f1xx_hal_pcd.o
 .comment       0x0000000000000043       0x44 ./Drivers/STM32F1xx_HAL_Driver/Src/stm32f1xx_hal_pcd_ex.o
 .comment       0x0000000000000043       0x44 ./Drivers/STM32F1xx_HAL_Driver/Src/stm32f1xx_hal_rcc.o
 .comment       0x0000000000000043       0x44 ./Drivers/STM32F1xx_HAL_Driver/Src/stm32f1xx_hal_rcc_ex.o
 .comment       0x0000000000000043       0x44 ./Drivers/STM32F1xx_HAL_Driver/Src/stm32f1xx_hal_tim.o
 .comment       0x0000000000000043       0x44 ./Drivers/STM32F1xx_HAL_Driver/Src/stm32f1xx_hal_tim_ex.o
 .comment       0x0000000000000043       0x44 ./Drivers/STM32F1xx_HAL_Driver/Src/stm32f1xx_ll_usb.o
 .comment       0x0000000000000043       0x44 ./Middlewares/ST/STM32_USB_Device_Library/Class/CDC/Src/usbd_cdc.o
 .comment       0x0000000000000043       0x44 ./Middlewares/ST/STM32_USB_Device_Library/Core/Src/usbd_core.o
 .comment       0x0000000000000043       0x44 ./Middlewares/ST/STM32_USB_Device_Library/Core/Src/usbd_ctlreq.o
 .comment       0x0000000000000043       0x44 ./Middlewares/ST/STM32_USB_Device_Library/Core/Src/usbd_ioreq.o
 .comment       0x0000000000000043       0x44 ./USB_DEVICE/App/usb_device.o
 .comment       0x0000000000000043       0x44 ./USB_DEVICE/App/usbd_cdc_if.o
 .comment       0x0000000000000043       0x44 ./USB_DEVICE/App/usbd_desc.o
 .comment       0x0000000000000043       0x44 ./USB_DEVICE/Target/usbd_conf.o

.debug_info     0x0000000000000000    0x12b38
 .debug_info    0x0000000000000000      0x565 ./Core/Librerias/My_adc.o
 .debug_info    0x0000000000000565      0x7b8 ./Core/Src/adc.o
 .debug_info    0x0000000000000d1d      0x2b7 ./Core/Src/gpio.o
 .debug_info    0x0000000000000fd4      0xae0 ./Core/Src/main.o
 .debug_info    0x0000000000001ab4      0x1f1 ./Core/Src/stm32f1xx_hal_msp.o
 .debug_info    0x0000000000001ca5      0xb6d ./Core/Src/stm32f1xx_it.o
 .debug_info    0x0000000000002812      0x222 ./Core/Src/system_stm32f1xx.o
 .debug_info    0x0000000000002a34      0x9bb ./Core/Src/tim.o
 .debug_info    0x00000000000033ef       0x23 ./Core/Startup/startup_stm32f103c8tx.o
 .debug_info    0x0000000000003412      0x704 ./Drivers/STM32F1xx_HAL_Driver/Src/stm32f1xx_hal.o
 .debug_info    0x0000000000003b16      0xc50 ./Drivers/STM32F1xx_HAL_Driver/Src/stm32f1xx_hal_adc.o
 .debug_info    0x0000000000004766      0xa87 ./Drivers/STM32F1xx_HAL_Driver/Src/stm32f1xx_hal_cortex.o
 .debug_info    0x00000000000051ed      0x5ab ./Drivers/STM32F1xx_HAL_Driver/Src/stm32f1xx_hal_gpio.o
 .debug_info    0x0000000000005798     0x16cf ./Drivers/STM32F1xx_HAL_Driver/Src/stm32f1xx_hal_pcd.o
 .debug_info    0x0000000000006e67      0x6b6 ./Drivers/STM32F1xx_HAL_Driver/Src/stm32f1xx_hal_pcd_ex.o
 .debug_info    0x000000000000751d      0x7d5 ./Drivers/STM32F1xx_HAL_Driver/Src/stm32f1xx_hal_rcc.o
 .debug_info    0x0000000000007cf2      0x3c0 ./Drivers/STM32F1xx_HAL_Driver/Src/stm32f1xx_hal_rcc_ex.o
 .debug_info    0x00000000000080b2     0x293b ./Drivers/STM32F1xx_HAL_Driver/Src/stm32f1xx_hal_tim.o
 .debug_info    0x000000000000a9ed     0x149b ./Drivers/STM32F1xx_HAL_Driver/Src/stm32f1xx_hal_tim_ex.o
 .debug_info    0x000000000000be88     0x17a2 ./Drivers/STM32F1xx_HAL_Driver/Src/stm32f1xx_ll_usb.o
 .debug_info    0x000000000000d62a     0x1036 ./Middlewares/ST/STM32_USB_Device_Library/Class/CDC/Src/usbd_cdc.o
 .debug_info    0x000000000000e660      0xa52 ./Middlewares/ST/STM32_USB_Device_Library/Core/Src/usbd_core.o
 .debug_info    0x000000000000f0b2      0x91c ./Middlewares/ST/STM32_USB_Device_Library/Core/Src/usbd_ctlreq.o
 .debug_info    0x000000000000f9ce      0x6a0 ./Middlewares/ST/STM32_USB_Device_Library/Core/Src/usbd_ioreq.o
 .debug_info    0x000000000001006e      0x63d ./USB_DEVICE/App/usb_device.o
 .debug_info    0x00000000000106ab      0x7ec ./USB_DEVICE/App/usbd_cdc_if.o
 .debug_info    0x0000000000010e97      0x44a ./USB_DEVICE/App/usbd_desc.o
 .debug_info    0x00000000000112e1     0x1857 ./USB_DEVICE/Target/usbd_conf.o

.debug_abbrev   0x0000000000000000     0x374b
 .debug_abbrev  0x0000000000000000      0x156 ./Core/Librerias/My_adc.o
 .debug_abbrev  0x0000000000000156      0x1e1 ./Core/Src/adc.o
 .debug_abbrev  0x0000000000000337      0x13f ./Core/Src/gpio.o
 .debug_abbrev  0x0000000000000476      0x263 ./Core/Src/main.o
 .debug_abbrev  0x00000000000006d9       0xdb ./Core/Src/stm32f1xx_hal_msp.o
 .debug_abbrev  0x00000000000007b4      0x1c6 ./Core/Src/stm32f1xx_it.o
 .debug_abbrev  0x000000000000097a      0x13f ./Core/Src/system_stm32f1xx.o
 .debug_abbrev  0x0000000000000ab9      0x20e ./Core/Src/tim.o
 .debug_abbrev  0x0000000000000cc7       0x12 ./Core/Startup/startup_stm32f103c8tx.o
 .debug_abbrev  0x0000000000000cd9      0x201 ./Drivers/STM32F1xx_HAL_Driver/Src/stm32f1xx_hal.o
 .debug_abbrev  0x0000000000000eda      0x225 ./Drivers/STM32F1xx_HAL_Driver/Src/stm32f1xx_hal_adc.o
 .debug_abbrev  0x00000000000010ff      0x2f8 ./Drivers/STM32F1xx_HAL_Driver/Src/stm32f1xx_hal_cortex.o
 .debug_abbrev  0x00000000000013f7      0x1ca ./Drivers/STM32F1xx_HAL_Driver/Src/stm32f1xx_hal_gpio.o
 .debug_abbrev  0x00000000000015c1      0x2d6 ./Drivers/STM32F1xx_HAL_Driver/Src/stm32f1xx_hal_pcd.o
 .debug_abbrev  0x0000000000001897      0x189 ./Drivers/STM32F1xx_HAL_Driver/Src/stm32f1xx_hal_pcd_ex.o
 .debug_abbrev  0x0000000000001a20      0x2b3 ./Drivers/STM32F1xx_HAL_Driver/Src/stm32f1xx_hal_rcc.o
 .debug_abbrev  0x0000000000001cd3      0x188 ./Drivers/STM32F1xx_HAL_Driver/Src/stm32f1xx_hal_rcc_ex.o
 .debug_abbrev  0x0000000000001e5b      0x277 ./Drivers/STM32F1xx_HAL_Driver/Src/stm32f1xx_hal_tim.o
 .debug_abbrev  0x00000000000020d2      0x282 ./Drivers/STM32F1xx_HAL_Driver/Src/stm32f1xx_hal_tim_ex.o
 .debug_abbrev  0x0000000000002354      0x1de ./Drivers/STM32F1xx_HAL_Driver/Src/stm32f1xx_ll_usb.o
 .debug_abbrev  0x0000000000002532      0x2d3 ./Middlewares/ST/STM32_USB_Device_Library/Class/CDC/Src/usbd_cdc.o
 .debug_abbrev  0x0000000000002805      0x24a ./Middlewares/ST/STM32_USB_Device_Library/Core/Src/usbd_core.o
 .debug_abbrev  0x0000000000002a4f      0x26b ./Middlewares/ST/STM32_USB_Device_Library/Core/Src/usbd_ctlreq.o
 .debug_abbrev  0x0000000000002cba      0x192 ./Middlewares/ST/STM32_USB_Device_Library/Core/Src/usbd_ioreq.o
 .debug_abbrev  0x0000000000002e4c      0x18d ./USB_DEVICE/App/usb_device.o
 .debug_abbrev  0x0000000000002fd9      0x25d ./USB_DEVICE/App/usbd_cdc_if.o
 .debug_abbrev  0x0000000000003236      0x1ff ./USB_DEVICE/App/usbd_desc.o
 .debug_abbrev  0x0000000000003435      0x316 ./USB_DEVICE/Target/usbd_conf.o

.debug_aranges  0x0000000000000000     0x1140
 .debug_aranges
                0x0000000000000000       0x20 ./Core/Librerias/My_adc.o
 .debug_aranges
                0x0000000000000020       0x30 ./Core/Src/adc.o
 .debug_aranges
                0x0000000000000050       0x20 ./Core/Src/gpio.o
 .debug_aranges
                0x0000000000000070       0x38 ./Core/Src/main.o
 .debug_aranges
                0x00000000000000a8       0x20 ./Core/Src/stm32f1xx_hal_msp.o
 .debug_aranges
                0x00000000000000c8       0x70 ./Core/Src/stm32f1xx_it.o
 .debug_aranges
                0x0000000000000138       0x28 ./Core/Src/system_stm32f1xx.o
 .debug_aranges
                0x0000000000000160       0x30 ./Core/Src/tim.o
 .debug_aranges
                0x0000000000000190       0x28 ./Core/Startup/startup_stm32f103c8tx.o
 .debug_aranges
                0x00000000000001b8       0xe0 ./Drivers/STM32F1xx_HAL_Driver/Src/stm32f1xx_hal.o
 .debug_aranges
                0x0000000000000298       0xf0 ./Drivers/STM32F1xx_HAL_Driver/Src/stm32f1xx_hal_adc.o
 .debug_aranges
                0x0000000000000388      0x100 ./Drivers/STM32F1xx_HAL_Driver/Src/stm32f1xx_hal_cortex.o
 .debug_aranges
                0x0000000000000488       0x58 ./Drivers/STM32F1xx_HAL_Driver/Src/stm32f1xx_hal_gpio.o
 .debug_aranges
                0x00000000000004e0      0x140 ./Drivers/STM32F1xx_HAL_Driver/Src/stm32f1xx_hal_pcd.o
 .debug_aranges
                0x0000000000000620       0x38 ./Drivers/STM32F1xx_HAL_Driver/Src/stm32f1xx_hal_pcd_ex.o
 .debug_aranges
                0x0000000000000658       0x90 ./Drivers/STM32F1xx_HAL_Driver/Src/stm32f1xx_hal_rcc.o
 .debug_aranges
                0x00000000000006e8       0x30 ./Drivers/STM32F1xx_HAL_Driver/Src/stm32f1xx_hal_rcc_ex.o
 .debug_aranges
                0x0000000000000718      0x3d0 ./Drivers/STM32F1xx_HAL_Driver/Src/stm32f1xx_hal_tim.o
 .debug_aranges
                0x0000000000000ae8      0x168 ./Drivers/STM32F1xx_HAL_Driver/Src/stm32f1xx_hal_tim_ex.o
 .debug_aranges
                0x0000000000000c50       0xf8 ./Drivers/STM32F1xx_HAL_Driver/Src/stm32f1xx_ll_usb.o
 .debug_aranges
                0x0000000000000d48       0x90 ./Middlewares/ST/STM32_USB_Device_Library/Class/CDC/Src/usbd_cdc.o
 .debug_aranges
                0x0000000000000dd8       0xb8 ./Middlewares/ST/STM32_USB_Device_Library/Core/Src/usbd_core.o
 .debug_aranges
                0x0000000000000e90       0x88 ./Middlewares/ST/STM32_USB_Device_Library/Core/Src/usbd_ctlreq.o
 .debug_aranges
                0x0000000000000f18       0x50 ./Middlewares/ST/STM32_USB_Device_Library/Core/Src/usbd_ioreq.o
 .debug_aranges
                0x0000000000000f68       0x20 ./USB_DEVICE/App/usb_device.o
 .debug_aranges
                0x0000000000000f88       0x40 ./USB_DEVICE/App/usbd_cdc_if.o
 .debug_aranges
                0x0000000000000fc8       0x60 ./USB_DEVICE/App/usbd_desc.o
 .debug_aranges
                0x0000000000001028      0x118 ./USB_DEVICE/Target/usbd_conf.o

.debug_rnglists
                0x0000000000000000      0xd00
 .debug_rnglists
                0x0000000000000000       0x13 ./Core/Librerias/My_adc.o
 .debug_rnglists
                0x0000000000000013       0x1f ./Core/Src/adc.o
 .debug_rnglists
                0x0000000000000032       0x14 ./Core/Src/gpio.o
 .debug_rnglists
                0x0000000000000046       0x27 ./Core/Src/main.o
 .debug_rnglists
                0x000000000000006d       0x13 ./Core/Src/stm32f1xx_hal_msp.o
 .debug_rnglists
                0x0000000000000080       0x4f ./Core/Src/stm32f1xx_it.o
 .debug_rnglists
                0x00000000000000cf       0x1a ./Core/Src/system_stm32f1xx.o
 .debug_rnglists
                0x00000000000000e9       0x20 ./Core/Src/tim.o
 .debug_rnglists
                0x0000000000000109       0x19 ./Core/Startup/startup_stm32f103c8tx.o
 .debug_rnglists
                0x0000000000000122       0xa3 ./Drivers/STM32F1xx_HAL_Driver/Src/stm32f1xx_hal.o
 .debug_rnglists
                0x00000000000001c5       0xbc ./Drivers/STM32F1xx_HAL_Driver/Src/stm32f1xx_hal_adc.o
 .debug_rnglists
                0x0000000000000281       0xbb ./Drivers/STM32F1xx_HAL_Driver/Src/stm32f1xx_hal_cortex.o
 .debug_rnglists
                0x000000000000033c       0x3f ./Drivers/STM32F1xx_HAL_Driver/Src/stm32f1xx_hal_gpio.o
 .debug_rnglists
                0x000000000000037b       0xf4 ./Drivers/STM32F1xx_HAL_Driver/Src/stm32f1xx_hal_pcd.o
 .debug_rnglists
                0x000000000000046f       0x26 ./Drivers/STM32F1xx_HAL_Driver/Src/stm32f1xx_hal_pcd_ex.o
 .debug_rnglists
                0x0000000000000495       0x6c ./Drivers/STM32F1xx_HAL_Driver/Src/stm32f1xx_hal_rcc.o
 .debug_rnglists
                0x0000000000000501       0x21 ./Drivers/STM32F1xx_HAL_Driver/Src/stm32f1xx_hal_rcc_ex.o
 .debug_rnglists
                0x0000000000000522      0x31a ./Drivers/STM32F1xx_HAL_Driver/Src/stm32f1xx_hal_tim.o
 .debug_rnglists
                0x000000000000083c      0x125 ./Drivers/STM32F1xx_HAL_Driver/Src/stm32f1xx_hal_tim_ex.o
 .debug_rnglists
                0x0000000000000961       0xbd ./Drivers/STM32F1xx_HAL_Driver/Src/stm32f1xx_ll_usb.o
 .debug_rnglists
                0x0000000000000a1e       0x6a ./Middlewares/ST/STM32_USB_Device_Library/Class/CDC/Src/usbd_cdc.o
 .debug_rnglists
                0x0000000000000a88       0x89 ./Middlewares/ST/STM32_USB_Device_Library/Core/Src/usbd_core.o
 .debug_rnglists
                0x0000000000000b11       0x68 ./Middlewares/ST/STM32_USB_Device_Library/Core/Src/usbd_ctlreq.o
 .debug_rnglists
                0x0000000000000b79       0x37 ./Middlewares/ST/STM32_USB_Device_Library/Core/Src/usbd_ioreq.o
 .debug_rnglists
                0x0000000000000bb0       0x13 ./USB_DEVICE/App/usb_device.o
 .debug_rnglists
                0x0000000000000bc3       0x2c ./USB_DEVICE/App/usbd_cdc_if.o
 .debug_rnglists
                0x0000000000000bef       0x43 ./USB_DEVICE/App/usbd_desc.o
 .debug_rnglists
                0x0000000000000c32       0xce ./USB_DEVICE/Target/usbd_conf.o

.debug_macro    0x0000000000000000    0x1b041
 .debug_macro   0x0000000000000000      0x1eb ./Core/Librerias/My_adc.o
 .debug_macro   0x00000000000001eb      0xa9c ./Core/Librerias/My_adc.o
 .debug_macro   0x0000000000000c87      0x221 ./Core/Librerias/My_adc.o
 .debug_macro   0x0000000000000ea8       0x2e ./Core/Librerias/My_adc.o
 .debug_macro   0x0000000000000ed6       0x22 ./Core/Librerias/My_adc.o
 .debug_macro   0x0000000000000ef8       0x22 ./Core/Librerias/My_adc.o
 .debug_macro   0x0000000000000f1a       0x8e ./Core/Librerias/My_adc.o
 .debug_macro   0x0000000000000fa8       0x51 ./Core/Librerias/My_adc.o
 .debug_macro   0x0000000000000ff9      0x103 ./Core/Librerias/My_adc.o
 .debug_macro   0x00000000000010fc       0x6a ./Core/Librerias/My_adc.o
 .debug_macro   0x0000000000001166      0x1df ./Core/Librerias/My_adc.o
 .debug_macro   0x0000000000001345       0x1c ./Core/Librerias/My_adc.o
 .debug_macro   0x0000000000001361       0x22 ./Core/Librerias/My_adc.o
 .debug_macro   0x0000000000001383       0xbd ./Core/Librerias/My_adc.o
 .debug_macro   0x0000000000001440      0xd23 ./Core/Librerias/My_adc.o
 .debug_macro   0x0000000000002163     0xe09e ./Core/Librerias/My_adc.o
 .debug_macro   0x0000000000010201       0x6d ./Core/Librerias/My_adc.o
 .debug_macro   0x000000000001026e     0x348d ./Core/Librerias/My_adc.o
 .debug_macro   0x00000000000136fb      0x174 ./Core/Librerias/My_adc.o
 .debug_macro   0x000000000001386f       0x5c ./Core/Librerias/My_adc.o
 .debug_macro   0x00000000000138cb      0x5bc ./Core/Librerias/My_adc.o
 .debug_macro   0x0000000000013e87      0x289 ./Core/Librerias/My_adc.o
 .debug_macro   0x0000000000014110      0x1cb ./Core/Librerias/My_adc.o
 .debug_macro   0x00000000000142db      0x114 ./Core/Librerias/My_adc.o
 .debug_macro   0x00000000000143ef      0x1b2 ./Core/Librerias/My_adc.o
 .debug_macro   0x00000000000145a1       0x27 ./Core/Librerias/My_adc.o
 .debug_macro   0x00000000000145c8      0x136 ./Core/Librerias/My_adc.o
 .debug_macro   0x00000000000146fe      0x1bc ./Core/Librerias/My_adc.o
 .debug_macro   0x00000000000148ba       0x34 ./Core/Librerias/My_adc.o
 .debug_macro   0x00000000000148ee       0x3c ./Core/Librerias/My_adc.o
 .debug_macro   0x000000000001492a       0x57 ./Core/Librerias/My_adc.o
 .debug_macro   0x0000000000014981      0x46a ./Core/Librerias/My_adc.o
 .debug_macro   0x0000000000014deb      0x1b5 ./Core/Librerias/My_adc.o
 .debug_macro   0x0000000000014fa0       0x87 ./Core/Librerias/My_adc.o
 .debug_macro   0x0000000000015027      0x240 ./Core/Librerias/My_adc.o
 .debug_macro   0x0000000000015267      0x140 ./Core/Librerias/My_adc.o
 .debug_macro   0x00000000000153a7      0x8ed ./Core/Librerias/My_adc.o
 .debug_macro   0x0000000000015c94       0xab ./Core/Librerias/My_adc.o
 .debug_macro   0x0000000000015d3f      0x242 ./Core/Librerias/My_adc.o
 .debug_macro   0x0000000000015f81       0x83 ./Core/Librerias/My_adc.o
 .debug_macro   0x0000000000016004      0x1eb ./Core/Src/adc.o
 .debug_macro   0x00000000000161ef      0x1eb ./Core/Src/gpio.o
 .debug_macro   0x00000000000163da      0x3cd ./Core/Src/main.o
 .debug_macro   0x00000000000167a7       0x61 ./Core/Src/main.o
 .debug_macro   0x0000000000016808       0x24 ./Core/Src/main.o
 .debug_macro   0x000000000001682c       0x43 ./Core/Src/main.o
 .debug_macro   0x000000000001686f       0x34 ./Core/Src/main.o
 .debug_macro   0x00000000000168a3       0x16 ./Core/Src/main.o
 .debug_macro   0x00000000000168b9       0x35 ./Core/Src/main.o
 .debug_macro   0x00000000000168ee      0x369 ./Core/Src/main.o
 .debug_macro   0x0000000000016c57       0x10 ./Core/Src/main.o
 .debug_macro   0x0000000000016c67       0x16 ./Core/Src/main.o
 .debug_macro   0x0000000000016c7d       0x43 ./Core/Src/main.o
 .debug_macro   0x0000000000016cc0       0x34 ./Core/Src/main.o
 .debug_macro   0x0000000000016cf4       0x10 ./Core/Src/main.o
 .debug_macro   0x0000000000016d04       0x58 ./Core/Src/main.o
 .debug_macro   0x0000000000016d5c       0x8e ./Core/Src/main.o
 .debug_macro   0x0000000000016dea       0x1c ./Core/Src/main.o
 .debug_macro   0x0000000000016e06      0x177 ./Core/Src/main.o
 .debug_macro   0x0000000000016f7d       0x16 ./Core/Src/main.o
 .debug_macro   0x0000000000016f93       0x16 ./Core/Src/main.o
 .debug_macro   0x0000000000016fa9      0x147 ./Core/Src/main.o
 .debug_macro   0x00000000000170f0       0x16 ./Core/Src/main.o
 .debug_macro   0x0000000000017106       0x16 ./Core/Src/main.o
 .debug_macro   0x000000000001711c       0x29 ./Core/Src/main.o
 .debug_macro   0x0000000000017145       0x16 ./Core/Src/main.o
 .debug_macro   0x000000000001715b       0x20 ./Core/Src/main.o
 .debug_macro   0x000000000001717b       0x5f ./Core/Src/main.o
 .debug_macro   0x00000000000171da      0x1c8 ./Core/Src/main.o
 .debug_macro   0x00000000000173a2       0x8f ./Core/Src/main.o
 .debug_macro   0x0000000000017431       0x10 ./Core/Src/main.o
 .debug_macro   0x0000000000017441      0x1e1 ./Core/Src/stm32f1xx_hal_msp.o
 .debug_macro   0x0000000000017622      0x1eb ./Core/Src/stm32f1xx_it.o
 .debug_macro   0x000000000001780d      0x1d1 ./Core/Src/system_stm32f1xx.o
 .debug_macro   0x00000000000179de      0x1eb ./Core/Src/tim.o
 .debug_macro   0x0000000000017bc9      0x1f5 ./Drivers/STM32F1xx_HAL_Driver/Src/stm32f1xx_hal.o
 .debug_macro   0x0000000000017dbe      0x1ee ./Drivers/STM32F1xx_HAL_Driver/Src/stm32f1xx_hal_adc.o
 .debug_macro   0x0000000000017fac      0x1d1 ./Drivers/STM32F1xx_HAL_Driver/Src/stm32f1xx_hal_cortex.o
 .debug_macro   0x000000000001817d      0x23c ./Drivers/STM32F1xx_HAL_Driver/Src/stm32f1xx_hal_gpio.o
 .debug_macro   0x00000000000183b9      0x1dd ./Drivers/STM32F1xx_HAL_Driver/Src/stm32f1xx_hal_pcd.o
 .debug_macro   0x0000000000018596      0x1d1 ./Drivers/STM32F1xx_HAL_Driver/Src/stm32f1xx_hal_pcd_ex.o
 .debug_macro   0x0000000000018767      0x1e3 ./Drivers/STM32F1xx_HAL_Driver/Src/stm32f1xx_hal_rcc.o
 .debug_macro   0x000000000001894a      0x1d1 ./Drivers/STM32F1xx_HAL_Driver/Src/stm32f1xx_hal_rcc_ex.o
 .debug_macro   0x0000000000018b1b      0x1d2 ./Drivers/STM32F1xx_HAL_Driver/Src/stm32f1xx_hal_tim.o
 .debug_macro   0x0000000000018ced      0x1d1 ./Drivers/STM32F1xx_HAL_Driver/Src/stm32f1xx_hal_tim_ex.o
 .debug_macro   0x0000000000018ebe      0x1d1 ./Drivers/STM32F1xx_HAL_Driver/Src/stm32f1xx_ll_usb.o
 .debug_macro   0x000000000001908f      0x370 ./Middlewares/ST/STM32_USB_Device_Library/Class/CDC/Src/usbd_cdc.o
 .debug_macro   0x00000000000193ff       0x97 ./Middlewares/ST/STM32_USB_Device_Library/Class/CDC/Src/usbd_cdc.o
 .debug_macro   0x0000000000019496       0xfd ./Middlewares/ST/STM32_USB_Device_Library/Class/CDC/Src/usbd_cdc.o
 .debug_macro   0x0000000000019593       0x56 ./Middlewares/ST/STM32_USB_Device_Library/Class/CDC/Src/usbd_cdc.o
 .debug_macro   0x00000000000195e9      0x357 ./Middlewares/ST/STM32_USB_Device_Library/Core/Src/usbd_core.o
 .debug_macro   0x0000000000019940      0x1ce ./Middlewares/ST/STM32_USB_Device_Library/Core/Src/usbd_core.o
 .debug_macro   0x0000000000019b0e      0x361 ./Middlewares/ST/STM32_USB_Device_Library/Core/Src/usbd_ctlreq.o
 .debug_macro   0x0000000000019e6f      0x35d ./Middlewares/ST/STM32_USB_Device_Library/Core/Src/usbd_ioreq.o
 .debug_macro   0x000000000001a1cc      0x38f ./USB_DEVICE/App/usb_device.o
 .debug_macro   0x000000000001a55b       0x10 ./USB_DEVICE/App/usb_device.o
 .debug_macro   0x000000000001a56b       0x22 ./USB_DEVICE/App/usb_device.o
 .debug_macro   0x000000000001a58d       0x16 ./USB_DEVICE/App/usb_device.o
 .debug_macro   0x000000000001a5a3      0x37b ./USB_DEVICE/App/usbd_cdc_if.o
 .debug_macro   0x000000000001a91e      0x394 ./USB_DEVICE/App/usbd_desc.o
 .debug_macro   0x000000000001acb2       0x1c ./USB_DEVICE/App/usbd_desc.o
 .debug_macro   0x000000000001acce      0x373 ./USB_DEVICE/Target/usbd_conf.o

.debug_line     0x0000000000000000    0x17188
 .debug_line    0x0000000000000000      0x763 ./Core/Librerias/My_adc.o
 .debug_line    0x0000000000000763      0x7cc ./Core/Src/adc.o
 .debug_line    0x0000000000000f2f      0x76b ./Core/Src/gpio.o
 .debug_line    0x000000000000169a      0xc48 ./Core/Src/main.o
 .debug_line    0x00000000000022e2      0x75e ./Core/Src/stm32f1xx_hal_msp.o
 .debug_line    0x0000000000002a40      0x84f ./Core/Src/stm32f1xx_it.o
 .debug_line    0x000000000000328f      0x7db ./Core/Src/system_stm32f1xx.o
 .debug_line    0x0000000000003a6a      0x7ca ./Core/Src/tim.o
 .debug_line    0x0000000000004234       0x78 ./Core/Startup/startup_stm32f103c8tx.o
 .debug_line    0x00000000000042ac      0xa08 ./Drivers/STM32F1xx_HAL_Driver/Src/stm32f1xx_hal.o
 .debug_line    0x0000000000004cb4     0x1085 ./Drivers/STM32F1xx_HAL_Driver/Src/stm32f1xx_hal_adc.o
 .debug_line    0x0000000000005d39      0xbf0 ./Drivers/STM32F1xx_HAL_Driver/Src/stm32f1xx_hal_cortex.o
 .debug_line    0x0000000000006929      0xaa1 ./Drivers/STM32F1xx_HAL_Driver/Src/stm32f1xx_hal_gpio.o
 .debug_line    0x00000000000073ca     0x1436 ./Drivers/STM32F1xx_HAL_Driver/Src/stm32f1xx_hal_pcd.o
 .debug_line    0x0000000000008800      0x7d6 ./Drivers/STM32F1xx_HAL_Driver/Src/stm32f1xx_hal_pcd_ex.o
 .debug_line    0x0000000000008fd6      0xe11 ./Drivers/STM32F1xx_HAL_Driver/Src/stm32f1xx_hal_rcc.o
 .debug_line    0x0000000000009de7      0x94c ./Drivers/STM32F1xx_HAL_Driver/Src/stm32f1xx_hal_rcc_ex.o
 .debug_line    0x000000000000a733     0x34f4 ./Drivers/STM32F1xx_HAL_Driver/Src/stm32f1xx_hal_tim.o
 .debug_line    0x000000000000dc27     0x1967 ./Drivers/STM32F1xx_HAL_Driver/Src/stm32f1xx_hal_tim_ex.o
 .debug_line    0x000000000000f58e     0x10bd ./Drivers/STM32F1xx_HAL_Driver/Src/stm32f1xx_ll_usb.o
 .debug_line    0x000000000001064b      0xe57 ./Middlewares/ST/STM32_USB_Device_Library/Class/CDC/Src/usbd_cdc.o
 .debug_line    0x00000000000114a2      0xed3 ./Middlewares/ST/STM32_USB_Device_Library/Core/Src/usbd_core.o
 .debug_line    0x0000000000012375     0x1110 ./Middlewares/ST/STM32_USB_Device_Library/Core/Src/usbd_ctlreq.o
 .debug_line    0x0000000000013485      0xb69 ./Middlewares/ST/STM32_USB_Device_Library/Core/Src/usbd_ioreq.o
 .debug_line    0x0000000000013fee      0xb29 ./USB_DEVICE/App/usb_device.o
 .debug_line    0x0000000000014b17      0xb71 ./USB_DEVICE/App/usbd_cdc_if.o
 .debug_line    0x0000000000015688      0xbf2 ./USB_DEVICE/App/usbd_desc.o
 .debug_line    0x000000000001627a      0xf0e ./USB_DEVICE/Target/usbd_conf.o

.debug_str      0x0000000000000000    0x91a07
 .debug_str     0x0000000000000000    0x88d00 ./Core/Librerias/My_adc.o
                                      0x890a5 (size before relaxing)
 .debug_str     0x0000000000088d00      0x146 ./Core/Src/adc.o
                                      0x891a4 (size before relaxing)
 .debug_str     0x0000000000088e46       0x68 ./Core/Src/gpio.o
                                      0x88dff (size before relaxing)
 .debug_str     0x0000000000088eae     0x4ac0 ./Core/Src/main.o
                                      0x8db45 (size before relaxing)
 .debug_str     0x000000000008d96e       0x5a ./Core/Src/stm32f1xx_hal_msp.o
                                      0x88d87 (size before relaxing)
 .debug_str     0x000000000008d9c8      0x3f0 ./Core/Src/stm32f1xx_it.o
                                      0x895ed (size before relaxing)
 .debug_str     0x000000000008ddb8       0x7e ./Core/Src/system_stm32f1xx.o
                                      0x88da7 (size before relaxing)
 .debug_str     0x000000000008de36      0x3e6 ./Core/Src/tim.o
                                      0x896a8 (size before relaxing)
 .debug_str     0x000000000008e21c       0x34 ./Core/Startup/startup_stm32f103c8tx.o
                                         0xad (size before relaxing)
 .debug_str     0x000000000008e250      0x384 ./Drivers/STM32F1xx_HAL_Driver/Src/stm32f1xx_hal.o
                                      0x894da (size before relaxing)
 .debug_str     0x000000000008e5d4      0x366 ./Drivers/STM32F1xx_HAL_Driver/Src/stm32f1xx_hal_adc.o
                                      0x8948b (size before relaxing)
 .debug_str     0x000000000008e93a      0x26c ./Drivers/STM32F1xx_HAL_Driver/Src/stm32f1xx_hal_cortex.o
                                      0x89426 (size before relaxing)
 .debug_str     0x000000000008eba6      0x2e6 ./Drivers/STM32F1xx_HAL_Driver/Src/stm32f1xx_hal_gpio.o
                                      0x8912d (size before relaxing)
 .debug_str     0x000000000008ee8c      0x5bd ./Drivers/STM32F1xx_HAL_Driver/Src/stm32f1xx_hal_pcd.o
                                      0x896b9 (size before relaxing)
 .debug_str     0x000000000008f449      0x170 ./Drivers/STM32F1xx_HAL_Driver/Src/stm32f1xx_hal_pcd_ex.o
                                      0x8921b (size before relaxing)
 .debug_str     0x000000000008f5b9      0x229 ./Drivers/STM32F1xx_HAL_Driver/Src/stm32f1xx_hal_rcc.o
                                      0x891d6 (size before relaxing)
 .debug_str     0x000000000008f7e2       0x84 ./Drivers/STM32F1xx_HAL_Driver/Src/stm32f1xx_hal_rcc_ex.o
                                      0x88f26 (size before relaxing)
 .debug_str     0x000000000008f866      0xdb1 ./Drivers/STM32F1xx_HAL_Driver/Src/stm32f1xx_hal_tim.o
                                      0x8a1c8 (size before relaxing)
 .debug_str     0x0000000000090617      0x493 ./Drivers/STM32F1xx_HAL_Driver/Src/stm32f1xx_hal_tim_ex.o
                                      0x899e4 (size before relaxing)
 .debug_str     0x0000000000090aaa      0x129 ./Drivers/STM32F1xx_HAL_Driver/Src/stm32f1xx_ll_usb.o
                                      0x8926d (size before relaxing)
 .debug_str     0x0000000000090bd3      0x645 ./Middlewares/ST/STM32_USB_Device_Library/Class/CDC/Src/usbd_cdc.o
                                      0x8dca6 (size before relaxing)
 .debug_str     0x0000000000091218      0x281 ./Middlewares/ST/STM32_USB_Device_Library/Core/Src/usbd_core.o
                                      0x8d5e1 (size before relaxing)
 .debug_str     0x0000000000091499      0x120 ./Middlewares/ST/STM32_USB_Device_Library/Core/Src/usbd_ctlreq.o
                                      0x8d4fb (size before relaxing)
 .debug_str     0x00000000000915b9       0x51 ./Middlewares/ST/STM32_USB_Device_Library/Core/Src/usbd_ioreq.o
                                      0x8d428 (size before relaxing)
 .debug_str     0x000000000009160a       0xc6 ./USB_DEVICE/App/usb_device.o
                                      0x8d7b3 (size before relaxing)
 .debug_str     0x00000000000916d0       0x7d ./USB_DEVICE/App/usbd_cdc_if.o
                                      0x8d7d9 (size before relaxing)
 .debug_str     0x000000000009174d      0x24d ./USB_DEVICE/App/usbd_desc.o
                                      0x8d359 (size before relaxing)
 .debug_str     0x000000000009199a       0x6d ./USB_DEVICE/Target/usbd_conf.o
                                      0x8e233 (size before relaxing)

.debug_frame    0x0000000000000000     0x4558
 .debug_frame   0x0000000000000000       0x2c ./Core/Librerias/My_adc.o
 .debug_frame   0x000000000000002c       0x7c ./Core/Src/adc.o
 .debug_frame   0x00000000000000a8       0x34 ./Core/Src/gpio.o
 .debug_frame   0x00000000000000dc       0x8c ./Core/Src/main.o
 .debug_frame   0x0000000000000168       0x38 ./Core/Src/stm32f1xx_hal_msp.o
 .debug_frame   0x00000000000001a0      0x13c ./Core/Src/stm32f1xx_it.o
 .debug_frame   0x00000000000002dc       0x58 ./Core/Src/system_stm32f1xx.o
 .debug_frame   0x0000000000000334       0x7c ./Core/Src/tim.o
 .debug_frame   0x00000000000003b0      0x334 ./Drivers/STM32F1xx_HAL_Driver/Src/stm32f1xx_hal.o
 .debug_frame   0x00000000000006e4      0x40c ./Drivers/STM32F1xx_HAL_Driver/Src/stm32f1xx_hal_adc.o
 .debug_frame   0x0000000000000af0      0x428 ./Drivers/STM32F1xx_HAL_Driver/Src/stm32f1xx_hal_cortex.o
 .debug_frame   0x0000000000000f18      0x14c ./Drivers/STM32F1xx_HAL_Driver/Src/stm32f1xx_hal_gpio.o
 .debug_frame   0x0000000000001064      0x59c ./Drivers/STM32F1xx_HAL_Driver/Src/stm32f1xx_hal_pcd.o
 .debug_frame   0x0000000000001600       0xb0 ./Drivers/STM32F1xx_HAL_Driver/Src/stm32f1xx_hal_pcd_ex.o
 .debug_frame   0x00000000000016b0      0x218 ./Drivers/STM32F1xx_HAL_Driver/Src/stm32f1xx_hal_rcc.o
 .debug_frame   0x00000000000018c8       0x80 ./Drivers/STM32F1xx_HAL_Driver/Src/stm32f1xx_hal_rcc_ex.o
 .debug_frame   0x0000000000001948     0x11bc ./Drivers/STM32F1xx_HAL_Driver/Src/stm32f1xx_hal_tim.o
 .debug_frame   0x0000000000002b04      0x638 ./Drivers/STM32F1xx_HAL_Driver/Src/stm32f1xx_hal_tim_ex.o
 .debug_frame   0x000000000000313c      0x478 ./Drivers/STM32F1xx_HAL_Driver/Src/stm32f1xx_ll_usb.o
 .debug_frame   0x00000000000035b4      0x248 ./Middlewares/ST/STM32_USB_Device_Library/Class/CDC/Src/usbd_cdc.o
 .debug_frame   0x00000000000037fc      0x300 ./Middlewares/ST/STM32_USB_Device_Library/Core/Src/usbd_core.o
 .debug_frame   0x0000000000003afc      0x218 ./Middlewares/ST/STM32_USB_Device_Library/Core/Src/usbd_ctlreq.o
 .debug_frame   0x0000000000003d14      0x10c ./Middlewares/ST/STM32_USB_Device_Library/Core/Src/usbd_ioreq.o
 .debug_frame   0x0000000000003e20       0x2c ./USB_DEVICE/App/usb_device.o
 .debug_frame   0x0000000000003e4c       0xbc ./USB_DEVICE/App/usbd_cdc_if.o
 .debug_frame   0x0000000000003f08      0x160 ./USB_DEVICE/App/usbd_desc.o
 .debug_frame   0x0000000000004068      0x4a4 ./USB_DEVICE/Target/usbd_conf.o
 .debug_frame   0x000000000000450c       0x20 X:/ELECTRONICA/ST/STM32CubeIDE_1.13.1/STM32CubeIDE/plugins/com.st.stm32cube.ide.mcu.externaltools.gnu-tools-for-stm32.11.3.rel1.win32_1.1.1.202309131626/tools/bin/../lib/gcc/arm-none-eabi/11.3.1/../../../../arm-none-eabi/lib/thumb/v7-m/nofp\libc_nano.a(libc_a-memset.o)
 .debug_frame   0x000000000000452c       0x2c X:/ELECTRONICA/ST/STM32CubeIDE_1.13.1/STM32CubeIDE/plugins/com.st.stm32cube.ide.mcu.externaltools.gnu-tools-for-stm32.11.3.rel1.win32_1.1.1.202309131626/tools/bin/../lib/gcc/arm-none-eabi/11.3.1/../../../../arm-none-eabi/lib/thumb/v7-m/nofp\libc_nano.a(libc_a-init.o)
