../Core/Src/main.c:88:5:main	8	static
../Core/Src/main.c:160:6:SystemClock_Config	96	static
../Core/Src/main.c:206:13:MX_ADC1_Init	48	static
../Core/Src/main.c:272:13:MX_DAC2_Init	24	static
../Core/Src/main.c:312:13:MX_TIM6_Init	24	static
../Core/Src/main.c:350:13:MX_USART2_UART_Init	8	static
../Core/Src/main.c:384:13:MX_DMA_Init	16	static
../Core/Src/main.c:402:13:MX_GPIO_Init	48	static
../Core/Src/main.c:484:6:HAL_ADC_ConvCpltCallback	16	static
../Core/Src/main.c:496:9:digital_read	16	static
../Core/Src/main.c:510:6:digital_write	16	static
../Core/Src/main.c:526:6:HAL_TIM_PeriodElapsedCallback	16	static
../Core/Src/main.c:561:6:intArrayToString	32	static
../Core/Src/main.c:573:6:stream_send	40	static
../Core/Src/main.c:613:10:calcular_crc8	24	static
../Core/Src/main.c:646:6:HAL_UART_RxCpltCallback	16	static
../Core/Src/main.c:670:6:Error_Handler	4	static,ignoring_inline_asm
